<html>
<body>
<pre>
<h1>µVision Build Log</h1>
<h2>Tool Versions:</h2>
IDE-Version: µVision V5.28.0.0
Copyright (C) 2019 ARM Ltd and ARM Germany GmbH. All rights reserved.
License Information: Vu Hoang, bla, LIC=X96CK-Z6N8S-302NC-7E76A-2FW8B-PBIEU
 
Tool Versions:
Toolchain:       MDK-ARM Plus  Version: 5.28.0.0
Toolchain Path:  D:\KeilC v5\DATA\ARM\ARMCC\Bin
C Compiler:      Armcc.exe V5.06 update 6 (build 750)
Assembler:       Armasm.exe V5.06 update 6 (build 750)
Linker/Locator:  ArmLink.exe V5.06 update 6 (build 750)
Library Manager: ArmAr.exe V5.06 update 6 (build 750)
Hex Converter:   FromElf.exe V5.06 update 6 (build 750)
CPU DLL:         SARMCM3.DLL V5.28.0.0
Dialog DLL:      DCM.DLL V1.17.3.0
Target DLL:      STLink\ST-LINKIII-KEIL_SWO.dll V3.0.6.0
Dialog DLL:      TCM.DLL V1.36.2.0
 
<h2>Project:</h2>
D:\STM32F407\CubeMx project\Cafe machine - DWIN\MDK-ARM\Stepper_motor.uvprojx
Project File Date:  08/04/2023

<h2>Output:</h2>
*** Using Compiler 'V5.06 update 6 (build 750)', folder: 'D:\KeilC v5\DATA\ARM\ARMCC\Bin'
Build target 'Stepper_motor'
compiling main.c...
../Core/Src/main.c(270): warning:  #1035-D: single-precision operand implicitly converted to double-precision
  	I_part = 0.5 * Ki * T_sample * (error + Pre_error);
../Core/Src/main.c(271): warning:  #1035-D: single-precision operand implicitly converted to double-precision
  	D_part = (Kd/T_sample)*(error - Pre_error);
../Core/Src/main.c(290): warning:  #1035-D: single-precision operand implicitly converted to double-precision
  	I_part_coi = 0.5 * Ki1 * T_sample * (error_coi + Pre_error_coi);
../Core/Src/main.c(291): warning:  #1035-D: single-precision operand implicitly converted to double-precision
  	D_part_coi = (Kd1/T_sample)*(error_coi - Pre_error_coi);
../Core/Src/main.c(297): warning:  #1035-D: single-precision operand implicitly converted to double-precision
  	if (Output_coi>=10000.0) Output_coi=9500;	
../Core/Src/main.c(298): warning:  #1035-D: single-precision operand implicitly converted to double-precision
  	if (Output_coi<0.0)  Output_coi=0;	
../Core/Src/main.c(591): warning:  #1035-D: single-precision operand implicitly converted to double-precision
  	P_bar = (Sum_P/size_filter)*10.0;
../Core/Src/main.c(604): warning:  #1035-D: single-precision operand implicitly converted to double-precision
  			Ntc_temp_coi = (1.0/(A + B*Ntc_Ln_coi + D*Ntc_Ln_coi*Ntc_Ln_coi*Ntc_Ln_coi)) - 273.5;
../Core/Src/main.c(631): warning:  #1035-D: single-precision operand implicitly converted to double-precision
  			Ntc_temp = (1.0/(A + B*Ntc_Ln + D*Ntc_Ln*Ntc_Ln*Ntc_Ln)) - 273.5;
../Core/Src/main.c(1444): warning:  #1035-D: single-precision operand implicitly converted to double-precision
  			Flow_final = Flow*100.668/200.0; // ml/s
../Core/Src/main.c: 10 warnings, 0 errors
linking...
Program Size: Code=26438 RO-data=658 RW-data=400 ZI-data=3256  
FromELF: creating hex file...
"Stepper_motor\Stepper_motor.axf" - 0 Error(s), 10 Warning(s).

<h2>Software Packages used:</h2>

Package Vendor: ARM
                http://www.keil.com/pack/ARM.CMSIS.5.8.0.pack
                ARM.CMSIS.5.8.0
                CMSIS (Common Microcontroller Software Interface Standard)
   * Component: CORE Version: 5.5.0

Package Vendor: Keil
                http://www.keil.com/pack/Keil.STM32F4xx_DFP.2.16.0.pack
                Keil.STM32F4xx_DFP.2.16.0
                STMicroelectronics STM32F4 Series Device Support, Drivers and Examples

<h2>Collection of Component include folders:</h2>
  .\RTE\_Stepper_motor
  D:\KeilC v5\DATA\ARM\CMSIS\5.8.0\CMSIS\Core\Include
  D:\KeilC v5\DATA\Keil\STM32F4xx_DFP\2.16.0\Drivers\CMSIS\Device\ST\STM32F4xx\Include

<h2>Collection of Component Files used:</h2>

   * Component: ARM::CMSIS:CORE:5.5.0
Build Time Elapsed:  00:00:03
</pre>
</body>
</html>
