Component: ARM Compiler 5.06 update 6 (build 750) Tool: armlink [4d35ed]

==============================================================================

Section Cross References

    startup_stm32f407xx.o(STACK) refers (Special) to heapauxi.o(.text) for __use_two_region_memory
    startup_stm32f407xx.o(HEAP) refers (Special) to heapauxi.o(.text) for __use_two_region_memory
    startup_stm32f407xx.o(RESET) refers (Special) to heapauxi.o(.text) for __use_two_region_memory
    startup_stm32f407xx.o(RESET) refers to startup_stm32f407xx.o(STACK) for __initial_sp
    startup_stm32f407xx.o(RESET) refers to startup_stm32f407xx.o(.text) for Reset_Handler
    startup_stm32f407xx.o(RESET) refers to stm32f4xx_it.o(i.NMI_Handler) for NMI_Handler
    startup_stm32f407xx.o(RESET) refers to stm32f4xx_it.o(i.HardFault_Handler) for HardFault_Handler
    startup_stm32f407xx.o(RESET) refers to stm32f4xx_it.o(i.MemManage_Handler) for MemManage_Handler
    startup_stm32f407xx.o(RESET) refers to stm32f4xx_it.o(i.BusFault_Handler) for BusFault_Handler
    startup_stm32f407xx.o(RESET) refers to stm32f4xx_it.o(i.UsageFault_Handler) for UsageFault_Handler
    startup_stm32f407xx.o(RESET) refers to stm32f4xx_it.o(i.SVC_Handler) for SVC_Handler
    startup_stm32f407xx.o(RESET) refers to stm32f4xx_it.o(i.DebugMon_Handler) for DebugMon_Handler
    startup_stm32f407xx.o(RESET) refers to stm32f4xx_it.o(i.PendSV_Handler) for PendSV_Handler
    startup_stm32f407xx.o(RESET) refers to stm32f4xx_it.o(i.SysTick_Handler) for SysTick_Handler
    startup_stm32f407xx.o(RESET) refers to stm32f4xx_it.o(i.DMA1_Stream0_IRQHandler) for DMA1_Stream0_IRQHandler
    startup_stm32f407xx.o(RESET) refers to stm32f4xx_it.o(i.EXTI9_5_IRQHandler) for EXTI9_5_IRQHandler
    startup_stm32f407xx.o(RESET) refers to stm32f4xx_it.o(i.TIM2_IRQHandler) for TIM2_IRQHandler
    startup_stm32f407xx.o(RESET) refers to stm32f4xx_it.o(i.TIM4_IRQHandler) for TIM4_IRQHandler
    startup_stm32f407xx.o(RESET) refers to stm32f4xx_it.o(i.DMA1_Stream7_IRQHandler) for DMA1_Stream7_IRQHandler
    startup_stm32f407xx.o(RESET) refers to stm32f4xx_it.o(i.TIM5_IRQHandler) for TIM5_IRQHandler
    startup_stm32f407xx.o(RESET) refers to stm32f4xx_it.o(i.UART5_IRQHandler) for UART5_IRQHandler
    startup_stm32f407xx.o(RESET) refers to stm32f4xx_it.o(i.TIM6_DAC_IRQHandler) for TIM6_DAC_IRQHandler
    startup_stm32f407xx.o(RESET) refers to stm32f4xx_it.o(i.DMA2_Stream0_IRQHandler) for DMA2_Stream0_IRQHandler
    startup_stm32f407xx.o(.text) refers (Special) to heapauxi.o(.text) for __use_two_region_memory
    startup_stm32f407xx.o(.text) refers to system_stm32f4xx.o(i.SystemInit) for SystemInit
    startup_stm32f407xx.o(.text) refers to __main.o(!!!main) for __main
    startup_stm32f407xx.o(.text) refers to startup_stm32f407xx.o(HEAP) for Heap_Mem
    startup_stm32f407xx.o(.text) refers to startup_stm32f407xx.o(STACK) for Stack_Mem
    flash_sector_f4.o(i.Convert_To_Str) refers to strlen.o(.text) for strlen
    flash_sector_f4.o(i.Flash_Read_NUM) refers to flash_sector_f4.o(i.Flash_Read_Data) for Flash_Read_Data
    flash_sector_f4.o(i.Flash_Read_NUM) refers to flash_sector_f4.o(i.Bytes2float) for Bytes2float
    flash_sector_f4.o(i.Flash_Write_Data) refers to stm32f4xx_hal_flash.o(i.HAL_FLASH_Unlock) for HAL_FLASH_Unlock
    flash_sector_f4.o(i.Flash_Write_Data) refers to flash_sector_f4.o(i.GetSector) for GetSector
    flash_sector_f4.o(i.Flash_Write_Data) refers to stm32f4xx_hal_flash_ex.o(i.HAL_FLASHEx_Erase) for HAL_FLASHEx_Erase
    flash_sector_f4.o(i.Flash_Write_Data) refers to stm32f4xx_hal_flash.o(i.HAL_FLASH_Program) for HAL_FLASH_Program
    flash_sector_f4.o(i.Flash_Write_Data) refers to stm32f4xx_hal_flash.o(i.HAL_FLASH_GetError) for HAL_FLASH_GetError
    flash_sector_f4.o(i.Flash_Write_Data) refers to stm32f4xx_hal_flash.o(i.HAL_FLASH_Lock) for HAL_FLASH_Lock
    flash_sector_f4.o(i.Flash_Write_Data) refers to flash_sector_f4.o(.bss) for .bss
    flash_sector_f4.o(i.Flash_Write_NUM) refers to flash_sector_f4.o(i.float2Bytes) for float2Bytes
    flash_sector_f4.o(i.Flash_Write_NUM) refers to flash_sector_f4.o(i.Flash_Write_Data) for Flash_Write_Data
    flash_sector_f4.o(i.Flash_Write_NUM) refers to flash_sector_f4.o(.data) for .data
    main.o(i.Debug) refers to stm32f4xx_hal_gpio.o(i.HAL_GPIO_WritePin) for HAL_GPIO_WritePin
    main.o(i.Debug) refers to main.o(.data) for .data
    main.o(i.HAL_TIM_PeriodElapsedCallback) refers to f2d.o(x$fpl$f2d) for __aeabi_f2d
    main.o(i.HAL_TIM_PeriodElapsedCallback) refers to dmul.o(x$fpl$dmul) for __aeabi_dmul
    main.o(i.HAL_TIM_PeriodElapsedCallback) refers to ddiv.o(x$fpl$ddiv) for __aeabi_ddiv
    main.o(i.HAL_TIM_PeriodElapsedCallback) refers to d2f.o(x$fpl$d2f) for __aeabi_d2f
    main.o(i.HAL_TIM_PeriodElapsedCallback) refers to stm32f4xx_hal_adc.o(i.HAL_ADC_Start_DMA) for HAL_ADC_Start_DMA
[...]
    $v0                                      0x08005e58   Number         0  dcmpi.o(x$fpl$dcmpinf)
    x$fpl$ddiv                               0x08005e70   Section      688  ddiv.o(x$fpl$ddiv)
    $v0                                      0x08005e70   Number         0  ddiv.o(x$fpl$ddiv)
    ddiv_entry                               0x08005e77   Thumb Code     0  ddiv.o(x$fpl$ddiv)
    x$fpl$deqf                               0x08006120   Section      120  deqf.o(x$fpl$deqf)
    $v0                                      0x08006120   Number         0  deqf.o(x$fpl$deqf)
    x$fpl$dfix                               0x08006198   Section       94  dfix.o(x$fpl$dfix)
    $v0                                      0x08006198   Number         0  dfix.o(x$fpl$dfix)
    x$fpl$dflt                               0x080061f6   Section       46  dflt_clz.o(x$fpl$dflt)
    $v0                                      0x080061f6   Number         0  dflt_clz.o(x$fpl$dflt)
    x$fpl$dfltu                              0x08006224   Section       38  dflt_clz.o(x$fpl$dfltu)
    $v0                                      0x08006224   Number         0  dflt_clz.o(x$fpl$dfltu)
    x$fpl$dleqf                              0x0800624c   Section      120  dleqf.o(x$fpl$dleqf)
    $v0                                      0x0800624c   Number         0  dleqf.o(x$fpl$dleqf)
    x$fpl$dmul                               0x080062c4   Section      340  dmul.o(x$fpl$dmul)
    $v0                                      0x080062c4   Number         0  dmul.o(x$fpl$dmul)
    x$fpl$dnaninf                            0x08006418   Section      156  dnaninf.o(x$fpl$dnaninf)
    $v0                                      0x08006418   Number         0  dnaninf.o(x$fpl$dnaninf)
    x$fpl$dretinf                            0x080064b4   Section       12  dretinf.o(x$fpl$dretinf)
    $v0                                      0x080064b4   Number         0  dretinf.o(x$fpl$dretinf)
    x$fpl$drleqf                             0x080064c0   Section      108  drleqf.o(x$fpl$drleqf)
    $v0                                      0x080064c0   Number         0  drleqf.o(x$fpl$drleqf)
    x$fpl$drsb                               0x0800652c   Section       22  daddsub_clz.o(x$fpl$drsb)
    $v0                                      0x0800652c   Number         0  daddsub_clz.o(x$fpl$drsb)
    x$fpl$dsqrt                              0x08006544   Section      408  dsqrt_umaal.o(x$fpl$dsqrt)
    $v0                                      0x08006544   Number         0  dsqrt_umaal.o(x$fpl$dsqrt)
    x$fpl$dsub                               0x080066dc   Section      468  daddsub_clz.o(x$fpl$dsub)
    $v0                                      0x080066dc   Number         0  daddsub_clz.o(x$fpl$dsub)
    _dsub1                                   0x080066ed   Thumb Code     0  daddsub_clz.o(x$fpl$dsub)
    x$fpl$f2d                                0x080068b0   Section       86  f2d.o(x$fpl$f2d)
    $v0                                      0x080068b0   Number         0  f2d.o(x$fpl$f2d)
    x$fpl$fnaninf                            0x08006906   Section      140  fnaninf.o(x$fpl$fnaninf)
    $v0                                      0x08006906   Number         0  fnaninf.o(x$fpl$fnaninf)
    x$fpl$fpinit                             0x08006992   Section       10  fpinit.o(x$fpl$fpinit)
    $v0                                      0x08006992   Number         0  fpinit.o(x$fpl$fpinit)
    x$fpl$fretinf                            0x0800699c   Section       10  fretinf.o(x$fpl$fretinf)
    $v0                                      0x0800699c   Number         0  fretinf.o(x$fpl$fretinf)
    x$fpl$retnan                             0x080069a6   Section      100  retnan.o(x$fpl$retnan)
    $v0                                      0x080069a6   Number         0  retnan.o(x$fpl$retnan)
    x$fpl$scalbn                             0x08006a0a   Section       92  scalbn.o(x$fpl$scalbn)
    $v0                                      0x08006a0a   Number         0  scalbn.o(x$fpl$scalbn)
    x$fpl$trapveneer                         0x08006a66   Section       48  trapv.o(x$fpl$trapveneer)
    $v0                                      0x08006a66   Number         0  trapv.o(x$fpl$trapveneer)
    .constdata                               0x08006a96   Section        8  stm32f4xx_hal_dma.o(.constdata)
    x$fpl$usenofp                            0x08006a96   Section        0  usenofp.o(x$fpl$usenofp)
    flagBitshiftOffset                       0x08006a96   Data           8  stm32f4xx_hal_dma.o(.constdata)
    .constdata                               0x08006a9e   Section       16  system_stm32f4xx.o(.constdata)
    .constdata                               0x08006aae   Section        8  system_stm32f4xx.o(.constdata)
    .constdata                               0x08006ab8   Section       56  log.o(.constdata)
    Lg2                                      0x08006ab8   Data          24  log.o(.constdata)
    Lg                                       0x08006ad0   Data          32  log.o(.constdata)
    .constdata                               0x08006af0   Section      136  pow.o(.constdata)
    bp                                       0x08006af0   Data          16  pow.o(.constdata)
    dp_h                                     0x08006b00   Data          16  pow.o(.constdata)
    dp_l                                     0x08006b10   Data          16  pow.o(.constdata)
    L                                        0x08006b20   Data          48  pow.o(.constdata)
    P                                        0x08006b50   Data          40  pow.o(.constdata)
    .constdata                               0x08006b78   Section        8  qnan.o(.constdata)
    .data                                    0x20000000   Section      430  main.o(.data)
    .data                                    0x200001b0   Section       12  stm32f4xx_hal.o(.data)
    .data                                    0x200001bc   Section        4  system_stm32f4xx.o(.data)
    .bss                                     0x200001c0   Section     1302  main.o(.bss)
    .bss                                     0x200006d8   Section       96  main.o(.bss)
    .bss                                     0x20000738   Section       96  main.o(.bss)
    .bss                                     0x20000798   Section       96  main.o(.bss)
    .bss                                     0x200007f8   Section       32  stm32f4xx_hal_flash.o(.bss)
    .bss                                     0x20000818   Section       96  libspace.o(.bss)
    HEAP                                     0x20000878   Section      512  startup_stm32f407xx.o(HEAP)
    Heap_Mem                                 0x20000878   Data         512  startup_stm32f407xx.o(HEAP)
    STACK                                    0x20000a78   Section     1024  startup_stm32f407xx.o(STACK)
    Stack_Mem                                0x20000a78   Data        1024  startup_stm32f407xx.o(STACK)
    __initial_sp                             0x20000e78   Data           0  startup_stm32f407xx.o(STACK)

    Global Symbols

    Symbol Name                              Value     Ov Type        Size  Object(Section)

    BuildAttributes$$THM_ISAv4$E$P$D$K$B$S$7EM$VFPi3$EXTD16$VFPS$VFMA$PE$A:L22UL41UL21$X:L11$S22US41US21$IEEE1$IW$USESV6$~STKCKD$USESV7$~SHL$OTIME$ROPI$IEEEX$EBA8$UX$STANDARDLIB$REQ8$PRES8$EABIv2 0x00000000   Number         0  anon$$obj.o ABSOLUTE
    __ARM_use_no_argv                        0x00000000   Number         0  main.o ABSOLUTE
    __ARM_exceptions_init                     - Undefined Weak Reference
    __alloca_initialize                       - Undefined Weak Reference
    __arm_preinit_                            - Undefined Weak Reference
    __cpp_initialize__aeabi_                  - Undefined Weak Reference
    __cxa_finalize                            - Undefined Weak Reference
    __rt_locale                               - Undefined Weak Reference
    __sigvec_lookup                           - Undefined Weak Reference
    _atexit_init                              - Undefined Weak Reference
    _call_atexit_fns                          - Undefined Weak Reference
    _clock_init                               - Undefined Weak Reference
    _fp_trap_init                             - Undefined Weak Reference
    _fp_trap_shutdown                         - Undefined Weak Reference
    _get_lc_collate                           - Undefined Weak Reference
    _get_lc_ctype                             - Undefined Weak Reference
    _get_lc_monetary                          - Undefined Weak Reference
    _get_lc_numeric                           - Undefined Weak Reference
    _get_lc_time                              - Undefined Weak Reference
    _getenv_init                              - Undefined Weak Reference
    _handle_redirection                       - Undefined Weak Reference
    _init_alloc                               - Undefined Weak Reference
    _init_user_alloc                          - Undefined Weak Reference
    _initio                                   - Undefined Weak Reference
    _rand_init                                - Undefined Weak Reference
    _signal_finish                            - Undefined Weak Reference
    _signal_init                              - Undefined Weak Reference
    _terminate_alloc                          - Undefined Weak Reference
    _terminate_user_alloc                     - Undefined Weak Reference
    _terminateio                              - Undefined Weak Reference
    __Vectors_Size                           0x00000188   Number         0  startup_stm32f407xx.o ABSOLUTE
    __Vectors                                0x08000000   Data           4  startup_stm32f407xx.o(RESET)
    __Vectors_End                            0x08000188   Data           0  startup_stm32f407xx.o(RESET)
    __main                                   0x08000189   Thumb Code     8  __main.o(!!!main)
    __scatterload                            0x08000191   Thumb Code     0  __scatter.o(!!!scatter)
    __scatterload_rt2                        0x08000191   Thumb Code    44  __scatter.o(!!!scatter)
    __scatterload_rt2_thumb_only             0x08000191   Thumb Code     0  __scatter.o(!!!scatter)
    __scatterload_null                       0x0800019f   Thumb Code     0  __scatter.o(!!!scatter)
    __decompress                             0x080001c5   Thumb Code    90  __dczerorl2.o(!!dczerorl2)
    __decompress1                            0x080001c5   Thumb Code     0  __dczerorl2.o(!!dczerorl2)
    __scatterload_zeroinit                   0x08000221   Thumb Code    28  __scatter_zi.o(!!handler_zi)
    __rt_lib_init                            0x0800023d   Thumb Code     0  libinit.o(.ARM.Collect$$libinit$$00000000)
    __rt_lib_init_fp_1                       0x0800023f   Thumb Code     0  libinit2.o(.ARM.Collect$$libinit$$00000001)
    __rt_lib_init_alloca_1                   0x08000243   Thumb Code     0  libinit2.o(.ARM.Collect$$libinit$$0000002E)
    __rt_lib_init_argv_1                     0x08000243   Thumb Code     0  libinit2.o(.ARM.Collect$$libinit$$0000002C)
    __rt_lib_init_atexit_1                   0x08000243   Thumb Code     0  libinit2.o(.ARM.Collect$$libinit$$0000001B)
    __rt_lib_init_clock_1                    0x08000243   Thumb Code     0  libinit2.o(.ARM.Collect$$libinit$$00000021)
    __rt_lib_init_cpp_1                      0x08000243   Thumb Code     0  libinit2.o(.ARM.Collect$$libinit$$00000032)
    __rt_lib_init_exceptions_1               0x08000243   Thumb Code     0  libinit2.o(.ARM.Collect$$libinit$$00000030)
    __rt_lib_init_fp_trap_1                  0x08000243   Thumb Code     0  libinit2.o(.ARM.Collect$$libinit$$0000001F)
    __rt_lib_init_getenv_1                   0x08000243   Thumb Code     0  libinit2.o(.ARM.Collect$$libinit$$00000023)
    __rt_lib_init_heap_1                     0x08000243   Thumb Code     0  libinit2.o(.ARM.Collect$$libinit$$0000000A)
    __rt_lib_init_lc_collate_1               0x08000243   Thumb Code     0  libinit2.o(.ARM.Collect$$libinit$$00000011)
    __rt_lib_init_lc_ctype_1                 0x08000243   Thumb Code     0  libinit2.o(.ARM.Collect$$libinit$$00000013)
    __rt_lib_init_lc_monetary_1              0x08000243   Thumb Code     0  libinit2.o(.ARM.Collect$$libinit$$00000015)
    __rt_lib_init_lc_numeric_1               0x08000243   Thumb Code     0  libinit2.o(.ARM.Collect$$libinit$$00000017)
    __rt_lib_init_lc_time_1                  0x08000243   Thumb Code     0  libinit2.o(.ARM.Collect$$libinit$$00000019)
    __rt_lib_init_preinit_1                  0x08000243   Thumb Code     0  libinit2.o(.ARM.Collect$$libinit$$00000004)
    __rt_lib_init_rand_1                     0x08000243   Thumb Code     0  libinit2.o(.ARM.Collect$$libinit$$0000000E)
    __rt_lib_init_return                     0x08000243   Thumb Code     0  libinit2.o(.ARM.Collect$$libinit$$00000033)
    __rt_lib_init_signal_1                   0x08000243   Thumb Code     0  libinit2.o(.ARM.Collect$$libinit$$0000001D)
    __rt_lib_init_stdio_1                    0x08000243   Thumb Code     0  libinit2.o(.ARM.Collect$$libinit$$00000025)
    __rt_lib_init_user_alloc_1               0x08000243   Thumb Code     0  libinit2.o(.ARM.Collect$$libinit$$0000000C)
    __rt_lib_shutdown                        0x08000245   Thumb Code     0  libshutdown.o(.ARM.Collect$$libshutdown$$00000000)
    __rt_lib_shutdown_cpp_1                  0x08000247   Thumb Code     0  libshutdown2.o(.ARM.Collect$$libshutdown$$00000002)
    __rt_lib_shutdown_fp_trap_1              0x08000247   Thumb Code     0  libshutdown2.o(.ARM.Collect$$libshutdown$$00000007)
    __rt_lib_shutdown_heap_1                 0x08000247   Thumb Code     0  libshutdown2.o(.ARM.Collect$$libshutdown$$0000000F)
    __rt_lib_shutdown_return                 0x08000247   Thumb Code     0  libshutdown2.o(.ARM.Collect$$libshutdown$$00000010)
    __rt_lib_shutdown_signal_1               0x08000247   Thumb Code     0  libshutdown2.o(.ARM.Collect$$libshutdown$$0000000A)
    __rt_lib_shutdown_stdio_1                0x08000247   Thumb Code     0  libshutdown2.o(.ARM.Collect$$libshutdown$$00000004)
    __rt_lib_shutdown_user_alloc_1           0x08000247   Thumb Code     0  libshutdown2.o(.ARM.Collect$$libshutdown$$0000000C)
    __rt_entry                               0x08000249   Thumb Code     0  __rtentry.o(.ARM.Collect$$rtentry$$00000000)
    __rt_entry_presh_1                       0x08000249   Thumb Code     0  __rtentry2.o(.ARM.Collect$$rtentry$$00000002)
    __rt_entry_sh                            0x08000249   Thumb Code     0  __rtentry4.o(.ARM.Collect$$rtentry$$00000004)
    __rt_entry_li                            0x0800024f   Thumb Code     0  __rtentry2.o(.ARM.Collect$$rtentry$$0000000A)
    __rt_entry_postsh_1                      0x0800024f   Thumb Code     0  __rtentry2.o(.ARM.Collect$$rtentry$$00000009)
    __rt_entry_main                          0x08000253   Thumb Code     0  __rtentry2.o(.ARM.Collect$$rtentry$$0000000D)
    __rt_entry_postli_1                      0x08000253   Thumb Code     0  __rtentry2.o(.ARM.Collect$$rtentry$$0000000C)
    __rt_exit                                0x0800025b   Thumb Code     0  rtexit.o(.ARM.Collect$$rtexit$$00000000)
    __rt_exit_ls                             0x0800025d   Thumb Code     0  rtexit2.o(.ARM.Collect$$rtexit$$00000003)
    __rt_exit_prels_1                        0x0800025d   Thumb Code     0  rtexit2.o(.ARM.Collect$$rtexit$$00000002)
    __rt_exit_exit                           0x08000261   Thumb Code     0  rtexit2.o(.ARM.Collect$$rtexit$$00000004)
    Reset_Handler                            0x08000269   Thumb Code     8  startup_stm32f407xx.o(.text)
    ADC_IRQHandler                           0x08000283   Thumb Code     0  startup_stm32f407xx.o(.text)
    CAN1_RX0_IRQHandler                      0x08000283   Thumb Code     0  startup_stm32f407xx.o(.text)
    CAN1_RX1_IRQHandler                      0x08000283   Thumb Code     0  startup_stm32f407xx.o(.text)
    CAN1_SCE_IRQHandler                      0x08000283   Thumb Code     0  startup_stm32f407xx.o(.text)
    CAN1_TX_IRQHandler                       0x08000283   Thumb Code     0  startup_stm32f407xx.o(.text)
    CAN2_RX0_IRQHandler                      0x08000283   Thumb Code     0  startup_stm32f407xx.o(.text)
    CAN2_RX1_IRQHandler                      0x08000283   Thumb Code     0  startup_stm32f407xx.o(.text)
    CAN2_SCE_IRQHandler                      0x08000283   Thumb Code     0  startup_stm32f407xx.o(.text)
    CAN2_TX_IRQHandler                       0x08000283   Thumb Code     0  startup_stm32f407xx.o(.text)
    DCMI_IRQHandler                          0x08000283   Thumb Code     0  startup_stm32f407xx.o(.text)
    DMA1_Stream1_IRQHandler                  0x08000283   Thumb Code     0  startup_stm32f407xx.o(.text)
    DMA1_Stream2_IRQHandler                  0x08000283   Thumb Code     0  startup_stm32f407xx.o(.text)
    DMA1_Stream3_IRQHandler                  0x08000283   Thumb Code     0  startup_stm32f407xx.o(.text)
    DMA1_Stream4_IRQHandler                  0x08000283   Thumb Code     0  startup_stm32f407xx.o(.text)
    DMA1_Stream5_IRQHandler                  0x08000283   Thumb Code     0  startup_stm32f407xx.o(.text)
    DMA1_Stream6_IRQHandler                  0x08000283   Thumb Code     0  startup_stm32f407xx.o(.text)
    DMA2_Stream1_IRQHandler                  0x08000283   Thumb Code     0  startup_stm32f407xx.o(.text)
    DMA2_Stream2_IRQHandler                  0x08000283   Thumb Code     0  startup_stm32f407xx.o(.text)
    DMA2_Stream3_IRQHandler                  0x08000283   Thumb Code     0  startup_stm32f407xx.o(.text)
    DMA2_Stream4_IRQHandler                  0x08000283   Thumb Code     0  startup_stm32f407xx.o(.text)
    DMA2_Stream5_IRQHandler                  0x08000283   Thumb Code     0  startup_stm32f407xx.o(.text)
    DMA2_Stream6_IRQHandler                  0x08000283   Thumb Code     0  startup_stm32f407xx.o(.text)
    DMA2_Stream7_IRQHandler                  0x08000283   Thumb Code     0  startup_stm32f407xx.o(.text)
    ETH_IRQHandler                           0x08000283   Thumb Code     0  startup_stm32f407xx.o(.text)
    ETH_WKUP_IRQHandler                      0x08000283   Thumb Code     0  startup_stm32f407xx.o(.text)
    EXTI0_IRQHandler                         0x08000283   Thumb Code     0  startup_stm32f407xx.o(.text)
    EXTI15_10_IRQHandler                     0x08000283   Thumb Code     0  startup_stm32f407xx.o(.text)
    EXTI1_IRQHandler                         0x08000283   Thumb Code     0  startup_stm32f407xx.o(.text)
    EXTI2_IRQHandler                         0x08000283   Thumb Code     0  startup_stm32f407xx.o(.text)
    EXTI3_IRQHandler                         0x08000283   Thumb Code     0  startup_stm32f407xx.o(.text)
    EXTI4_IRQHandler                         0x08000283   Thumb Code     0  startup_stm32f407xx.o(.text)
    FLASH_IRQHandler                         0x08000283   Thumb Code     0  startup_stm32f407xx.o(.text)
    FMC_IRQHandler                           0x08000283   Thumb Code     0  startup_stm32f407xx.o(.text)
    FPU_IRQHandler                           0x08000283   Thumb Code     0  startup_stm32f407xx.o(.text)
    HASH_RNG_IRQHandler                      0x08000283   Thumb Code     0  startup_stm32f407xx.o(.text)
    I2C1_ER_IRQHandler                       0x08000283   Thumb Code     0  startup_stm32f407xx.o(.text)
    I2C1_EV_IRQHandler                       0x08000283   Thumb Code     0  startup_stm32f407xx.o(.text)
    I2C2_ER_IRQHandler                       0x08000283   Thumb Code     0  startup_stm32f407xx.o(.text)
    I2C2_EV_IRQHandler                       0x08000283   Thumb Code     0  startup_stm32f407xx.o(.text)
    I2C3_ER_IRQHandler                       0x08000283   Thumb Code     0  startup_stm32f407xx.o(.text)
    I2C3_EV_IRQHandler                       0x08000283   Thumb Code     0  startup_stm32f407xx.o(.text)
    OTG_FS_IRQHandler                        0x08000283   Thumb Code     0  startup_stm32f407xx.o(.text)
    OTG_FS_WKUP_IRQHandler                   0x08000283   Thumb Code     0  startup_stm32f407xx.o(.text)
    OTG_HS_EP1_IN_IRQHandler                 0x08000283   Thumb Code     0  startup_stm32f407xx.o(.text)
    OTG_HS_EP1_OUT_IRQHandler                0x08000283   Thumb Code     0  startup_stm32f407xx.o(.text)
    OTG_HS_IRQHandler                        0x08000283   Thumb Code     0  startup_stm32f407xx.o(.text)
    OTG_HS_WKUP_IRQHandler                   0x08000283   Thumb Code     0  startup_stm32f407xx.o(.text)
    PVD_IRQHandler                           0x08000283   Thumb Code     0  startup_stm32f407xx.o(.text)
    RCC_IRQHandler                           0x08000283   Thumb Code     0  startup_stm32f407xx.o(.text)
    RTC_Alarm_IRQHandler                     0x08000283   Thumb Code     0  startup_stm32f407xx.o(.text)
    RTC_WKUP_IRQHandler                      0x08000283   Thumb Code     0  startup_stm32f407xx.o(.text)
    SDIO_IRQHandler                          0x08000283   Thumb Code     0  startup_stm32f407xx.o(.text)
    SPI1_IRQHandler                          0x08000283   Thumb Code     0  startup_stm32f407xx.o(.text)
    SPI2_IRQHandler                          0x08000283   Thumb Code     0  startup_stm32f407xx.o(.text)
    SPI3_IRQHandler                          0x08000283   Thumb Code     0  startup_stm32f407xx.o(.text)
    TAMP_STAMP_IRQHandler                    0x08000283   Thumb Code     0  startup_stm32f407xx.o(.text)
    TIM1_BRK_TIM9_IRQHandler                 0x08000283   Thumb Code     0  startup_stm32f407xx.o(.text)
    TIM1_CC_IRQHandler                       0x08000283   Thumb Code     0  startup_stm32f407xx.o(.text)
    TIM1_TRG_COM_TIM11_IRQHandler            0x08000283   Thumb Code     0  startup_stm32f407xx.o(.text)
    TIM1_UP_TIM10_IRQHandler                 0x08000283   Thumb Code     0  startup_stm32f407xx.o(.text)
    TIM3_IRQHandler                          0x08000283   Thumb Code     0  startup_stm32f407xx.o(.text)
    TIM7_IRQHandler                          0x08000283   Thumb Code     0  startup_stm32f407xx.o(.text)
    TIM8_BRK_TIM12_IRQHandler                0x08000283   Thumb Code     0  startup_stm32f407xx.o(.text)
    TIM8_CC_IRQHandler                       0x08000283   Thumb Code     0  startup_stm32f407xx.o(.text)
    TIM8_TRG_COM_TIM14_IRQHandler            0x08000283   Thumb Code     0  startup_stm32f407xx.o(.text)
    TIM8_UP_TIM13_IRQHandler                 0x08000283   Thumb Code     0  startup_stm32f407xx.o(.text)
    UART4_IRQHandler                         0x08000283   Thumb Code     0  startup_stm32f407xx.o(.text)
    USART1_IRQHandler                        0x08000283   Thumb Code     0  startup_stm32f407xx.o(.text)
    USART2_IRQHandler                        0x08000283   Thumb Code     0  startup_stm32f407xx.o(.text)
    USART3_IRQHandler                        0x08000283   Thumb Code     0  startup_stm32f407xx.o(.text)
    USART6_IRQHandler                        0x08000283   Thumb Code     0  startup_stm32f407xx.o(.text)
    WWDG_IRQHandler                          0x08000283   Thumb Code     0  startup_stm32f407xx.o(.text)
    __user_initial_stackheap                 0x08000285   Thumb Code     0  startup_stm32f407xx.o(.text)
    __aeabi_uldivmod                         0x080002a9   Thumb Code     0  lludivv7m.o(.text)
    _ll_udiv                                 0x080002a9   Thumb Code   238  lludivv7m.o(.text)
    __aeabi_memclr4                          0x08000397   Thumb Code     0  rt_memclr_w.o(.text)
    __aeabi_memclr8                          0x08000397   Thumb Code     0  rt_memclr_w.o(.text)
    __rt_memclr_w                            0x08000397   Thumb Code    78  rt_memclr_w.o(.text)
    _memset_w                                0x0800039b   Thumb Code     0  rt_memclr_w.o(.text)
    __use_two_region_memory                  0x080003e5   Thumb Code     2  heapauxi.o(.text)
    __rt_heap_escrow$2region                 0x080003e7   Thumb Code     2  heapauxi.o(.text)
    __rt_heap_expand$2region                 0x080003e9   Thumb Code     2  heapauxi.o(.text)
    __read_errno                             0x080003eb   Thumb Code    10  _rserrno.o(.text)
    __set_errno                              0x080003f5   Thumb Code    12  _rserrno.o(.text)
    __aeabi_errno_addr                       0x08000401   Thumb Code     8  rt_errno_addr_intlibspace.o(.text)
    __errno$intlibspace                      0x08000401   Thumb Code     0  rt_errno_addr_intlibspace.o(.text)
    __rt_errno_addr$intlibspace              0x08000401   Thumb Code     0  rt_errno_addr_intlibspace.o(.text)
    __user_libspace                          0x08000409   Thumb Code     8  libspace.o(.text)
    __user_perproc_libspace                  0x08000409   Thumb Code     0  libspace.o(.text)
    __user_perthread_libspace                0x08000409   Thumb Code     0  libspace.o(.text)
    __user_setup_stackheap                   0x08000411   Thumb Code    74  sys_stackheap_outer.o(.text)
    exit                                     0x0800045b   Thumb Code    18  exit.o(.text)
    _sys_exit                                0x0800046d   Thumb Code     8  sys_exit.o(.text)
    __I$use$semihosting                      0x08000479   Thumb Code     0  use_no_semi.o(.text)
    __use_no_semihosting_swi                 0x08000479   Thumb Code     2  use_no_semi.o(.text)
    __semihosting_library_function           0x0800047b   Thumb Code     0  indicate_semi.o(.text)
    BusFault_Handler                         0x08000631   Thumb Code     2  stm32f4xx_it.o(i.BusFault_Handler)
    DMA1_Stream0_IRQHandler                  0x08000635   Thumb Code     6  stm32f4xx_it.o(i.DMA1_Stream0_IRQHandler)
    DMA1_Stream7_IRQHandler                  0x08000641   Thumb Code     6  stm32f4xx_it.o(i.DMA1_Stream7_IRQHandler)
    DMA2_Stream0_IRQHandler                  0x0800064d   Thumb Code     6  stm32f4xx_it.o(i.DMA2_Stream0_IRQHandler)
    Debug                                    0x080006fd   Thumb Code   226  main.o(i.Debug)
    DebugMon_Handler                         0x080007e9   Thumb Code     2  stm32f4xx_it.o(i.DebugMon_Handler)
    EXTI9_5_IRQHandler                       0x080007ed   Thumb Code    32  stm32f4xx_it.o(i.EXTI9_5_IRQHandler)
    Error_Handler                            0x08000815   Thumb Code     4  main.o(i.Error_Handler)
    FLASH_Erase_Sector                       0x08000819   Thumb Code    74  stm32f4xx_hal_flash_ex.o(i.FLASH_Erase_Sector)
    FLASH_WaitForLastOperation               0x08000965   Thumb Code    72  stm32f4xx_hal_flash.o(i.FLASH_WaitForLastOperation)
    HAL_ADC_ConfigChannel                    0x080009b5   Thumb Code   316  stm32f4xx_hal_adc.o(i.HAL_ADC_ConfigChannel)
    HAL_ADC_ConvCpltCallback                 0x08000b01   Thumb Code     2  stm32f4xx_hal_adc.o(i.HAL_ADC_ConvCpltCallback)
    HAL_ADC_ConvHalfCpltCallback             0x08000b03   Thumb Code     2  stm32f4xx_hal_adc.o(i.HAL_ADC_ConvHalfCpltCallback)
    HAL_ADC_ErrorCallback                    0x08000b05   Thumb Code     2  stm32f4xx_hal_adc.o(i.HAL_ADC_ErrorCallback)
    HAL_ADC_Init                             0x08000b07   Thumb Code    84  stm32f4xx_hal_adc.o(i.HAL_ADC_Init)
    HAL_ADC_MspInit                          0x08000b5d   Thumb Code   132  stm32f4xx_hal_msp.o(i.HAL_ADC_MspInit)
    HAL_ADC_Start                            0x08000bf5   Thumb Code   228  stm32f4xx_hal_adc.o(i.HAL_ADC_Start)
    HAL_ADC_Start_DMA                        0x08000cf1   Thumb Code   302  stm32f4xx_hal_adc.o(i.HAL_ADC_Start_DMA)
    HAL_DMA_Abort                            0x08000e45   Thumb Code   146  stm32f4xx_hal_dma.o(i.HAL_DMA_Abort)
    HAL_DMA_Abort_IT                         0x08000ed7   Thumb Code    36  stm32f4xx_hal_dma.o(i.HAL_DMA_Abort_IT)
    HAL_DMA_IRQHandler                       0x08000efd   Thumb Code   412  stm32f4xx_hal_dma.o(i.HAL_DMA_IRQHandler)
    HAL_DMA_Init                             0x0800109d   Thumb Code   206  stm32f4xx_hal_dma.o(i.HAL_DMA_Init)
    HAL_DMA_Start_IT                         0x08001171   Thumb Code   110  stm32f4xx_hal_dma.o(i.HAL_DMA_Start_IT)
    HAL_Delay                                0x080011e1   Thumb Code    32  stm32f4xx_hal.o(i.HAL_Delay)
    HAL_FLASH_Lock                           0x08001205   Thumb Code    14  stm32f4xx_hal_flash.o(i.HAL_FLASH_Lock)
    HAL_FLASH_Program                        0x08001219   Thumb Code   116  stm32f4xx_hal_flash.o(i.HAL_FLASH_Program)
    HAL_FLASH_Unlock                         0x08001295   Thumb Code    32  stm32f4xx_hal_flash.o(i.HAL_FLASH_Unlock)
    HAL_GPIO_EXTI_Callback                   0x080012c1   Thumb Code     2  stm32f4xx_hal_gpio.o(i.HAL_GPIO_EXTI_Callback)
    HAL_GPIO_EXTI_IRQHandler                 0x080012c5   Thumb Code    18  stm32f4xx_hal_gpio.o(i.HAL_GPIO_EXTI_IRQHandler)
    HAL_GPIO_Init                            0x080012dd   Thumb Code   450  stm32f4xx_hal_gpio.o(i.HAL_GPIO_Init)
    HAL_GPIO_ReadPin                         0x080014cd   Thumb Code    10  stm32f4xx_hal_gpio.o(i.HAL_GPIO_ReadPin)
    HAL_GPIO_WritePin                        0x080014d7   Thumb Code    10  stm32f4xx_hal_gpio.o(i.HAL_GPIO_WritePin)
    HAL_GetTick                              0x080014e1   Thumb Code     6  stm32f4xx_hal.o(i.HAL_GetTick)
    HAL_IncTick                              0x080014ed   Thumb Code    12  stm32f4xx_hal.o(i.HAL_IncTick)
    HAL_Init                                 0x080014fd   Thumb Code    48  stm32f4xx_hal.o(i.HAL_Init)
    HAL_InitTick                             0x08001531   Thumb Code    54  stm32f4xx_hal.o(i.HAL_InitTick)
    HAL_MspInit                              0x08001571   Thumb Code    42  stm32f4xx_hal_msp.o(i.HAL_MspInit)
    HAL_NVIC_EnableIRQ                       0x080015a1   Thumb Code    26  stm32f4xx_hal_cortex.o(i.HAL_NVIC_EnableIRQ)
    HAL_NVIC_SetPriority                     0x080015bd   Thumb Code    60  stm32f4xx_hal_cortex.o(i.HAL_NVIC_SetPriority)
    HAL_NVIC_SetPriorityGrouping             0x080015fd   Thumb Code    26  stm32f4xx_hal_cortex.o(i.HAL_NVIC_SetPriorityGrouping)
    HAL_RCC_ClockConfig                      0x08001621   Thumb Code   288  stm32f4xx_hal_rcc.o(i.HAL_RCC_ClockConfig)
    HAL_RCC_GetPCLK1Freq                     0x08001755   Thumb Code    20  stm32f4xx_hal_rcc.o(i.HAL_RCC_GetPCLK1Freq)
    HAL_RCC_GetPCLK2Freq                     0x08001775   Thumb Code    20  stm32f4xx_hal_rcc.o(i.HAL_RCC_GetPCLK2Freq)
    HAL_RCC_GetSysClockFreq                  0x08001795   Thumb Code    88  stm32f4xx_hal_rcc.o(i.HAL_RCC_GetSysClockFreq)
    HAL_RCC_OscConfig                        0x080017f5   Thumb Code   856  stm32f4xx_hal_rcc.o(i.HAL_RCC_OscConfig)
    HAL_SYSTICK_Config                       0x08001b61   Thumb Code    40  stm32f4xx_hal_cortex.o(i.HAL_SYSTICK_Config)
    HAL_TIMEx_BreakCallback                  0x08001b89   Thumb Code     2  stm32f4xx_hal_tim_ex.o(i.HAL_TIMEx_BreakCallback)
    HAL_TIMEx_CommutCallback                 0x08001b8b   Thumb Code     2  stm32f4xx_hal_tim_ex.o(i.HAL_TIMEx_CommutCallback)
    HAL_TIMEx_MasterConfigSynchronization    0x08001b8d   Thumb Code   116  stm32f4xx_hal_tim_ex.o(i.HAL_TIMEx_MasterConfigSynchronization)
    HAL_TIM_Base_Init                        0x08001c1d   Thumb Code    90  stm32f4xx_hal_tim.o(i.HAL_TIM_Base_Init)
    HAL_TIM_Base_MspInit                     0x08001c79   Thumb Code   228  stm32f4xx_hal_msp.o(i.HAL_TIM_Base_MspInit)
    HAL_TIM_Base_Start_IT                    0x08001d79   Thumb Code   100  stm32f4xx_hal_tim.o(i.HAL_TIM_Base_Start_IT)
    HAL_TIM_Base_Stop                        0x08001df9   Thumb Code    38  stm32f4xx_hal_tim.o(i.HAL_TIM_Base_Stop)
    HAL_TIM_Base_Stop_IT                     0x08001e1f   Thumb Code    48  stm32f4xx_hal_tim.o(i.HAL_TIM_Base_Stop_IT)
    HAL_TIM_ConfigClockSource                0x08001e4f   Thumb Code   220  stm32f4xx_hal_tim.o(i.HAL_TIM_ConfigClockSource)
    HAL_TIM_IC_CaptureCallback               0x08001f2b   Thumb Code     2  stm32f4xx_hal_tim.o(i.HAL_TIM_IC_CaptureCallback)
    HAL_TIM_IC_Start_IT                      0x08001f2d   Thumb Code   240  stm32f4xx_hal_tim.o(i.HAL_TIM_IC_Start_IT)
    HAL_TIM_IRQHandler                       0x08002039   Thumb Code   358  stm32f4xx_hal_tim.o(i.HAL_TIM_IRQHandler)
    HAL_TIM_MspPostInit                      0x080021a1   Thumb Code   146  stm32f4xx_hal_msp.o(i.HAL_TIM_MspPostInit)
    HAL_TIM_OC_DelayElapsedCallback          0x08002245   Thumb Code     2  stm32f4xx_hal_tim.o(i.HAL_TIM_OC_DelayElapsedCallback)
    HAL_TIM_PWM_ConfigChannel                0x08002247   Thumb Code   204  stm32f4xx_hal_tim.o(i.HAL_TIM_PWM_ConfigChannel)
    HAL_TIM_PWM_Init                         0x08002313   Thumb Code    90  stm32f4xx_hal_tim.o(i.HAL_TIM_PWM_Init)
    HAL_TIM_PWM_MspInit                      0x0800236d   Thumb Code    30  stm32f4xx_hal_msp.o(i.HAL_TIM_PWM_MspInit)
    HAL_TIM_PWM_PulseFinishedCallback        0x08002395   Thumb Code     2  stm32f4xx_hal_tim.o(i.HAL_TIM_PWM_PulseFinishedCallback)
    HAL_TIM_PWM_Start_IT                     0x08002399   Thumb Code   216  stm32f4xx_hal_tim.o(i.HAL_TIM_PWM_Start_IT)
    HAL_TIM_PWM_Stop_IT                      0x0800248d   Thumb Code   178  stm32f4xx_hal_tim.o(i.HAL_TIM_PWM_Stop_IT)
    HAL_TIM_PeriodElapsedCallback            0x08002549   Thumb Code   228  main.o(i.HAL_TIM_PeriodElapsedCallback)
    HAL_TIM_TriggerCallback                  0x08002655   Thumb Code     2  stm32f4xx_hal_tim.o(i.HAL_TIM_TriggerCallback)
    HAL_UARTEx_ReceiveToIdle_DMA             0x08002657   Thumb Code    86  stm32f4xx_hal_uart.o(i.HAL_UARTEx_ReceiveToIdle_DMA)
    HAL_UARTEx_RxEventCallback               0x080026ad   Thumb Code   756  main.o(i.HAL_UARTEx_RxEventCallback)
    HAL_UART_ErrorCallback                   0x080029b5   Thumb Code     2  stm32f4xx_hal_uart.o(i.HAL_UART_ErrorCallback)
    HAL_UART_IRQHandler                      0x080029b9   Thumb Code   610  stm32f4xx_hal_uart.o(i.HAL_UART_IRQHandler)
    HAL_UART_Init                            0x08002c21   Thumb Code    98  stm32f4xx_hal_uart.o(i.HAL_UART_Init)
    HAL_UART_MspInit                         0x08002c85   Thumb Code   242  stm32f4xx_hal_msp.o(i.HAL_UART_MspInit)
    HAL_UART_RxCpltCallback                  0x08002d95   Thumb Code     2  stm32f4xx_hal_uart.o(i.HAL_UART_RxCpltCallback)
    HAL_UART_RxHalfCpltCallback              0x08002d97   Thumb Code     2  stm32f4xx_hal_uart.o(i.HAL_UART_RxHalfCpltCallback)
    HAL_UART_Transmit                        0x08002d99   Thumb Code   178  stm32f4xx_hal_uart.o(i.HAL_UART_Transmit)
    HAL_UART_Transmit_DMA                    0x08002e4d   Thumb Code   126  stm32f4xx_hal_uart.o(i.HAL_UART_Transmit_DMA)
    HAL_UART_TxCpltCallback                  0x08002ed9   Thumb Code    20  main.o(i.HAL_UART_TxCpltCallback)
    HAL_UART_TxHalfCpltCallback              0x08002ef5   Thumb Code     2  stm32f4xx_hal_uart.o(i.HAL_UART_TxHalfCpltCallback)
    HardFault_Handler                        0x08002ef7   Thumb Code     2  stm32f4xx_it.o(i.HardFault_Handler)
    MemManage_Handler                        0x080033ed   Thumb Code     2  stm32f4xx_it.o(i.MemManage_Handler)
    NMI_Handler                              0x080033ef   Thumb Code     2  stm32f4xx_it.o(i.NMI_Handler)
    PID_control_temperature1                 0x080033f1   Thumb Code   222  main.o(i.PID_control_temperature1)
    PendSV_Handler                           0x080034f1   Thumb Code     2  stm32f4xx_it.o(i.PendSV_Handler)
    Pha_cafe                                 0x080034f5   Thumb Code   556  main.o(i.Pha_cafe)
    SVC_Handler                              0x08003741   Thumb Code     2  stm32f4xx_it.o(i.SVC_Handler)
    SysTick_Handler                          0x08003743   Thumb Code     4  stm32f4xx_it.o(i.SysTick_Handler)
    SystemClock_Config                       0x08003749   Thumb Code   138  main.o(i.SystemClock_Config)
    SystemInit                               0x080037dd   Thumb Code    12  system_stm32f4xx.o(i.SystemInit)
    TIM2_IRQHandler                          0x080037ed   Thumb Code     6  stm32f4xx_it.o(i.TIM2_IRQHandler)
    TIM4_IRQHandler                          0x080037f9   Thumb Code     6  stm32f4xx_it.o(i.TIM4_IRQHandler)
    TIM5_IRQHandler                          0x08003805   Thumb Code     6  stm32f4xx_it.o(i.TIM5_IRQHandler)
    TIM6_DAC_IRQHandler                      0x08003811   Thumb Code     6  stm32f4xx_it.o(i.TIM6_DAC_IRQHandler)
    TIM_Base_SetConfig                       0x0800381d   Thumb Code   156  stm32f4xx_hal_tim.o(i.TIM_Base_SetConfig)
    TIM_CCxChannelCmd                        0x080038e5   Thumb Code    26  stm32f4xx_hal_tim.o(i.TIM_CCxChannelCmd)
    TIM_ETR_SetConfig                        0x080038ff   Thumb Code    20  stm32f4xx_hal_tim.o(i.TIM_ETR_SetConfig)
    TIM_OC2_SetConfig                        0x08003985   Thumb Code    98  stm32f4xx_hal_tim.o(i.TIM_OC2_SetConfig)
    UART5_IRQHandler                         0x08003af1   Thumb Code     6  stm32f4xx_it.o(i.UART5_IRQHandler)
    UART_Start_Receive_DMA                   0x08003e75   Thumb Code   134  stm32f4xx_hal_uart.o(i.UART_Start_Receive_DMA)
    UsageFault_Handler                       0x08003f81   Thumb Code     2  stm32f4xx_it.o(i.UsageFault_Handler)
    VesinhMay                                0x08003f85   Thumb Code   684  main.o(i.VesinhMay)
    __ARM_fpclassify                         0x08004245   Thumb Code    48  fpclassify.o(i.__ARM_fpclassify)
    __hardfp_log                             0x08004299   Thumb Code   872  log.o(i.__hardfp_log)
    __hardfp_pow                             0x08004661   Thumb Code  3072  pow.o(i.__hardfp_pow)
    __kernel_poly                            0x080052b1   Thumb Code   248  poly.o(i.__kernel_poly)
    __mathlib_dbl_divzero                    0x080053a9   Thumb Code    28  dunder.o(i.__mathlib_dbl_divzero)
    __mathlib_dbl_infnan                     0x080053d9   Thumb Code    20  dunder.o(i.__mathlib_dbl_infnan)
    __mathlib_dbl_infnan2                    0x080053ed   Thumb Code    20  dunder.o(i.__mathlib_dbl_infnan2)
    __mathlib_dbl_invalid                    0x08005401   Thumb Code    24  dunder.o(i.__mathlib_dbl_invalid)
    __mathlib_dbl_overflow                   0x08005421   Thumb Code    24  dunder.o(i.__mathlib_dbl_overflow)
    __mathlib_dbl_underflow                  0x08005441   Thumb Code    24  dunder.o(i.__mathlib_dbl_underflow)
    fabs                                     0x08005461   Thumb Code    24  fabs.o(i.fabs)
    main                                     0x08005479   Thumb Code   358  main.o(i.main)
    read_Temp_boiler                         0x08005605   Thumb Code   270  main.o(i.read_Temp_boiler)
    read_pressure                            0x08005759   Thumb Code   172  main.o(i.read_pressure)
    read_temp_coi                            0x08005811   Thumb Code   288  main.o(i.read_temp_coi)
    send_data                                0x08005969   Thumb Code   586  main.o(i.send_data)
    send_data_1time                          0x08005bcd   Thumb Code    54  main.o(i.send_data_1time)
    sqrt                                     0x08005c0d   Thumb Code   110  sqrt.o(i.sqrt)
    __aeabi_dneg                             0x08005c7b   Thumb Code     0  basic.o(x$fpl$basic)
    _dneg                                    0x08005c7b   Thumb Code     6  basic.o(x$fpl$basic)
    __aeabi_fneg                             0x08005c81   Thumb Code     0  basic.o(x$fpl$basic)
    _fneg                                    0x08005c81   Thumb Code     6  basic.o(x$fpl$basic)
    _dabs                                    0x08005c87   Thumb Code     6  basic.o(x$fpl$basic)
    _fabs                                    0x08005c8d   Thumb Code     6  basic.o(x$fpl$basic)
    __aeabi_d2f                              0x08005c95   Thumb Code     0  d2f.o(x$fpl$d2f)
    _d2f                                     0x08005c95   Thumb Code    98  d2f.o(x$fpl$d2f)
    __aeabi_dadd                             0x08005cf9   Thumb Code     0  daddsub_clz.o(x$fpl$dadd)
    _dadd                                    0x08005cf9   Thumb Code   332  daddsub_clz.o(x$fpl$dadd)
    __fpl_dcheck_NaN1                        0x08005e49   Thumb Code    10  dcheck1.o(x$fpl$dcheck1)
    __fpl_dcmp_Inf                           0x08005e59   Thumb Code    24  dcmpi.o(x$fpl$dcmpinf)
    __aeabi_ddiv                             0x08005e71   Thumb Code     0  ddiv.o(x$fpl$ddiv)
    _ddiv                                    0x08005e71   Thumb Code   552  ddiv.o(x$fpl$ddiv)
    __aeabi_cdcmpeq                          0x08006121   Thumb Code     0  deqf.o(x$fpl$deqf)
    _dcmpeq                                  0x08006121   Thumb Code   120  deqf.o(x$fpl$deqf)
    __aeabi_d2iz                             0x08006199   Thumb Code     0  dfix.o(x$fpl$dfix)
    _dfix                                    0x08006199   Thumb Code    94  dfix.o(x$fpl$dfix)
    __aeabi_i2d                              0x080061f7   Thumb Code     0  dflt_clz.o(x$fpl$dflt)
    _dflt                                    0x080061f7   Thumb Code    46  dflt_clz.o(x$fpl$dflt)
    __aeabi_ui2d                             0x08006225   Thumb Code     0  dflt_clz.o(x$fpl$dfltu)
    _dfltu                                   0x08006225   Thumb Code    38  dflt_clz.o(x$fpl$dfltu)
    __aeabi_cdcmple                          0x0800624d   Thumb Code     0  dleqf.o(x$fpl$dleqf)
    _dcmple                                  0x0800624d   Thumb Code   120  dleqf.o(x$fpl$dleqf)
    __fpl_dcmple_InfNaN                      0x080062af   Thumb Code     0  dleqf.o(x$fpl$dleqf)
    __aeabi_dmul                             0x080062c5   Thumb Code     0  dmul.o(x$fpl$dmul)
    _dmul                                    0x080062c5   Thumb Code   332  dmul.o(x$fpl$dmul)
    __fpl_dnaninf                            0x08006419   Thumb Code   156  dnaninf.o(x$fpl$dnaninf)
    __fpl_dretinf                            0x080064b5   Thumb Code    12  dretinf.o(x$fpl$dretinf)
    __aeabi_cdrcmple                         0x080064c1   Thumb Code     0  drleqf.o(x$fpl$drleqf)
    _drcmple                                 0x080064c1   Thumb Code   108  drleqf.o(x$fpl$drleqf)
    __aeabi_drsub                            0x0800652d   Thumb Code     0  daddsub_clz.o(x$fpl$drsb)
    _drsb                                    0x0800652d   Thumb Code    22  daddsub_clz.o(x$fpl$drsb)
    _dsqrt                                   0x08006545   Thumb Code   404  dsqrt_umaal.o(x$fpl$dsqrt)
    __aeabi_dsub                             0x080066dd   Thumb Code     0  daddsub_clz.o(x$fpl$dsub)
    _dsub                                    0x080066dd   Thumb Code   464  daddsub_clz.o(x$fpl$dsub)
    __aeabi_f2d                              0x080068b1   Thumb Code     0  f2d.o(x$fpl$f2d)
    _f2d                                     0x080068b1   Thumb Code    86  f2d.o(x$fpl$f2d)
    __fpl_fnaninf                            0x08006907   Thumb Code   140  fnaninf.o(x$fpl$fnaninf)
    _fp_init                                 0x08006993   Thumb Code    10  fpinit.o(x$fpl$fpinit)
    __fplib_config_fpu_vfp                   0x0800699b   Thumb Code     0  fpinit.o(x$fpl$fpinit)
    __fplib_config_pureend_doubles           0x0800699b   Thumb Code     0  fpinit.o(x$fpl$fpinit)
    __fpl_fretinf                            0x0800699d   Thumb Code    10  fretinf.o(x$fpl$fretinf)
    __fpl_return_NaN                         0x080069a7   Thumb Code   100  retnan.o(x$fpl$retnan)
    __ARM_scalbn                             0x08006a0b   Thumb Code    92  scalbn.o(x$fpl$scalbn)
    __fpl_cmpreturn                          0x08006a67   Thumb Code    48  trapv.o(x$fpl$trapveneer)
    __I$use$fp                               0x08006a96   Number         0  usenofp.o(x$fpl$usenofp)
    AHBPrescTable                            0x08006a9e   Data          16  system_stm32f4xx.o(.constdata)
    APBPrescTable                            0x08006aae   Data           8  system_stm32f4xx.o(.constdata)
    __mathlib_zero                           0x08006b78   Data           8  qnan.o(.constdata)
    Region$$Table$$Base                      0x08006b80   Number         0  anon$$obj.o(Region$$Table)
    Region$$Table$$Limit                     0x08006ba0   Number         0  anon$$obj.o(Region$$Table)
    atx1                                     0x20000000   Data           1  main.o(.data)
    atx2                                     0x20000001   Data           1  main.o(.data)
    atx3                                     0x20000002   Data           1  main.o(.data)
    atx4                                     0x20000003   Data           1  main.o(.data)
    atx5                                     0x20000004   Data           1  main.o(.data)
    count_wash                               0x20000005   Data           1  main.o(.data)
    countSend1times                          0x20000006   Data           1  main.o(.data)
    xay                                      0x20000007   Data           1  main.o(.data)
    steam                                    0x20000008   Data           1  main.o(.data)
    water                                    0x20000009   Data           1  main.o(.data)
    water_vale                               0x2000000a   Data           1  main.o(.data)
    run_test                                 0x2000000b   Data           1  main.o(.data)
    time_xay                                 0x2000000c   Data           2  main.o(.data)
    time_u_cafe                              0x2000000e   Data           2  main.o(.data)
    time_xa_cafe                             0x20000010   Data           2  main.o(.data)
    PWM_step                                 0x20000014   Data           4  main.o(.data)
    PWM_bom                                  0x20000018   Data           4  main.o(.data)
    Ntc_temp                                 0x2000001c   Data           4  main.o(.data)
    Ntc_temp_coi                             0x20000020   Data           4  main.o(.data)
    size                                     0x20000024   Data           4  main.o(.data)
    counter_filter                           0x20000028   Data           4  main.o(.data)
    counter_filter_coi                       0x2000002c   Data           4  main.o(.data)
    sum                                      0x20000030   Data           4  main.o(.data)
    sum_tempcoi                              0x20000034   Data           4  main.o(.data)
    error                                    0x20000038   Data           4  main.o(.data)
    Kp                                       0x2000003c   Data           4  main.o(.data)
    Ki                                       0x20000040   Data           4  main.o(.data)
    Kd                                       0x20000044   Data           4  main.o(.data)
    error_coi                                0x20000048   Data           4  main.o(.data)
    Kp1                                      0x2000004c   Data           4  main.o(.data)
    Ki1                                      0x20000050   Data           4  main.o(.data)
    Kd1                                      0x20000054   Data           4  main.o(.data)
    count                                    0x20000058   Data           4  main.o(.data)
    x1                                       0x2000005c   Data           4  main.o(.data)
    x2                                       0x20000060   Data           4  main.o(.data)
    x3                                       0x20000064   Data           4  main.o(.data)
    x4                                       0x20000068   Data           4  main.o(.data)
    x5                                       0x2000006c   Data           4  main.o(.data)
    Press_raw                                0x20000070   Data           4  main.o(.data)
    Max_P                                    0x20000074   Data           4  main.o(.data)
    Min_P                                    0x20000078   Data           4  main.o(.data)
    Min_ADC                                  0x2000007c   Data           4  main.o(.data)
    Max_ADC                                  0x20000080   Data           4  main.o(.data)
    filter_count_P                           0x20000084   Data           4  main.o(.data)
    size_filter                              0x20000088   Data           4  main.o(.data)
    Sum_P                                    0x2000008c   Data           4  main.o(.data)
    DataStorage                              0x20000090   Data           4  main.o(.data)
    count_DMA                                0x20000094   Data           4  main.o(.data)
    count_TX                                 0x20000098   Data           4  main.o(.data)
    turn_off                                 0x2000009c   Data           4  main.o(.data)
    turn_on                                  0x200000a0   Data           4  main.o(.data)
    change_to_page                           0x200000a4   Data           4  main.o(.data)
    TEMP_setup                               0x200000a8   Data           4  main.o(.data)
    Time_xay_cafe                            0x200000ac   Data           4  main.o(.data)
    Time_xa_cafe                             0x200000b0   Data           4  main.o(.data)
    Time_u_cafe                              0x200000b4   Data           4  main.o(.data)
    FLASH_ADD                                0x200000b8   Data           4  main.o(.data)
    Flow                                     0x200000bc   Data           4  main.o(.data)
    Flow_final                               0x200000c0   Data           4  main.o(.data)
    pulse                                    0x200000c4   Data           4  main.o(.data)
    time_count                               0x200000c8   Data           4  main.o(.data)
    Ntc_R                                    0x200000cc   Data           4  main.o(.data)
    Ntc_R_coi                                0x200000d0   Data           4  main.o(.data)
    TEMP                                     0x200000d4   Data           4  main.o(.data)
    TEMP_coi                                 0x200000d8   Data           4  main.o(.data)
    Pre_error                                0x200000dc   Data           4  main.o(.data)
    Output                                   0x200000e0   Data           4  main.o(.data)
    P_part                                   0x200000e4   Data           4  main.o(.data)
    I_part                                   0x200000e8   Data           4  main.o(.data)
    D_part                                   0x200000ec   Data           4  main.o(.data)
    Pre_error_coi                            0x200000f0   Data           4  main.o(.data)
    Output_coi                               0x200000f4   Data           4  main.o(.data)
    P_part_coi                               0x200000f8   Data           4  main.o(.data)
    I_part_coi                               0x200000fc   Data           4  main.o(.data)
    D_part_coi                               0x20000100   Data           4  main.o(.data)
    Pressure_val                             0x20000104   Data           4  main.o(.data)
    P_bar                                    0x20000108   Data           4  main.o(.data)
    TEMP_int                                 0x2000010c   Data           4  main.o(.data)
    P_bar_int                                0x20000110   Data           4  main.o(.data)
    Flow_final_int                           0x20000114   Data           4  main.o(.data)
    ADC_raw                                  0x20000118   Data           6  main.o(.data)
    TxData                                   0x2000011e   Data          16  main.o(.data)
    TxData_Graph                             0x2000012e   Data          46  main.o(.data)
    ClearGraph_VarDisplay                    0x2000015c   Data          40  main.o(.data)
    TxDataSend1                              0x20000184   Data          32  main.o(.data)
    BackToPage0Cmd                           0x200001a4   Data          10  main.o(.data)
    uwTickFreq                               0x200001b0   Data           1  stm32f4xx_hal.o(.data)
    uwTickPrio                               0x200001b4   Data           4  stm32f4xx_hal.o(.data)
    uwTick                                   0x200001b8   Data           4  stm32f4xx_hal.o(.data)
    SystemCoreClock                          0x200001bc   Data           4  system_stm32f4xx.o(.data)
    hadc1                                    0x200001c0   Data          72  main.o(.bss)
    htim1                                    0x20000208   Data          72  main.o(.bss)
    htim2                                    0x20000250   Data          72  main.o(.bss)
    htim3                                    0x20000298   Data          72  main.o(.bss)
    htim4                                    0x200002e0   Data          72  main.o(.bss)
    htim5                                    0x20000328   Data          72  main.o(.bss)
    htim6                                    0x20000370   Data          72  main.o(.bss)
    htim9                                    0x200003b8   Data          72  main.o(.bss)
    htim11                                   0x20000400   Data          72  main.o(.bss)
    huart5                                   0x20000448   Data          68  main.o(.bss)
    Temp_sum                                 0x2000048c   Data         400  main.o(.bss)
    Tempcoi_sum_10                           0x2000061c   Data          80  main.o(.bss)
    P_value_sum                              0x2000066c   Data          60  main.o(.bss)
    MainBuf                                  0x200006a8   Data          36  main.o(.bss)
    Data_read_flash                          0x200006cc   Data          10  main.o(.bss)
    hdma_adc1                                0x200006d8   Data          96  main.o(.bss)
    hdma_uart5_rx                            0x20000738   Data          96  main.o(.bss)
    hdma_uart5_tx                            0x20000798   Data          96  main.o(.bss)
    pFlash                                   0x200007f8   Data          32  stm32f4xx_hal_flash.o(.bss)
    __libspace_start                         0x20000818   Data          96  libspace.o(.bss)
    __temporary_stack_top$libspace           0x20000878   Data           0  libspace.o(.bss)



==============================================================================

Memory Map of the image

  Image Entry point : 0x08000189

  Load Region LR_IROM1 (Base: 0x08000000, Size: 0x00006d60, Max: 0x00100000, ABSOLUTE, COMPRESSED[0x00006c30])

    Execution Region ER_IROM1 (Exec base: 0x08000000, Load base: 0x08000000, Size: 0x00006ba0, Max: 0x00100000, ABSOLUTE)

    Exec Addr    Load Addr    Size         Type   Attr      Idx    E Section Name        Object

    0x08000000   0x08000000   0x00000188   Data   RO            3    RESET               startup_stm32f407xx.o
    0x08000188   0x08000188   0x00000008   Code   RO         3406  * !!!main             c_w.l(__main.o)
    0x08000190   0x08000190   0x00000034   Code   RO         3702    !!!scatter          c_w.l(__scatter.o)
    0x080001c4   0x080001c4   0x0000005a   Code   RO         3700    !!dczerorl2         c_w.l(__dczerorl2.o)
    0x0800021e   0x0800021e   0x00000002   PAD
    0x08000220   0x08000220   0x0000001c   Code   RO         3704    !!handler_zi        c_w.l(__scatter_zi.o)
    0x0800023c   0x0800023c   0x00000002   Code   RO         3569    .ARM.Collect$$libinit$$00000000  c_w.l(libinit.o)
    0x0800023e   0x0800023e   0x00000004   Code   RO         3580    .ARM.Collect$$libinit$$00000001  c_w.l(libinit2.o)
    0x08000242   0x08000242   0x00000000   Code   RO         3583    .ARM.Collect$$libinit$$00000004  c_w.l(libinit2.o)
    0x08000242   0x08000242   0x00000000   Code   RO         3586    .ARM.Collect$$libinit$$0000000A  c_w.l(libinit2.o)
    0x08000242   0x08000242   0x00000000   Code   RO         3588    .ARM.Collect$$libinit$$0000000C  c_w.l(libinit2.o)
    0x08000242   0x08000242   0x00000000   Code   RO         3590    .ARM.Collect$$libinit$$0000000E  c_w.l(libinit2.o)
    0x08000242   0x08000242   0x00000000   Code   RO         3593    .ARM.Collect$$libinit$$00000011  c_w.l(libinit2.o)
    0x08000242   0x08000242   0x00000000   Code   RO         3595    .ARM.Collect$$libinit$$00000013  c_w.l(libinit2.o)
    0x08000242   0x08000242   0x00000000   Code   RO         3597    .ARM.Collect$$libinit$$00000015  c_w.l(libinit2.o)
    0x08000242   0x08000242   0x00000000   Code   RO         3599    .ARM.Collect$$libinit$$00000017  c_w.l(libinit2.o)
    0x08000242   0x08000242   0x00000000   Code   RO         3601    .ARM.Collect$$libinit$$00000019  c_w.l(libinit2.o)
    0x08000242   0x08000242   0x00000000   Code   RO         3603    .ARM.Collect$$libinit$$0000001B  c_w.l(libinit2.o)
    0x08000242   0x08000242   0x00000000   Code   RO         3605    .ARM.Collect$$libinit$$0000001D  c_w.l(libinit2.o)
    0x08000242   0x08000242   0x00000000   Code   RO         3607    .ARM.Collect$$libinit$$0000001F  c_w.l(libinit2.o)
    0x08000242   0x08000242   0x00000000   Code   RO         3609    .ARM.Collect$$libinit$$00000021  c_w.l(libinit2.o)
    0x08000242   0x08000242   0x00000000   Code   RO         3611    .ARM.Collect$$libinit$$00000023  c_w.l(libinit2.o)
    0x08000242   0x08000242   0x00000000   Code   RO         3613    .ARM.Collect$$libinit$$00000025  c_w.l(libinit2.o)
    0x08000242   0x08000242   0x00000000   Code   RO         3617    .ARM.Collect$$libinit$$0000002C  c_w.l(libinit2.o)
    0x08000242   0x08000242   0x00000000   Code   RO         3619    .ARM.Collect$$libinit$$0000002E  c_w.l(libinit2.o)
    0x08000242   0x08000242   0x00000000   Code   RO         3621    .ARM.Collect$$libinit$$00000030  c_w.l(libinit2.o)
    0x08000242   0x08000242   0x00000000   Code   RO         3623    .ARM.Collect$$libinit$$00000032  c_w.l(libinit2.o)
    0x08000242   0x08000242   0x00000002   Code   RO         3624    .ARM.Collect$$libinit$$00000033  c_w.l(libinit2.o)
    0x08000244   0x08000244   0x00000002   Code   RO         3657    .ARM.Collect$$libshutdown$$00000000  c_w.l(libshutdown.o)
    0x08000246   0x08000246   0x00000000   Code   RO         3683    .ARM.Collect$$libshutdown$$00000002  c_w.l(libshutdown2.o)
    0x08000246   0x08000246   0x00000000   Code   RO         3685    .ARM.Collect$$libshutdown$$00000004  c_w.l(libshutdown2.o)
    0x08000246   0x08000246   0x00000000   Code   RO         3688    .ARM.Collect$$libshutdown$$00000007  c_w.l(libshutdown2.o)
    0x08000246   0x08000246   0x00000000   Code   RO         3691    .ARM.Collect$$libshutdown$$0000000A  c_w.l(libshutdown2.o)
    0x08000246   0x08000246   0x00000000   Code   RO         3693    .ARM.Collect$$libshutdown$$0000000C  c_w.l(libshutdown2.o)
    0x08000246   0x08000246   0x00000000   Code   RO         3696    .ARM.Collect$$libshutdown$$0000000F  c_w.l(libshutdown2.o)
    0x08000246   0x08000246   0x00000002   Code   RO         3697    .ARM.Collect$$libshutdown$$00000010  c_w.l(libshutdown2.o)
    0x08000248   0x08000248   0x00000000   Code   RO         3462    .ARM.Collect$$rtentry$$00000000  c_w.l(__rtentry.o)
    0x08000248   0x08000248   0x00000000   Code   RO         3524    .ARM.Collect$$rtentry$$00000002  c_w.l(__rtentry2.o)
    0x08000248   0x08000248   0x00000006   Code   RO         3536    .ARM.Collect$$rtentry$$00000004  c_w.l(__rtentry4.o)
    0x0800024e   0x0800024e   0x00000000   Code   RO         3526    .ARM.Collect$$rtentry$$00000009  c_w.l(__rtentry2.o)
    0x0800024e   0x0800024e   0x00000004   Code   RO         3527    .ARM.Collect$$rtentry$$0000000A  c_w.l(__rtentry2.o)
    0x08000252   0x08000252   0x00000000   Code   RO         3529    .ARM.Collect$$rtentry$$0000000C  c_w.l(__rtentry2.o)
    0x08000252   0x08000252   0x00000008   Code   RO         3530    .ARM.Collect$$rtentry$$0000000D  c_w.l(__rtentry2.o)
    0x0800025a   0x0800025a   0x00000002   Code   RO         3572    .ARM.Collect$$rtexit$$00000000  c_w.l(rtexit.o)
    0x0800025c   0x0800025c   0x00000000   Code   RO         3630    .ARM.Collect$$rtexit$$00000002  c_w.l(rtexit2.o)
    0x0800025c   0x0800025c   0x00000004   Code   RO         3631    .ARM.Collect$$rtexit$$00000003  c_w.l(rtexit2.o)
    0x08000260   0x08000260   0x00000006   Code   RO         3632    .ARM.Collect$$rtexit$$00000004  c_w.l(rtexit2.o)
    0x08000266   0x08000266   0x00000002   PAD
    0x08000268   0x08000268   0x00000040   Code   RO            4    .text               startup_stm32f407xx.o
    0x080002a8   0x080002a8   0x000000ee   Code   RO         3398    .text               c_w.l(lludivv7m.o)
    0x08000396   0x08000396   0x0000004e   Code   RO         3402    .text               c_w.l(rt_memclr_w.o)
    0x080003e4   0x080003e4   0x00000006   Code   RO         3404    .text               c_w.l(heapauxi.o)
    0x080003ea   0x080003ea   0x00000016   Code   RO         3467    .text               c_w.l(_rserrno.o)
    0x08000400   0x08000400   0x00000008   Code   RO         3543    .text               c_w.l(rt_errno_addr_intlibspace.o)
    0x08000408   0x08000408   0x00000008   Code   RO         3553    .text               c_w.l(libspace.o)
    0x08000410   0x08000410   0x0000004a   Code   RO         3556    .text               c_w.l(sys_stackheap_outer.o)
    0x0800045a   0x0800045a   0x00000012   Code   RO         3558    .text               c_w.l(exit.o)
    0x0800046c   0x0800046c   0x0000000c   Code   RO         3627    .text               c_w.l(sys_exit.o)
    0x08000478   0x08000478   0x00000002   Code   RO         3646    .text               c_w.l(use_no_semi.o)
    0x0800047a   0x0800047a   0x00000000   Code   RO         3648    .text               c_w.l(indicate_semi.o)
    0x0800047a   0x0800047a   0x0000006e   Code   RO          621    i.ADC_DMAConvCplt   stm32f4xx_hal_adc.o
    0x080004e8   0x080004e8   0x00000016   Code   RO          622    i.ADC_DMAError      stm32f4xx_hal_adc.o
    0x080004fe   0x080004fe   0x0000000a   Code   RO          623    i.ADC_DMAHalfConvCplt  stm32f4xx_hal_adc.o
    0x08000508   0x08000508   0x00000128   Code   RO          624    i.ADC_Init          stm32f4xx_hal_adc.o
    0x08000630   0x08000630   0x00000002   Code   RO          412    i.BusFault_Handler  stm32f4xx_it.o
    0x08000632   0x08000632   0x00000002   PAD
    0x08000634   0x08000634   0x0000000c   Code   RO          413    i.DMA1_Stream0_IRQHandler  stm32f4xx_it.o
    0x08000640   0x08000640   0x0000000c   Code   RO          414    i.DMA1_Stream7_IRQHandler  stm32f4xx_it.o
    0x0800064c   0x0800064c   0x0000000c   Code   RO          415    i.DMA2_Stream0_IRQHandler  stm32f4xx_it.o
    0x08000658   0x08000658   0x00000028   Code   RO         1358    i.DMA_CalcBaseAndBitshift  stm32f4xx_hal_dma.o
    0x08000680   0x08000680   0x00000054   Code   RO         1359    i.DMA_CheckFifoParam  stm32f4xx_hal_dma.o
    0x080006d4   0x080006d4   0x00000028   Code   RO         1360    i.DMA_SetConfig     stm32f4xx_hal_dma.o
    0x080006fc   0x080006fc   0x000000ec   Code   RO          193    i.Debug             main.o
    0x080007e8   0x080007e8   0x00000002   Code   RO          416    i.DebugMon_Handler  stm32f4xx_it.o
    0x080007ea   0x080007ea   0x00000002   PAD
    0x080007ec   0x080007ec   0x00000028   Code   RO          417    i.EXTI9_5_IRQHandler  stm32f4xx_it.o
    0x08000814   0x08000814   0x00000004   Code   RO          194    i.Error_Handler     main.o
    0x08000818   0x08000818   0x00000050   Code   RO         1173    i.FLASH_Erase_Sector  stm32f4xx_hal_flash_ex.o
    0x08000868   0x08000868   0x00000020   Code   RO         1055    i.FLASH_Program_Byte  stm32f4xx_hal_flash.o
    0x08000888   0x08000888   0x0000002c   Code   RO         1056    i.FLASH_Program_DoubleWord  stm32f4xx_hal_flash.o
    0x080008b4   0x080008b4   0x00000024   Code   RO         1057    i.FLASH_Program_HalfWord  stm32f4xx_hal_flash.o
    0x080008d8   0x080008d8   0x00000024   Code   RO         1058    i.FLASH_Program_Word  stm32f4xx_hal_flash.o
    0x080008fc   0x080008fc   0x00000068   Code   RO         1059    i.FLASH_SetErrorCode  stm32f4xx_hal_flash.o
    0x08000964   0x08000964   0x00000050   Code   RO         1060    i.FLASH_WaitForLastOperation  stm32f4xx_hal_flash.o
    0x080009b4   0x080009b4   0x0000014c   Code   RO          626    i.HAL_ADC_ConfigChannel  stm32f4xx_hal_adc.o
    0x08000b00   0x08000b00   0x00000002   Code   RO          627    i.HAL_ADC_ConvCpltCallback  stm32f4xx_hal_adc.o
    0x08000b02   0x08000b02   0x00000002   Code   RO          628    i.HAL_ADC_ConvHalfCpltCallback  stm32f4xx_hal_adc.o
    0x08000b04   0x08000b04   0x00000002   Code   RO          630    i.HAL_ADC_ErrorCallback  stm32f4xx_hal_adc.o
    0x08000b06   0x08000b06   0x00000054   Code   RO          635    i.HAL_ADC_Init      stm32f4xx_hal_adc.o
    0x08000b5a   0x08000b5a   0x00000002   PAD
    0x08000b5c   0x08000b5c   0x00000098   Code   RO          543    i.HAL_ADC_MspInit   stm32f4xx_hal_msp.o
    0x08000bf4   0x08000bf4   0x000000fc   Code   RO          641    i.HAL_ADC_Start     stm32f4xx_hal_adc.o
    0x08000cf0   0x08000cf0   0x00000154   Code   RO          642    i.HAL_ADC_Start_DMA  stm32f4xx_hal_adc.o
    0x08000e44   0x08000e44   0x00000092   Code   RO         1361    i.HAL_DMA_Abort     stm32f4xx_hal_dma.o
    0x08000ed6   0x08000ed6   0x00000024   Code   RO         1362    i.HAL_DMA_Abort_IT  stm32f4xx_hal_dma.o
    0x08000efa   0x08000efa   0x00000002   PAD
    0x08000efc   0x08000efc   0x000001a0   Code   RO         1366    i.HAL_DMA_IRQHandler  stm32f4xx_hal_dma.o
    0x0800109c   0x0800109c   0x000000d4   Code   RO         1367    i.HAL_DMA_Init      stm32f4xx_hal_dma.o
    0x08001170   0x08001170   0x0000006e   Code   RO         1371    i.HAL_DMA_Start_IT  stm32f4xx_hal_dma.o
    0x080011de   0x080011de   0x00000002   PAD
    0x080011e0   0x080011e0   0x00000024   Code   RO         1780    i.HAL_Delay         stm32f4xx_hal.o
    0x08001204   0x08001204   0x00000014   Code   RO         1064    i.HAL_FLASH_Lock    stm32f4xx_hal_flash.o
    0x08001218   0x08001218   0x0000007c   Code   RO         1069    i.HAL_FLASH_Program  stm32f4xx_hal_flash.o
    0x08001294   0x08001294   0x0000002c   Code   RO         1071    i.HAL_FLASH_Unlock  stm32f4xx_hal_flash.o
    0x080012c0   0x080012c0   0x00000002   Code   RO         1252    i.HAL_GPIO_EXTI_Callback  stm32f4xx_hal_gpio.o
    0x080012c2   0x080012c2   0x00000002   PAD
    0x080012c4   0x080012c4   0x00000018   Code   RO         1253    i.HAL_GPIO_EXTI_IRQHandler  stm32f4xx_hal_gpio.o
    0x080012dc   0x080012dc   0x000001f0   Code   RO         1254    i.HAL_GPIO_Init     stm32f4xx_hal_gpio.o
    0x080014cc   0x080014cc   0x0000000a   Code   RO         1256    i.HAL_GPIO_ReadPin  stm32f4xx_hal_gpio.o
    0x080014d6   0x080014d6   0x0000000a   Code   RO         1258    i.HAL_GPIO_WritePin  stm32f4xx_hal_gpio.o
    0x080014e0   0x080014e0   0x0000000c   Code   RO         1786    i.HAL_GetTick       stm32f4xx_hal.o
    0x080014ec   0x080014ec   0x00000010   Code   RO         1792    i.HAL_IncTick       stm32f4xx_hal.o
    0x080014fc   0x080014fc   0x00000034   Code   RO         1793    i.HAL_Init          stm32f4xx_hal.o
    0x08001530   0x08001530   0x00000040   Code   RO         1794    i.HAL_InitTick      stm32f4xx_hal.o
    0x08001570   0x08001570   0x00000030   Code   RO          544    i.HAL_MspInit       stm32f4xx_hal_msp.o
    0x080015a0   0x080015a0   0x0000001a   Code   RO         1643    i.HAL_NVIC_EnableIRQ  stm32f4xx_hal_cortex.o
    0x080015ba   0x080015ba   0x00000002   PAD
    0x080015bc   0x080015bc   0x00000040   Code   RO         1649    i.HAL_NVIC_SetPriority  stm32f4xx_hal_cortex.o
    0x080015fc   0x080015fc   0x00000024   Code   RO         1650    i.HAL_NVIC_SetPriorityGrouping  stm32f4xx_hal_cortex.o
    0x08001620   0x08001620   0x00000134   Code   RO          900    i.HAL_RCC_ClockConfig  stm32f4xx_hal_rcc.o
    0x08001754   0x08001754   0x00000020   Code   RO          907    i.HAL_RCC_GetPCLK1Freq  stm32f4xx_hal_rcc.o
    0x08001774   0x08001774   0x00000020   Code   RO          908    i.HAL_RCC_GetPCLK2Freq  stm32f4xx_hal_rcc.o
    0x08001794   0x08001794   0x00000060   Code   RO          909    i.HAL_RCC_GetSysClockFreq  stm32f4xx_hal_rcc.o
    0x080017f4   0x080017f4   0x0000036c   Code   RO          912    i.HAL_RCC_OscConfig  stm32f4xx_hal_rcc.o
    0x08001b60   0x08001b60   0x00000028   Code   RO         1654    i.HAL_SYSTICK_Config  stm32f4xx_hal_cortex.o
    0x08001b88   0x08001b88   0x00000002   Code   RO         2737    i.HAL_TIMEx_BreakCallback  stm32f4xx_hal_tim_ex.o
    0x08001b8a   0x08001b8a   0x00000002   Code   RO         2738    i.HAL_TIMEx_CommutCallback  stm32f4xx_hal_tim_ex.o
    0x08001b8c   0x08001b8c   0x00000090   Code   RO         2756    i.HAL_TIMEx_MasterConfigSynchronization  stm32f4xx_hal_tim_ex.o
    0x08001c1c   0x08001c1c   0x0000005a   Code   RO         2033    i.HAL_TIM_Base_Init  stm32f4xx_hal_tim.o
    0x08001c76   0x08001c76   0x00000002   PAD
    0x08001c78   0x08001c78   0x00000100   Code   RO          546    i.HAL_TIM_Base_MspInit  stm32f4xx_hal_msp.o
    0x08001d78   0x08001d78   0x00000080   Code   RO         2038    i.HAL_TIM_Base_Start_IT  stm32f4xx_hal_tim.o
    0x08001df8   0x08001df8   0x00000026   Code   RO         2039    i.HAL_TIM_Base_Stop  stm32f4xx_hal_tim.o
    0x08001e1e   0x08001e1e   0x00000030   Code   RO         2041    i.HAL_TIM_Base_Stop_IT  stm32f4xx_hal_tim.o
    0x08001e4e   0x08001e4e   0x000000dc   Code   RO         2042    i.HAL_TIM_ConfigClockSource  stm32f4xx_hal_tim.o
    0x08001f2a   0x08001f2a   0x00000002   Code   RO         2067    i.HAL_TIM_IC_CaptureCallback  stm32f4xx_hal_tim.o
    0x08001f2c   0x08001f2c   0x0000010c   Code   RO         2077    i.HAL_TIM_IC_Start_IT  stm32f4xx_hal_tim.o
    0x08002038   0x08002038   0x00000166   Code   RO         2081    i.HAL_TIM_IRQHandler  stm32f4xx_hal_tim.o
    0x0800219e   0x0800219e   0x00000002   PAD
    0x080021a0   0x080021a0   0x000000a4   Code   RO          547    i.HAL_TIM_MspPostInit  stm32f4xx_hal_msp.o
    0x08002244   0x08002244   0x00000002   Code   RO         2084    i.HAL_TIM_OC_DelayElapsedCallback  stm32f4xx_hal_tim.o
    0x08002246   0x08002246   0x000000cc   Code   RO         2105    i.HAL_TIM_PWM_ConfigChannel  stm32f4xx_hal_tim.o
    0x08002312   0x08002312   0x0000005a   Code   RO         2108    i.HAL_TIM_PWM_Init  stm32f4xx_hal_tim.o
    0x0800236c   0x0800236c   0x00000028   Code   RO          549    i.HAL_TIM_PWM_MspInit  stm32f4xx_hal_msp.o
    0x08002394   0x08002394   0x00000002   Code   RO         2111    i.HAL_TIM_PWM_PulseFinishedCallback  stm32f4xx_hal_tim.o
    0x08002396   0x08002396   0x00000002   PAD
    0x08002398   0x08002398   0x000000f4   Code   RO         2115    i.HAL_TIM_PWM_Start_IT  stm32f4xx_hal_tim.o
    0x0800248c   0x0800248c   0x000000bc   Code   RO         2118    i.HAL_TIM_PWM_Stop_IT  stm32f4xx_hal_tim.o
    0x08002548   0x08002548   0x0000010c   Code   RO          195    i.HAL_TIM_PeriodElapsedCallback  main.o
    0x08002654   0x08002654   0x00000002   Code   RO         2124    i.HAL_TIM_TriggerCallback  stm32f4xx_hal_tim.o
    0x08002656   0x08002656   0x00000056   Code   RO         3013    i.HAL_UARTEx_ReceiveToIdle_DMA  stm32f4xx_hal_uart.o
    0x080026ac   0x080026ac   0x00000308   Code   RO          196    i.HAL_UARTEx_RxEventCallback  main.o
    0x080029b4   0x080029b4   0x00000002   Code   RO         3029    i.HAL_UART_ErrorCallback  stm32f4xx_hal_uart.o
    0x080029b6   0x080029b6   0x00000002   PAD
    0x080029b8   0x080029b8   0x00000268   Code   RO         3032    i.HAL_UART_IRQHandler  stm32f4xx_hal_uart.o
    0x08002c20   0x08002c20   0x00000062   Code   RO         3033    i.HAL_UART_Init     stm32f4xx_hal_uart.o
    0x08002c82   0x08002c82   0x00000002   PAD
    0x08002c84   0x08002c84   0x00000110   Code   RO          551    i.HAL_UART_MspInit  stm32f4xx_hal_msp.o
    0x08002d94   0x08002d94   0x00000002   Code   RO         3039    i.HAL_UART_RxCpltCallback  stm32f4xx_hal_uart.o
    0x08002d96   0x08002d96   0x00000002   Code   RO         3040    i.HAL_UART_RxHalfCpltCallback  stm32f4xx_hal_uart.o
    0x08002d98   0x08002d98   0x000000b2   Code   RO         3041    i.HAL_UART_Transmit  stm32f4xx_hal_uart.o
    0x08002e4a   0x08002e4a   0x00000002   PAD
    0x08002e4c   0x08002e4c   0x0000008c   Code   RO         3042    i.HAL_UART_Transmit_DMA  stm32f4xx_hal_uart.o
    0x08002ed8   0x08002ed8   0x0000001c   Code   RO          197    i.HAL_UART_TxCpltCallback  main.o
    0x08002ef4   0x08002ef4   0x00000002   Code   RO         3045    i.HAL_UART_TxHalfCpltCallback  stm32f4xx_hal_uart.o
    0x08002ef6   0x08002ef6   0x00000002   Code   RO          418    i.HardFault_Handler  stm32f4xx_it.o
    0x08002ef8   0x08002ef8   0x00000094   Code   RO          198    i.MX_ADC1_Init      main.o
    0x08002f8c   0x08002f8c   0x0000005c   Code   RO          199    i.MX_DMA_Init       main.o
    0x08002fe8   0x08002fe8   0x00000150   Code   RO          200    i.MX_GPIO_Init      main.o
    0x08003138   0x08003138   0x0000006c   Code   RO          201    i.MX_TIM1_Init      main.o
    0x080031a4   0x080031a4   0x000000a8   Code   RO          202    i.MX_TIM2_Init      main.o
    0x0800324c   0x0800324c   0x00000080   Code   RO          203    i.MX_TIM3_Init      main.o
    0x080032cc   0x080032cc   0x00000068   Code   RO          204    i.MX_TIM4_Init      main.o
    0x08003334   0x08003334   0x00000068   Code   RO          205    i.MX_TIM5_Init      main.o
    0x0800339c   0x0800339c   0x00000050   Code   RO          206    i.MX_TIM9_Init      main.o
    0x080033ec   0x080033ec   0x00000002   Code   RO          419    i.MemManage_Handler  stm32f4xx_it.o
    0x080033ee   0x080033ee   0x00000002   Code   RO          420    i.NMI_Handler       stm32f4xx_it.o
    0x080033f0   0x080033f0   0x00000100   Code   RO          207    i.PID_control_temperature1  main.o
    0x080034f0   0x080034f0   0x00000002   Code   RO          421    i.PendSV_Handler    stm32f4xx_it.o
    0x080034f2   0x080034f2   0x00000002   PAD
    0x080034f4   0x080034f4   0x0000024c   Code   RO          209    i.Pha_cafe          main.o
    0x08003740   0x08003740   0x00000002   Code   RO          422    i.SVC_Handler       stm32f4xx_it.o
    0x08003742   0x08003742   0x00000004   Code   RO          423    i.SysTick_Handler   stm32f4xx_it.o
    0x08003746   0x08003746   0x00000002   PAD
    0x08003748   0x08003748   0x00000094   Code   RO          210    i.SystemClock_Config  main.o
    0x080037dc   0x080037dc   0x00000010   Code   RO         3362    i.SystemInit        system_stm32f4xx.o
    0x080037ec   0x080037ec   0x0000000c   Code   RO          424    i.TIM2_IRQHandler   stm32f4xx_it.o
    0x080037f8   0x080037f8   0x0000000c   Code   RO          425    i.TIM4_IRQHandler   stm32f4xx_it.o
    0x08003804   0x08003804   0x0000000c   Code   RO          426    i.TIM5_IRQHandler   stm32f4xx_it.o
    0x08003810   0x08003810   0x0000000c   Code   RO          427    i.TIM6_DAC_IRQHandler  stm32f4xx_it.o
    0x0800381c   0x0800381c   0x000000c8   Code   RO         2126    i.TIM_Base_SetConfig  stm32f4xx_hal_tim.o
    0x080038e4   0x080038e4   0x0000001a   Code   RO         2127    i.TIM_CCxChannelCmd  stm32f4xx_hal_tim.o
    0x080038fe   0x080038fe   0x00000014   Code   RO         2137    i.TIM_ETR_SetConfig  stm32f4xx_hal_tim.o
    0x08003912   0x08003912   0x00000010   Code   RO         2138    i.TIM_ITRx_SetConfig  stm32f4xx_hal_tim.o
    0x08003922   0x08003922   0x00000002   PAD
    0x08003924   0x08003924   0x00000060   Code   RO         2139    i.TIM_OC1_SetConfig  stm32f4xx_hal_tim.o
    0x08003984   0x08003984   0x0000006c   Code   RO         2140    i.TIM_OC2_SetConfig  stm32f4xx_hal_tim.o
    0x080039f0   0x080039f0   0x00000068   Code   RO         2141    i.TIM_OC3_SetConfig  stm32f4xx_hal_tim.o
    0x08003a58   0x08003a58   0x00000050   Code   RO         2142    i.TIM_OC4_SetConfig  stm32f4xx_hal_tim.o
    0x08003aa8   0x08003aa8   0x00000022   Code   RO         2144    i.TIM_TI1_ConfigInputStage  stm32f4xx_hal_tim.o
    0x08003aca   0x08003aca   0x00000024   Code   RO         2146    i.TIM_TI2_ConfigInputStage  stm32f4xx_hal_tim.o
    0x08003aee   0x08003aee   0x00000002   PAD
    0x08003af0   0x08003af0   0x0000000c   Code   RO          428    i.UART5_IRQHandler  stm32f4xx_it.o
    0x08003afc   0x08003afc   0x00000010   Code   RO         3046    i.UART_DMAAbortOnError  stm32f4xx_hal_uart.o
    0x08003b0c   0x08003b0c   0x0000004a   Code   RO         3047    i.UART_DMAError     stm32f4xx_hal_uart.o
    0x08003b56   0x08003b56   0x00000082   Code   RO         3048    i.UART_DMAReceiveCplt  stm32f4xx_hal_uart.o
    0x08003bd8   0x08003bd8   0x0000001a   Code   RO         3050    i.UART_DMARxHalfCplt  stm32f4xx_hal_uart.o
    0x08003bf2   0x08003bf2   0x00000042   Code   RO         3052    i.UART_DMATransmitCplt  stm32f4xx_hal_uart.o
    0x08003c34   0x08003c34   0x0000000a   Code   RO         3054    i.UART_DMATxHalfCplt  stm32f4xx_hal_uart.o
    0x08003c3e   0x08003c3e   0x0000004e   Code   RO         3056    i.UART_EndRxTransfer  stm32f4xx_hal_uart.o
    0x08003c8c   0x08003c8c   0x0000001c   Code   RO         3057    i.UART_EndTxTransfer  stm32f4xx_hal_uart.o
    0x08003ca8   0x08003ca8   0x000000c0   Code   RO         3058    i.UART_Receive_IT   stm32f4xx_hal_uart.o
    0x08003d68   0x08003d68   0x0000010c   Code   RO         3059    i.UART_SetConfig    stm32f4xx_hal_uart.o
    0x08003e74   0x08003e74   0x00000094   Code   RO         3060    i.UART_Start_Receive_DMA  stm32f4xx_hal_uart.o
    0x08003f08   0x08003f08   0x00000078   Code   RO         3062    i.UART_WaitOnFlagUntilTimeout  stm32f4xx_hal_uart.o
    0x08003f80   0x08003f80   0x00000002   Code   RO          429    i.UsageFault_Handler  stm32f4xx_it.o
    0x08003f82   0x08003f82   0x00000002   PAD
    0x08003f84   0x08003f84   0x000002c0   Code   RO          212    i.VesinhMay         main.o
    0x08004244   0x08004244   0x00000030   Code   RO         3506    i.__ARM_fpclassify  m_wm.l(fpclassify.o)
    0x08004274   0x08004274   0x00000020   Code   RO         1656    i.__NVIC_SetPriority  stm32f4xx_hal_cortex.o
    0x08004294   0x08004294   0x00000004   PAD
    0x08004298   0x08004298   0x000003c4   Code   RO         3434    i.__hardfp_log      m_wm.l(log.o)
    0x0800465c   0x0800465c   0x00000004   PAD
    0x08004660   0x08004660   0x00000c50   Code   RO         3448    i.__hardfp_pow      m_wm.l(pow.o)
    0x080052b0   0x080052b0   0x000000f8   Code   RO         3508    i.__kernel_poly     m_wm.l(poly.o)
    0x080053a8   0x080053a8   0x00000030   Code   RO         3486    i.__mathlib_dbl_divzero  m_wm.l(dunder.o)
    0x080053d8   0x080053d8   0x00000014   Code   RO         3487    i.__mathlib_dbl_infnan  m_wm.l(dunder.o)
    0x080053ec   0x080053ec   0x00000014   Code   RO         3488    i.__mathlib_dbl_infnan2  m_wm.l(dunder.o)
    0x08005400   0x08005400   0x00000020   Code   RO         3489    i.__mathlib_dbl_invalid  m_wm.l(dunder.o)
    0x08005420   0x08005420   0x00000020   Code   RO         3490    i.__mathlib_dbl_overflow  m_wm.l(dunder.o)
    0x08005440   0x08005440   0x00000020   Code   RO         3492    i.__mathlib_dbl_underflow  m_wm.l(dunder.o)
    0x08005460   0x08005460   0x00000018   Code   RO         3502    i.fabs              m_wm.l(fabs.o)
    0x08005478   0x08005478   0x0000018c   Code   RO          214    i.main              main.o
    0x08005604   0x08005604   0x00000154   Code   RO          215    i.read_Temp_boiler  main.o
    0x08005758   0x08005758   0x000000b8   Code   RO          216    i.read_pressure     main.o
    0x08005810   0x08005810   0x00000158   Code   RO          217    i.read_temp_coi     main.o
    0x08005968   0x08005968   0x00000264   Code   RO          218    i.send_data         main.o
    0x08005bcc   0x08005bcc   0x00000040   Code   RO          219    i.send_data_1time   main.o
    0x08005c0c   0x08005c0c   0x0000006e   Code   RO         3513    i.sqrt              m_wm.l(sqrt.o)
    0x08005c7a   0x08005c7a   0x00000018   Code   RO         3469    x$fpl$basic         fz_wm.l(basic.o)
    0x08005c92   0x08005c92   0x00000002   PAD
    0x08005c94   0x08005c94   0x00000062   Code   RO         3408    x$fpl$d2f           fz_wm.l(d2f.o)
    0x08005cf6   0x08005cf6   0x00000002   PAD
    0x08005cf8   0x08005cf8   0x00000150   Code   RO         3410    x$fpl$dadd          fz_wm.l(daddsub_clz.o)
    0x08005e48   0x08005e48   0x00000010   Code   RO         3545    x$fpl$dcheck1       fz_wm.l(dcheck1.o)
    0x08005e58   0x08005e58   0x00000018   Code   RO         3547    x$fpl$dcmpinf       fz_wm.l(dcmpi.o)
    0x08005e70   0x08005e70   0x000002b0   Code   RO         3417    x$fpl$ddiv          fz_wm.l(ddiv.o)
    0x08006120   0x08006120   0x00000078   Code   RO         3471    x$fpl$deqf          fz_wm.l(deqf.o)
    0x08006198   0x08006198   0x0000005e   Code   RO         3420    x$fpl$dfix          fz_wm.l(dfix.o)
    0x080061f6   0x080061f6   0x0000002e   Code   RO         3425    x$fpl$dflt          fz_wm.l(dflt_clz.o)
    0x08006224   0x08006224   0x00000026   Code   RO         3424    x$fpl$dfltu         fz_wm.l(dflt_clz.o)
    0x0800624a   0x0800624a   0x00000002   PAD
    0x0800624c   0x0800624c   0x00000078   Code   RO         3549    x$fpl$dleqf         fz_wm.l(dleqf.o)
    0x080062c4   0x080062c4   0x00000154   Code   RO         3430    x$fpl$dmul          fz_wm.l(dmul.o)
    0x08006418   0x08006418   0x0000009c   Code   RO         3473    x$fpl$dnaninf       fz_wm.l(dnaninf.o)
    0x080064b4   0x080064b4   0x0000000c   Code   RO         3475    x$fpl$dretinf       fz_wm.l(dretinf.o)
    0x080064c0   0x080064c0   0x0000006c   Code   RO         3477    x$fpl$drleqf        fz_wm.l(drleqf.o)
    0x0800652c   0x0800652c   0x00000016   Code   RO         3411    x$fpl$drsb          fz_wm.l(daddsub_clz.o)
    0x08006542   0x08006542   0x00000002   PAD
    0x08006544   0x08006544   0x00000198   Code   RO         3551    x$fpl$dsqrt         fz_wm.l(dsqrt_umaal.o)
    0x080066dc   0x080066dc   0x000001d4   Code   RO         3412    x$fpl$dsub          fz_wm.l(daddsub_clz.o)
    0x080068b0   0x080068b0   0x00000056   Code   RO         3432    x$fpl$f2d           fz_wm.l(f2d.o)
    0x08006906   0x08006906   0x0000008c   Code   RO         3479    x$fpl$fnaninf       fz_wm.l(fnaninf.o)
    0x08006992   0x08006992   0x0000000a   Code   RO         3642    x$fpl$fpinit        fz_wm.l(fpinit.o)
    0x0800699c   0x0800699c   0x0000000a   Code   RO         3481    x$fpl$fretinf       fz_wm.l(fretinf.o)
    0x080069a6   0x080069a6   0x00000064   Code   RO         3570    x$fpl$retnan        fz_wm.l(retnan.o)
    0x08006a0a   0x08006a0a   0x0000005c   Code   RO         3483    x$fpl$scalbn        fz_wm.l(scalbn.o)
    0x08006a66   0x08006a66   0x00000030   Code   RO         3625    x$fpl$trapveneer    fz_wm.l(trapv.o)
    0x08006a96   0x08006a96   0x00000000   Code   RO         3485    x$fpl$usenofp       fz_wm.l(usenofp.o)
    0x08006a96   0x08006a96   0x00000008   Data   RO         1373    .constdata          stm32f4xx_hal_dma.o
    0x08006a9e   0x08006a9e   0x00000010   Data   RO         3363    .constdata          system_stm32f4xx.o
    0x08006aae   0x08006aae   0x00000008   Data   RO         3364    .constdata          system_stm32f4xx.o
    0x08006ab6   0x08006ab6   0x00000002   PAD
    0x08006ab8   0x08006ab8   0x00000038   Data   RO         3437    .constdata          m_wm.l(log.o)
    0x08006af0   0x08006af0   0x00000088   Data   RO         3451    .constdata          m_wm.l(pow.o)
    0x08006b78   0x08006b78   0x00000008   Data   RO         3510    .constdata          m_wm.l(qnan.o)
    0x08006b80   0x08006b80   0x00000020   Data   RO         3698    Region$$Table       anon$$obj.o


    Execution Region RW_IRAM1 (Exec base: 0x20000000, Load base: 0x08006ba0, Size: 0x00000e78, Max: 0x0001c000, ABSOLUTE, COMPRESSED[0x00000090])

    Exec Addr    Load Addr    Size         Type   Attr      Idx    E Section Name        Object

    0x20000000   COMPRESSED   0x000001ae   Data   RW          230    .data               main.o
    0x200001ae   COMPRESSED   0x00000002   PAD
    0x200001b0   COMPRESSED   0x0000000c   Data   RW         1800    .data               stm32f4xx_hal.o
    0x200001bc   COMPRESSED   0x00000004   Data   RW         3365    .data               system_stm32f4xx.o
    0x200001c0        -       0x00000516   Zero   RW          220    .bss                main.o
    0x200006d6   COMPRESSED   0x00000002   PAD
    0x200006d8        -       0x00000060   Zero   RW          221    .bss                main.o
    0x20000738        -       0x00000060   Zero   RW          222    .bss                main.o
    0x20000798        -       0x00000060   Zero   RW          223    .bss                main.o
    0x200007f8        -       0x00000020   Zero   RW         1072    .bss                stm32f4xx_hal_flash.o
    0x20000818        -       0x00000060   Zero   RW         3554    .bss                c_w.l(libspace.o)
    0x20000878        -       0x00000200   Zero   RW            2    HEAP                startup_stm32f407xx.o
    0x20000a78        -       0x00000400   Zero   RW            1    STACK               startup_stm32f407xx.o


    Execution Region RW_IRAM2 (Exec base: 0x2001c000, Load base: 0x08006c30, Size: 0x00000000, Max: 0x00004000, ABSOLUTE)

    **** No section assigned to this execution region ****


==============================================================================

Image component sizes


      Code (inc. data)   RO Data    RW Data    ZI Data      Debug   Object Name

         0          0          0          0          0     707936   flash_sector_f4.o
      6216        470          0        430       1590      53125   main.o
        64         26        392          0       1536        856   startup_stm32f407xx.o
       180         28          0         12          0       9497   stm32f4xx_hal.o
      1452         90          0          0          0       8449   stm32f4xx_hal_adc.o
       198         14          0          0          0      34015   stm32f4xx_hal_cortex.o
      1084         16          8          0          0       7446   stm32f4xx_hal_dma.o
       520         66          0          0         32       6714   stm32f4xx_hal_flash.o
        80          6          0          0          0        749   stm32f4xx_hal_flash_ex.o
       542         52          0          0          0       4099   stm32f4xx_hal_gpio.o
       932        112          0          0          0       5074   stm32f4xx_hal_msp.o
      1344         72          0          0          0       5304   stm32f4xx_hal_rcc.o
      2604        174          0          0          0      19926   stm32f4xx_hal_tim.o
       148         28          0          0          0       2497   stm32f4xx_hal_tim_ex.o
      2282         44          0          0          0      17301   stm32f4xx_hal_uart.o
       156         56          0          0          0       8644   stm32f4xx_it.o
        16          4         24          4          0       1163   system_stm32f4xx.o

    ----------------------------------------------------------------------
     17858       1258        458        448       3160     892795   Object Totals
         0          0         32          0          0          0   (incl. Generated)
        40          0          2          2          2          0   (incl. Padding)

    ----------------------------------------------------------------------

      Code (inc. data)   RO Data    RW Data    ZI Data      Debug   Library Member Name

        90          0          0          0          0          0   __dczerorl2.o
         8          0          0          0          0         68   __main.o
         0          0          0          0          0          0   __rtentry.o
        12          0          0          0          0          0   __rtentry2.o
         6          0          0          0          0          0   __rtentry4.o
        52          8          0          0          0          0   __scatter.o
        28          0          0          0          0          0   __scatter_zi.o
        22          0          0          0          0        100   _rserrno.o
        18          0          0          0          0         80   exit.o
         6          0          0          0          0        152   heapauxi.o
         0          0          0          0          0          0   indicate_semi.o
         2          0          0          0          0          0   libinit.o
         6          0          0          0          0          0   libinit2.o
         2          0          0          0          0          0   libshutdown.o
         2          0          0          0          0          0   libshutdown2.o
         8          4          0          0         96         68   libspace.o
       238          0          0          0          0        100   lludivv7m.o
         8          4          0          0          0         68   rt_errno_addr_intlibspace.o
        78          0          0          0          0         80   rt_memclr_w.o
         2          0          0          0          0          0   rtexit.o
        10          0          0          0          0          0   rtexit2.o
        12          4          0          0          0         68   sys_exit.o
        74          0          0          0          0         80   sys_stackheap_outer.o
         2          0          0          0          0         68   use_no_semi.o
        24          0          0          0          0        164   basic.o
        98          4          0          0          0        140   d2f.o
       826         16          0          0          0        492   daddsub_clz.o
        16          4          0          0          0        116   dcheck1.o
        24          0          0          0          0        116   dcmpi.o
       688        140          0          0          0        256   ddiv.o
       120          4          0          0          0        140   deqf.o
        94          4          0          0          0        140   dfix.o
        84          0          0          0          0        232   dflt_clz.o
       120          4          0          0          0        140   dleqf.o
       340         12          0          0          0        152   dmul.o
       156          4          0          0          0        140   dnaninf.o
        12          0          0          0          0        116   dretinf.o
       108          0          0          0          0        128   drleqf.o
       408         56          0          0          0        168   dsqrt_umaal.o
        86          4          0          0          0        132   f2d.o
       140          4          0          0          0        132   fnaninf.o
        10          0          0          0          0        116   fpinit.o
        10          0          0          0          0        116   fretinf.o
       100          0          0          0          0        116   retnan.o
        92          0          0          0          0        116   scalbn.o
        48          0          0          0          0        116   trapv.o
         0          0          0          0          0          0   usenofp.o
       184         44          0          0          0        744   dunder.o
        24          0          0          0          0        124   fabs.o
        48          0          0          0          0        124   fpclassify.o
       964         92         56          0          0        316   log.o
       248          0          0          0          0        152   poly.o
      3152        296        136          0          0        352   pow.o
         0          0          8          0          0          0   qnan.o
       110          0          0          0          0        148   sqrt.o

    ----------------------------------------------------------------------
      9036        712        200          0         96       6376   Library Totals
        16          4          0          0          0          0   (incl. Padding)

    ----------------------------------------------------------------------

      Code (inc. data)   RO Data    RW Data    ZI Data      Debug   Library Name

       686         20          0          0         96        932   c_w.l
      3604        256          0          0          0       3484   fz_wm.l
      4730        432        200          0          0       1960   m_wm.l

    ----------------------------------------------------------------------
      9036        712        200          0         96       6376   Library Totals

    ----------------------------------------------------------------------

==============================================================================


      Code (inc. data)   RO Data    RW Data    ZI Data      Debug   

     26894       1970        658        448       3256     881307   Grand Totals
     26894       1970        658        144       3256     881307   ELF Image Totals (compressed)
     26894       1970        658        144          0          0   ROM Totals

==============================================================================

    Total RO  Size (Code + RO Data)                27552 (  26.91kB)
    Total RW  Size (RW Data + ZI Data)              3704 (   3.62kB)
    Total ROM Size (Code + RO Data + RW Data)      27696 (  27.05kB)

==============================================================================

