Component: ARM Compiler 5.06 update 6 (build 750) Tool: armlink [4d35ed]

==============================================================================

Section Cross References

    startup_stm32f407xx.o(STACK) refers (Special) to heapauxi.o(.text) for __use_two_region_memory
    startup_stm32f407xx.o(HEAP) refers (Special) to heapauxi.o(.text) for __use_two_region_memory
    startup_stm32f407xx.o(RESET) refers (Special) to heapauxi.o(.text) for __use_two_region_memory
    startup_stm32f407xx.o(RESET) refers to startup_stm32f407xx.o(STACK) for __initial_sp
    startup_stm32f407xx.o(RESET) refers to startup_stm32f407xx.o(.text) for Reset_Handler
    startup_stm32f407xx.o(RESET) refers to stm32f4xx_it.o(i.NMI_Handler) for NMI_Handler
    startup_stm32f407xx.o(RESET) refers to stm32f4xx_it.o(i.HardFault_Handler) for HardFault_Handler
    startup_stm32f407xx.o(RESET) refers to stm32f4xx_it.o(i.MemManage_Handler) for MemManage_Handler
    startup_stm32f407xx.o(RESET) refers to stm32f4xx_it.o(i.BusFault_Handler) for BusFault_Handler
    startup_stm32f407xx.o(RESET) refers to stm32f4xx_it.o(i.UsageFault_Handler) for UsageFault_Handler
    startup_stm32f407xx.o(RESET) refers to stm32f4xx_it.o(i.SVC_Handler) for SVC_Handler
    startup_stm32f407xx.o(RESET) refers to stm32f4xx_it.o(i.DebugMon_Handler) for DebugMon_Handler
    startup_stm32f407xx.o(RESET) refers to stm32f4xx_it.o(i.PendSV_Handler) for PendSV_Handler
    startup_stm32f407xx.o(RESET) refers to stm32f4xx_it.o(i.SysTick_Handler) for SysTick_Handler
    startup_stm32f407xx.o(RESET) refers to stm32f4xx_it.o(i.DMA1_Stream0_IRQHandler) for DMA1_Stream0_IRQHandler
    startup_stm32f407xx.o(RESET) refers to stm32f4xx_it.o(i.EXTI9_5_IRQHandler) for EXTI9_5_IRQHandler
    startup_stm32f407xx.o(RESET) refers to stm32f4xx_it.o(i.TIM2_IRQHandler) for TIM2_IRQHandler
    startup_stm32f407xx.o(RESET) refers to stm32f4xx_it.o(i.TIM4_IRQHandler) for TIM4_IRQHandler
    startup_stm32f407xx.o(RESET) refers to stm32f4xx_it.o(i.DMA1_Stream7_IRQHandler) for DMA1_Stream7_IRQHandler
    startup_stm32f407xx.o(RESET) refers to stm32f4xx_it.o(i.TIM5_IRQHandler) for TIM5_IRQHandler
    startup_stm32f407xx.o(RESET) refers to stm32f4xx_it.o(i.UART5_IRQHandler) for UART5_IRQHandler
    startup_stm32f407xx.o(RESET) refers to stm32f4xx_it.o(i.TIM6_DAC_IRQHandler) for TIM6_DAC_IRQHandler
    startup_stm32f407xx.o(RESET) refers to stm32f4xx_it.o(i.DMA2_Stream0_IRQHandler) for DMA2_Stream0_IRQHandler
    startup_stm32f407xx.o(.text) refers (Special) to heapauxi.o(.text) for __use_two_region_memory
    startup_stm32f407xx.o(.text) refers to system_stm32f4xx.o(i.SystemInit) for SystemInit
    startup_stm32f407xx.o(.text) refers to __main.o(!!!main) for __main
    startup_stm32f407xx.o(.text) refers to startup_stm32f407xx.o(HEAP) for Heap_Mem
    startup_stm32f407xx.o(.text) refers to startup_stm32f407xx.o(STACK) for Stack_Mem
    main.o(i.Debug) refers to stm32f4xx_hal_gpio.o(i.HAL_GPIO_WritePin) for HAL_GPIO_WritePin
    main.o(i.Debug) refers to main.o(.data) for .data
    main.o(i.HAL_TIM_PeriodElapsedCallback) refers to f2d.o(x$fpl$f2d) for __aeabi_f2d
    main.o(i.HAL_TIM_PeriodElapsedCallback) refers to dmul.o(x$fpl$dmul) for __aeabi_dmul
    main.o(i.HAL_TIM_PeriodElapsedCallback) refers to ddiv.o(x$fpl$ddiv) for __aeabi_ddiv
    main.o(i.HAL_TIM_PeriodElapsedCallback) refers to d2f.o(x$fpl$d2f) for __aeabi_d2f
    main.o(i.HAL_TIM_PeriodElapsedCallback) refers to stm32f4xx_hal_adc.o(i.HAL_ADC_Start_DMA) for HAL_ADC_Start_DMA
    main.o(i.HAL_TIM_PeriodElapsedCallback) refers to main.o(i.read_temp_coi) for read_temp_coi
    main.o(i.HAL_TIM_PeriodElapsedCallback) refers to main.o(i.read_pressure) for read_pressure
    main.o(i.HAL_TIM_PeriodElapsedCallback) refers to main.o(i.read_Temp_boiler) for read_Temp_boiler
    main.o(i.HAL_TIM_PeriodElapsedCallback) refers to main.o(i.send_data) for send_data
    main.o(i.HAL_TIM_PeriodElapsedCallback) refers to main.o(.data) for .data
    main.o(i.HAL_TIM_PeriodElapsedCallback) refers to main.o(.bss) for .bss
    main.o(i.HAL_UARTEx_RxEventCallback) refers to stm32f4xx_hal_uart.o(i.HAL_UARTEx_ReceiveToIdle_DMA) for HAL_UARTEx_ReceiveToIdle_DMA
    main.o(i.HAL_UARTEx_RxEventCallback) refers to stm32f4xx_hal_flash.o(i.HAL_FLASH_Unlock) for HAL_FLASH_Unlock
    main.o(i.HAL_UARTEx_RxEventCallback) refers to stm32f4xx_hal_flash_ex.o(i.FLASH_Erase_Sector) for FLASH_Erase_Sector
    main.o(i.HAL_UARTEx_RxEventCallback) refers to stm32f4xx_hal_flash.o(i.HAL_FLASH_Program) for HAL_FLASH_Program
    main.o(i.HAL_UARTEx_RxEventCallback) refers to stm32f4xx_hal_flash.o(i.HAL_FLASH_Lock) for HAL_FLASH_Lock
    main.o(i.HAL_UARTEx_RxEventCallback) refers to rt_memclr_w.o(.text) for __aeabi_memclr4
    main.o(i.HAL_UARTEx_RxEventCallback) refers to main.o(.data) for .data
    main.o(i.HAL_UARTEx_RxEventCallback) refers to main.o(.bss) for .bss
[...]
    i.read_temp_coi                          0x08005688   Section        0  main.o(i.read_temp_coi)
    i.send_data                              0x080057e0   Section        0  main.o(i.send_data)
    i.sqrt                                   0x08005a44   Section        0  sqrt.o(i.sqrt)
    x$fpl$basic                              0x08005ab2   Section       24  basic.o(x$fpl$basic)
    $v0                                      0x08005ab2   Number         0  basic.o(x$fpl$basic)
    x$fpl$d2f                                0x08005acc   Section       98  d2f.o(x$fpl$d2f)
    $v0                                      0x08005acc   Number         0  d2f.o(x$fpl$d2f)
    x$fpl$dadd                               0x08005b30   Section      336  daddsub_clz.o(x$fpl$dadd)
    $v0                                      0x08005b30   Number         0  daddsub_clz.o(x$fpl$dadd)
    _dadd1                                   0x08005b41   Thumb Code     0  daddsub_clz.o(x$fpl$dadd)
    x$fpl$dcheck1                            0x08005c80   Section       16  dcheck1.o(x$fpl$dcheck1)
    $v0                                      0x08005c80   Number         0  dcheck1.o(x$fpl$dcheck1)
    x$fpl$dcmpinf                            0x08005c90   Section       24  dcmpi.o(x$fpl$dcmpinf)
    $v0                                      0x08005c90   Number         0  dcmpi.o(x$fpl$dcmpinf)
    x$fpl$ddiv                               0x08005ca8   Section      688  ddiv.o(x$fpl$ddiv)
    $v0                                      0x08005ca8   Number         0  ddiv.o(x$fpl$ddiv)
    ddiv_entry                               0x08005caf   Thumb Code     0  ddiv.o(x$fpl$ddiv)
    x$fpl$deqf                               0x08005f58   Section      120  deqf.o(x$fpl$deqf)
    $v0                                      0x08005f58   Number         0  deqf.o(x$fpl$deqf)
    x$fpl$dfix                               0x08005fd0   Section       94  dfix.o(x$fpl$dfix)
    $v0                                      0x08005fd0   Number         0  dfix.o(x$fpl$dfix)
    x$fpl$dflt                               0x0800602e   Section       46  dflt_clz.o(x$fpl$dflt)
    $v0                                      0x0800602e   Number         0  dflt_clz.o(x$fpl$dflt)
    x$fpl$dfltu                              0x0800605c   Section       38  dflt_clz.o(x$fpl$dfltu)
    $v0                                      0x0800605c   Number         0  dflt_clz.o(x$fpl$dfltu)
    x$fpl$dleqf                              0x08006084   Section      120  dleqf.o(x$fpl$dleqf)
    $v0                                      0x08006084   Number         0  dleqf.o(x$fpl$dleqf)
    x$fpl$dmul                               0x080060fc   Section      340  dmul.o(x$fpl$dmul)
    $v0                                      0x080060fc   Number         0  dmul.o(x$fpl$dmul)
    x$fpl$dnaninf                            0x08006250   Section      156  dnaninf.o(x$fpl$dnaninf)
    $v0                                      0x08006250   Number         0  dnaninf.o(x$fpl$dnaninf)
    x$fpl$dretinf                            0x080062ec   Section       12  dretinf.o(x$fpl$dretinf)
    $v0                                      0x080062ec   Number         0  dretinf.o(x$fpl$dretinf)
    x$fpl$drleqf                             0x080062f8   Section      108  drleqf.o(x$fpl$drleqf)
    $v0                                      0x080062f8   Number         0  drleqf.o(x$fpl$drleqf)
    x$fpl$drsb                               0x08006364   Section       22  daddsub_clz.o(x$fpl$drsb)
    $v0                                      0x08006364   Number         0  daddsub_clz.o(x$fpl$drsb)
    x$fpl$dsqrt                              0x0800637c   Section      408  dsqrt_umaal.o(x$fpl$dsqrt)
    $v0                                      0x0800637c   Number         0  dsqrt_umaal.o(x$fpl$dsqrt)
    x$fpl$dsub                               0x08006514   Section      468  daddsub_clz.o(x$fpl$dsub)
    $v0                                      0x08006514   Number         0  daddsub_clz.o(x$fpl$dsub)
    _dsub1                                   0x08006525   Thumb Code     0  daddsub_clz.o(x$fpl$dsub)
    x$fpl$f2d                                0x080066e8   Section       86  f2d.o(x$fpl$f2d)
    $v0                                      0x080066e8   Number         0  f2d.o(x$fpl$f2d)
    x$fpl$fnaninf                            0x0800673e   Section      140  fnaninf.o(x$fpl$fnaninf)
    $v0                                      0x0800673e   Number         0  fnaninf.o(x$fpl$fnaninf)
    x$fpl$fpinit                             0x080067ca   Section       10  fpinit.o(x$fpl$fpinit)
    $v0                                      0x080067ca   Number         0  fpinit.o(x$fpl$fpinit)
    x$fpl$fretinf                            0x080067d4   Section       10  fretinf.o(x$fpl$fretinf)
    $v0                                      0x080067d4   Number         0  fretinf.o(x$fpl$fretinf)
    x$fpl$retnan                             0x080067de   Section      100  retnan.o(x$fpl$retnan)
    $v0                                      0x080067de   Number         0  retnan.o(x$fpl$retnan)
    x$fpl$scalbn                             0x08006842   Section       92  scalbn.o(x$fpl$scalbn)
    $v0                                      0x08006842   Number         0  scalbn.o(x$fpl$scalbn)
    x$fpl$trapveneer                         0x0800689e   Section       48  trapv.o(x$fpl$trapveneer)
    $v0                                      0x0800689e   Number         0  trapv.o(x$fpl$trapveneer)
    .constdata                               0x080068ce   Section        8  stm32f4xx_hal_dma.o(.constdata)
    x$fpl$usenofp                            0x080068ce   Section        0  usenofp.o(x$fpl$usenofp)
    flagBitshiftOffset                       0x080068ce   Data           8  stm32f4xx_hal_dma.o(.constdata)
    .constdata                               0x080068d6   Section       16  system_stm32f4xx.o(.constdata)
    .constdata                               0x080068e6   Section        8  system_stm32f4xx.o(.constdata)
    .constdata                               0x080068f0   Section       56  log.o(.constdata)
    Lg2                                      0x080068f0   Data          24  log.o(.constdata)
    Lg                                       0x08006908   Data          32  log.o(.constdata)
    .constdata                               0x08006928   Section      136  pow.o(.constdata)
    bp                                       0x08006928   Data          16  pow.o(.constdata)
    dp_h                                     0x08006938   Data          16  pow.o(.constdata)
    dp_l                                     0x08006948   Data          16  pow.o(.constdata)
    L                                        0x08006958   Data          48  pow.o(.constdata)
    P                                        0x08006988   Data          40  pow.o(.constdata)
    .constdata                               0x080069b0   Section        8  qnan.o(.constdata)
    .data                                    0x20000000   Section      384  main.o(.data)
    .data                                    0x20000180   Section       12  stm32f4xx_hal.o(.data)
    .data                                    0x2000018c   Section        4  system_stm32f4xx.o(.data)
    .bss                                     0x20000190   Section     1302  main.o(.bss)
    .bss                                     0x200006a8   Section       96  main.o(.bss)
    .bss                                     0x20000708   Section       96  main.o(.bss)
    .bss                                     0x20000768   Section       96  main.o(.bss)
    .bss                                     0x200007c8   Section       32  stm32f4xx_hal_flash.o(.bss)
    .bss                                     0x200007e8   Section       96  libspace.o(.bss)
    HEAP                                     0x20000848   Section      512  startup_stm32f407xx.o(HEAP)
    Heap_Mem                                 0x20000848   Data         512  startup_stm32f407xx.o(HEAP)
    STACK                                    0x20000a48   Section     1024  startup_stm32f407xx.o(STACK)
    Stack_Mem                                0x20000a48   Data        1024  startup_stm32f407xx.o(STACK)
    __initial_sp                             0x20000e48   Data           0  startup_stm32f407xx.o(STACK)

    Global Symbols

    Symbol Name                              Value     Ov Type        Size  Object(Section)

    BuildAttributes$$THM_ISAv4$E$P$D$K$B$S$7EM$VFPi3$EXTD16$VFPS$VFMA$PE$A:L22UL41UL21$X:L11$S22US41US21$IEEE1$IW$USESV6$~STKCKD$USESV7$~SHL$OTIME$ROPI$IEEEX$EBA8$UX$STANDARDLIB$REQ8$PRES8$EABIv2 0x00000000   Number         0  anon$$obj.o ABSOLUTE
    __ARM_use_no_argv                        0x00000000   Number         0  main.o ABSOLUTE
    __ARM_exceptions_init                     - Undefined Weak Reference
    __alloca_initialize                       - Undefined Weak Reference
    __arm_preinit_                            - Undefined Weak Reference
    __cpp_initialize__aeabi_                  - Undefined Weak Reference
    __cxa_finalize                            - Undefined Weak Reference
    __rt_locale                               - Undefined Weak Reference
    __sigvec_lookup                           - Undefined Weak Reference
    _atexit_init                              - Undefined Weak Reference
    _call_atexit_fns                          - Undefined Weak Reference
    _clock_init                               - Undefined Weak Reference
    _fp_trap_init                             - Undefined Weak Reference
    _fp_trap_shutdown                         - Undefined Weak Reference
    _get_lc_collate                           - Undefined Weak Reference
    _get_lc_ctype                             - Undefined Weak Reference
    _get_lc_monetary                          - Undefined Weak Reference
    _get_lc_numeric                           - Undefined Weak Reference
    _get_lc_time                              - Undefined Weak Reference
    _getenv_init                              - Undefined Weak Reference
    _handle_redirection                       - Undefined Weak Reference
    _init_alloc                               - Undefined Weak Reference
    _init_user_alloc                          - Undefined Weak Reference
    _initio                                   - Undefined Weak Reference
    _rand_init                                - Undefined Weak Reference
    _signal_finish                            - Undefined Weak Reference
    _signal_init                              - Undefined Weak Reference
    _terminate_alloc                          - Undefined Weak Reference
    _terminate_user_alloc                     - Undefined Weak Reference
    _terminateio                              - Undefined Weak Reference
    __Vectors_Size                           0x00000188   Number         0  startup_stm32f407xx.o ABSOLUTE
    __Vectors                                0x08000000   Data           4  startup_stm32f407xx.o(RESET)
    __Vectors_End                            0x08000188   Data           0  startup_stm32f407xx.o(RESET)
    __main                                   0x08000189   Thumb Code     8  __main.o(!!!main)
    __scatterload                            0x08000191   Thumb Code     0  __scatter.o(!!!scatter)
    __scatterload_rt2                        0x08000191   Thumb Code    44  __scatter.o(!!!scatter)
    __scatterload_rt2_thumb_only             0x08000191   Thumb Code     0  __scatter.o(!!!scatter)
    __scatterload_null                       0x0800019f   Thumb Code     0  __scatter.o(!!!scatter)
    __decompress                             0x080001c5   Thumb Code    90  __dczerorl2.o(!!dczerorl2)
    __decompress1                            0x080001c5   Thumb Code     0  __dczerorl2.o(!!dczerorl2)
    __scatterload_zeroinit                   0x08000221   Thumb Code    28  __scatter_zi.o(!!handler_zi)
    __rt_lib_init                            0x0800023d   Thumb Code     0  libinit.o(.ARM.Collect$$libinit$$00000000)
    __rt_lib_init_fp_1                       0x0800023f   Thumb Code     0  libinit2.o(.ARM.Collect$$libinit$$00000001)
    __rt_lib_init_alloca_1                   0x08000243   Thumb Code     0  libinit2.o(.ARM.Collect$$libinit$$0000002E)
    __rt_lib_init_argv_1                     0x08000243   Thumb Code     0  libinit2.o(.ARM.Collect$$libinit$$0000002C)
    __rt_lib_init_atexit_1                   0x08000243   Thumb Code     0  libinit2.o(.ARM.Collect$$libinit$$0000001B)
    __rt_lib_init_clock_1                    0x08000243   Thumb Code     0  libinit2.o(.ARM.Collect$$libinit$$00000021)
    __rt_lib_init_cpp_1                      0x08000243   Thumb Code     0  libinit2.o(.ARM.Collect$$libinit$$00000032)
    __rt_lib_init_exceptions_1               0x08000243   Thumb Code     0  libinit2.o(.ARM.Collect$$libinit$$00000030)
    __rt_lib_init_fp_trap_1                  0x08000243   Thumb Code     0  libinit2.o(.ARM.Collect$$libinit$$0000001F)
    __rt_lib_init_getenv_1                   0x08000243   Thumb Code     0  libinit2.o(.ARM.Collect$$libinit$$00000023)
    __rt_lib_init_heap_1                     0x08000243   Thumb Code     0  libinit2.o(.ARM.Collect$$libinit$$0000000A)
    __rt_lib_init_lc_collate_1               0x08000243   Thumb Code     0  libinit2.o(.ARM.Collect$$libinit$$00000011)
    __rt_lib_init_lc_ctype_1                 0x08000243   Thumb Code     0  libinit2.o(.ARM.Collect$$libinit$$00000013)
    __rt_lib_init_lc_monetary_1              0x08000243   Thumb Code     0  libinit2.o(.ARM.Collect$$libinit$$00000015)
    __rt_lib_init_lc_numeric_1               0x08000243   Thumb Code     0  libinit2.o(.ARM.Collect$$libinit$$00000017)
    __rt_lib_init_lc_time_1                  0x08000243   Thumb Code     0  libinit2.o(.ARM.Collect$$libinit$$00000019)
    __rt_lib_init_preinit_1                  0x08000243   Thumb Code     0  libinit2.o(.ARM.Collect$$libinit$$00000004)
    __rt_lib_init_rand_1                     0x08000243   Thumb Code     0  libinit2.o(.ARM.Collect$$libinit$$0000000E)
    __rt_lib_init_return                     0x08000243   Thumb Code     0  libinit2.o(.ARM.Collect$$libinit$$00000033)
    __rt_lib_init_signal_1                   0x08000243   Thumb Code     0  libinit2.o(.ARM.Collect$$libinit$$0000001D)
    __rt_lib_init_stdio_1                    0x08000243   Thumb Code     0  libinit2.o(.ARM.Collect$$libinit$$00000025)
    __rt_lib_init_user_alloc_1               0x08000243   Thumb Code     0  libinit2.o(.ARM.Collect$$libinit$$0000000C)
    __rt_lib_shutdown                        0x08000245   Thumb Code     0  libshutdown.o(.ARM.Collect$$libshutdown$$00000000)
    __rt_lib_shutdown_cpp_1                  0x08000247   Thumb Code     0  libshutdown2.o(.ARM.Collect$$libshutdown$$00000002)
    __rt_lib_shutdown_fp_trap_1              0x08000247   Thumb Code     0  libshutdown2.o(.ARM.Collect$$libshutdown$$00000007)
    __rt_lib_shutdown_heap_1                 0x08000247   Thumb Code     0  libshutdown2.o(.ARM.Collect$$libshutdown$$0000000F)
    __rt_lib_shutdown_return                 0x08000247   Thumb Code     0  libshutdown2.o(.ARM.Collect$$libshutdown$$00000010)
    __rt_lib_shutdown_signal_1               0x08000247   Thumb Code     0  libshutdown2.o(.ARM.Collect$$libshutdown$$0000000A)
    __rt_lib_shutdown_stdio_1                0x08000247   Thumb Code     0  libshutdown2.o(.ARM.Collect$$libshutdown$$00000004)
    __rt_lib_shutdown_user_alloc_1           0x08000247   Thumb Code     0  libshutdown2.o(.ARM.Collect$$libshutdown$$0000000C)
    __rt_entry                               0x08000249   Thumb Code     0  __rtentry.o(.ARM.Collect$$rtentry$$00000000)
    __rt_entry_presh_1                       0x08000249   Thumb Code     0  __rtentry2.o(.ARM.Collect$$rtentry$$00000002)
    __rt_entry_sh                            0x08000249   Thumb Code     0  __rtentry4.o(.ARM.Collect$$rtentry$$00000004)
    __rt_entry_li                            0x0800024f   Thumb Code     0  __rtentry2.o(.ARM.Collect$$rtentry$$0000000A)
    __rt_entry_postsh_1                      0x0800024f   Thumb Code     0  __rtentry2.o(.ARM.Collect$$rtentry$$00000009)
    __rt_entry_main                          0x08000253   Thumb Code     0  __rtentry2.o(.ARM.Collect$$rtentry$$0000000D)
    __rt_entry_postli_1                      0x08000253   Thumb Code     0  __rtentry2.o(.ARM.Collect$$rtentry$$0000000C)
    __rt_exit                                0x0800025b   Thumb Code     0  rtexit.o(.ARM.Collect$$rtexit$$00000000)
    __rt_exit_ls                             0x0800025d   Thumb Code     0  rtexit2.o(.ARM.Collect$$rtexit$$00000003)
    __rt_exit_prels_1                        0x0800025d   Thumb Code     0  rtexit2.o(.ARM.Collect$$rtexit$$00000002)
    __rt_exit_exit                           0x08000261   Thumb Code     0  rtexit2.o(.ARM.Collect$$rtexit$$00000004)
    Reset_Handler                            0x08000269   Thumb Code     8  startup_stm32f407xx.o(.text)
    ADC_IRQHandler                           0x08000283   Thumb Code     0  startup_stm32f407xx.o(.text)
    CAN1_RX0_IRQHandler                      0x08000283   Thumb Code     0  startup_stm32f407xx.o(.text)
    CAN1_RX1_IRQHandler                      0x08000283   Thumb Code     0  startup_stm32f407xx.o(.text)
    CAN1_SCE_IRQHandler                      0x08000283   Thumb Code     0  startup_stm32f407xx.o(.text)
    CAN1_TX_IRQHandler                       0x08000283   Thumb Code     0  startup_stm32f407xx.o(.text)
    CAN2_RX0_IRQHandler                      0x08000283   Thumb Code     0  startup_stm32f407xx.o(.text)
    CAN2_RX1_IRQHandler                      0x08000283   Thumb Code     0  startup_stm32f407xx.o(.text)
    CAN2_SCE_IRQHandler                      0x08000283   Thumb Code     0  startup_stm32f407xx.o(.text)
    CAN2_TX_IRQHandler                       0x08000283   Thumb Code     0  startup_stm32f407xx.o(.text)
    DCMI_IRQHandler                          0x08000283   Thumb Code     0  startup_stm32f407xx.o(.text)
    DMA1_Stream1_IRQHandler                  0x08000283   Thumb Code     0  startup_stm32f407xx.o(.text)
    DMA1_Stream2_IRQHandler                  0x08000283   Thumb Code     0  startup_stm32f407xx.o(.text)
    DMA1_Stream3_IRQHandler                  0x08000283   Thumb Code     0  startup_stm32f407xx.o(.text)
    DMA1_Stream4_IRQHandler                  0x08000283   Thumb Code     0  startup_stm32f407xx.o(.text)
    DMA1_Stream5_IRQHandler                  0x08000283   Thumb Code     0  startup_stm32f407xx.o(.text)
    DMA1_Stream6_IRQHandler                  0x08000283   Thumb Code     0  startup_stm32f407xx.o(.text)
    DMA2_Stream1_IRQHandler                  0x08000283   Thumb Code     0  startup_stm32f407xx.o(.text)
    DMA2_Stream2_IRQHandler                  0x08000283   Thumb Code     0  startup_stm32f407xx.o(.text)
    DMA2_Stream3_IRQHandler                  0x08000283   Thumb Code     0  startup_stm32f407xx.o(.text)
    DMA2_Stream4_IRQHandler                  0x08000283   Thumb Code     0  startup_stm32f407xx.o(.text)
    DMA2_Stream5_IRQHandler                  0x08000283   Thumb Code     0  startup_stm32f407xx.o(.text)
    DMA2_Stream6_IRQHandler                  0x08000283   Thumb Code     0  startup_stm32f407xx.o(.text)
    DMA2_Stream7_IRQHandler                  0x08000283   Thumb Code     0  startup_stm32f407xx.o(.text)
    ETH_IRQHandler                           0x08000283   Thumb Code     0  startup_stm32f407xx.o(.text)
    ETH_WKUP_IRQHandler                      0x08000283   Thumb Code     0  startup_stm32f407xx.o(.text)
    EXTI0_IRQHandler                         0x08000283   Thumb Code     0  startup_stm32f407xx.o(.text)
    EXTI15_10_IRQHandler                     0x08000283   Thumb Code     0  startup_stm32f407xx.o(.text)
    EXTI1_IRQHandler                         0x08000283   Thumb Code     0  startup_stm32f407xx.o(.text)
    EXTI2_IRQHandler                         0x08000283   Thumb Code     0  startup_stm32f407xx.o(.text)
    EXTI3_IRQHandler                         0x08000283   Thumb Code     0  startup_stm32f407xx.o(.text)
    EXTI4_IRQHandler                         0x08000283   Thumb Code     0  startup_stm32f407xx.o(.text)
    FLASH_IRQHandler                         0x08000283   Thumb Code     0  startup_stm32f407xx.o(.text)
    FMC_IRQHandler                           0x08000283   Thumb Code     0  startup_stm32f407xx.o(.text)
    FPU_IRQHandler                           0x08000283   Thumb Code     0  startup_stm32f407xx.o(.text)
    HASH_RNG_IRQHandler                      0x08000283   Thumb Code     0  startup_stm32f407xx.o(.text)
    I2C1_ER_IRQHandler                       0x08000283   Thumb Code     0  startup_stm32f407xx.o(.text)
    I2C1_EV_IRQHandler                       0x08000283   Thumb Code     0  startup_stm32f407xx.o(.text)
    I2C2_ER_IRQHandler                       0x08000283   Thumb Code     0  startup_stm32f407xx.o(.text)
    I2C2_EV_IRQHandler                       0x08000283   Thumb Code     0  startup_stm32f407xx.o(.text)
    I2C3_ER_IRQHandler                       0x08000283   Thumb Code     0  startup_stm32f407xx.o(.text)
    I2C3_EV_IRQHandler                       0x08000283   Thumb Code     0  startup_stm32f407xx.o(.text)
    OTG_FS_IRQHandler                        0x08000283   Thumb Code     0  startup_stm32f407xx.o(.text)
    OTG_FS_WKUP_IRQHandler                   0x08000283   Thumb Code     0  startup_stm32f407xx.o(.text)
    OTG_HS_EP1_IN_IRQHandler                 0x08000283   Thumb Code     0  startup_stm32f407xx.o(.text)
    OTG_HS_EP1_OUT_IRQHandler                0x08000283   Thumb Code     0  startup_stm32f407xx.o(.text)
    OTG_HS_IRQHandler                        0x08000283   Thumb Code     0  startup_stm32f407xx.o(.text)
    OTG_HS_WKUP_IRQHandler                   0x08000283   Thumb Code     0  startup_stm32f407xx.o(.text)
    PVD_IRQHandler                           0x08000283   Thumb Code     0  startup_stm32f407xx.o(.text)
    RCC_IRQHandler                           0x08000283   Thumb Code     0  startup_stm32f407xx.o(.text)
    RTC_Alarm_IRQHandler                     0x08000283   Thumb Code     0  startup_stm32f407xx.o(.text)
    RTC_WKUP_IRQHandler                      0x08000283   Thumb Code     0  startup_stm32f407xx.o(.text)
    SDIO_IRQHandler                          0x08000283   Thumb Code     0  startup_stm32f407xx.o(.text)
    SPI1_IRQHandler                          0x08000283   Thumb Code     0  startup_stm32f407xx.o(.text)
    SPI2_IRQHandler                          0x08000283   Thumb Code     0  startup_stm32f407xx.o(.text)
    SPI3_IRQHandler                          0x08000283   Thumb Code     0  startup_stm32f407xx.o(.text)
    TAMP_STAMP_IRQHandler                    0x08000283   Thumb Code     0  startup_stm32f407xx.o(.text)
    TIM1_BRK_TIM9_IRQHandler                 0x08000283   Thumb Code     0  startup_stm32f407xx.o(.text)
    TIM1_CC_IRQHandler                       0x08000283   Thumb Code     0  startup_stm32f407xx.o(.text)
    TIM1_TRG_COM_TIM11_IRQHandler            0x08000283   Thumb Code     0  startup_stm32f407xx.o(.text)
    TIM1_UP_TIM10_IRQHandler                 0x08000283   Thumb Code     0  startup_stm32f407xx.o(.text)
    TIM3_IRQHandler                          0x08000283   Thumb Code     0  startup_stm32f407xx.o(.text)
    TIM7_IRQHandler                          0x08000283   Thumb Code     0  startup_stm32f407xx.o(.text)
    TIM8_BRK_TIM12_IRQHandler                0x08000283   Thumb Code     0  startup_stm32f407xx.o(.text)
    TIM8_CC_IRQHandler                       0x08000283   Thumb Code     0  startup_stm32f407xx.o(.text)
    TIM8_TRG_COM_TIM14_IRQHandler            0x08000283   Thumb Code     0  startup_stm32f407xx.o(.text)
    TIM8_UP_TIM13_IRQHandler                 0x08000283   Thumb Code     0  startup_stm32f407xx.o(.text)
    UART4_IRQHandler                         0x08000283   Thumb Code     0  startup_stm32f407xx.o(.text)
    USART1_IRQHandler                        0x08000283   Thumb Code     0  startup_stm32f407xx.o(.text)
    USART2_IRQHandler                        0x08000283   Thumb Code     0  startup_stm32f407xx.o(.text)
    USART3_IRQHandler                        0x08000283   Thumb Code     0  startup_stm32f407xx.o(.text)
    USART6_IRQHandler                        0x08000283   Thumb Code     0  startup_stm32f407xx.o(.text)
    WWDG_IRQHandler                          0x08000283   Thumb Code     0  startup_stm32f407xx.o(.text)
    __user_initial_stackheap                 0x08000285   Thumb Code     0  startup_stm32f407xx.o(.text)
    __aeabi_uldivmod                         0x080002a9   Thumb Code     0  lludivv7m.o(.text)
    _ll_udiv                                 0x080002a9   Thumb Code   238  lludivv7m.o(.text)
    __aeabi_memclr4                          0x08000397   Thumb Code     0  rt_memclr_w.o(.text)
    __aeabi_memclr8                          0x08000397   Thumb Code     0  rt_memclr_w.o(.text)
    __rt_memclr_w                            0x08000397   Thumb Code    78  rt_memclr_w.o(.text)
    _memset_w                                0x0800039b   Thumb Code     0  rt_memclr_w.o(.text)
    __use_two_region_memory                  0x080003e5   Thumb Code     2  heapauxi.o(.text)
    __rt_heap_escrow$2region                 0x080003e7   Thumb Code     2  heapauxi.o(.text)
    __rt_heap_expand$2region                 0x080003e9   Thumb Code     2  heapauxi.o(.text)
    __read_errno                             0x080003eb   Thumb Code    10  _rserrno.o(.text)
    __set_errno                              0x080003f5   Thumb Code    12  _rserrno.o(.text)
    __aeabi_errno_addr                       0x08000401   Thumb Code     8  rt_errno_addr_intlibspace.o(.text)
    __errno$intlibspace                      0x08000401   Thumb Code     0  rt_errno_addr_intlibspace.o(.text)
    __rt_errno_addr$intlibspace              0x08000401   Thumb Code     0  rt_errno_addr_intlibspace.o(.text)
    __user_libspace                          0x08000409   Thumb Code     8  libspace.o(.text)
    __user_perproc_libspace                  0x08000409   Thumb Code     0  libspace.o(.text)
    __user_perthread_libspace                0x08000409   Thumb Code     0  libspace.o(.text)
    __user_setup_stackheap                   0x08000411   Thumb Code    74  sys_stackheap_outer.o(.text)
    exit                                     0x0800045b   Thumb Code    18  exit.o(.text)
    _sys_exit                                0x0800046d   Thumb Code     8  sys_exit.o(.text)
    __I$use$semihosting                      0x08000479   Thumb Code     0  use_no_semi.o(.text)
    __use_no_semihosting_swi                 0x08000479   Thumb Code     2  use_no_semi.o(.text)
    __semihosting_library_function           0x0800047b   Thumb Code     0  indicate_semi.o(.text)
    BusFault_Handler                         0x08000631   Thumb Code     2  stm32f4xx_it.o(i.BusFault_Handler)
    DMA1_Stream0_IRQHandler                  0x08000635   Thumb Code     6  stm32f4xx_it.o(i.DMA1_Stream0_IRQHandler)
    DMA1_Stream7_IRQHandler                  0x08000641   Thumb Code     6  stm32f4xx_it.o(i.DMA1_Stream7_IRQHandler)
    DMA2_Stream0_IRQHandler                  0x0800064d   Thumb Code     6  stm32f4xx_it.o(i.DMA2_Stream0_IRQHandler)
    Debug                                    0x080006fd   Thumb Code   192  main.o(i.Debug)
    DebugMon_Handler                         0x080007c9   Thumb Code     2  stm32f4xx_it.o(i.DebugMon_Handler)
    EXTI9_5_IRQHandler                       0x080007cd   Thumb Code    32  stm32f4xx_it.o(i.EXTI9_5_IRQHandler)
    Error_Handler                            0x080007f5   Thumb Code     4  main.o(i.Error_Handler)
    FLASH_Erase_Sector                       0x080007f9   Thumb Code    74  stm32f4xx_hal_flash_ex.o(i.FLASH_Erase_Sector)
    FLASH_WaitForLastOperation               0x08000945   Thumb Code    72  stm32f4xx_hal_flash.o(i.FLASH_WaitForLastOperation)
    HAL_ADC_ConfigChannel                    0x08000995   Thumb Code   316  stm32f4xx_hal_adc.o(i.HAL_ADC_ConfigChannel)
    HAL_ADC_ConvCpltCallback                 0x08000ae1   Thumb Code     2  stm32f4xx_hal_adc.o(i.HAL_ADC_ConvCpltCallback)
    HAL_ADC_ConvHalfCpltCallback             0x08000ae3   Thumb Code     2  stm32f4xx_hal_adc.o(i.HAL_ADC_ConvHalfCpltCallback)
    HAL_ADC_ErrorCallback                    0x08000ae5   Thumb Code     2  stm32f4xx_hal_adc.o(i.HAL_ADC_ErrorCallback)
    HAL_ADC_Init                             0x08000ae7   Thumb Code    84  stm32f4xx_hal_adc.o(i.HAL_ADC_Init)
    HAL_ADC_MspInit                          0x08000b3d   Thumb Code   132  stm32f4xx_hal_msp.o(i.HAL_ADC_MspInit)
    HAL_ADC_Start                            0x08000bd5   Thumb Code   228  stm32f4xx_hal_adc.o(i.HAL_ADC_Start)
    HAL_ADC_Start_DMA                        0x08000cd1   Thumb Code   302  stm32f4xx_hal_adc.o(i.HAL_ADC_Start_DMA)
    HAL_DMA_Abort                            0x08000e25   Thumb Code   146  stm32f4xx_hal_dma.o(i.HAL_DMA_Abort)
    HAL_DMA_Abort_IT                         0x08000eb7   Thumb Code    36  stm32f4xx_hal_dma.o(i.HAL_DMA_Abort_IT)
    HAL_DMA_IRQHandler                       0x08000edd   Thumb Code   412  stm32f4xx_hal_dma.o(i.HAL_DMA_IRQHandler)
    HAL_DMA_Init                             0x0800107d   Thumb Code   206  stm32f4xx_hal_dma.o(i.HAL_DMA_Init)
    HAL_DMA_Start_IT                         0x08001151   Thumb Code   110  stm32f4xx_hal_dma.o(i.HAL_DMA_Start_IT)
    HAL_Delay                                0x080011c1   Thumb Code    32  stm32f4xx_hal.o(i.HAL_Delay)
    HAL_FLASH_Lock                           0x080011e5   Thumb Code    14  stm32f4xx_hal_flash.o(i.HAL_FLASH_Lock)
    HAL_FLASH_Program                        0x080011f9   Thumb Code   116  stm32f4xx_hal_flash.o(i.HAL_FLASH_Program)
    HAL_FLASH_Unlock                         0x08001275   Thumb Code    32  stm32f4xx_hal_flash.o(i.HAL_FLASH_Unlock)
    HAL_GPIO_EXTI_Callback                   0x080012a1   Thumb Code     2  stm32f4xx_hal_gpio.o(i.HAL_GPIO_EXTI_Callback)
    HAL_GPIO_EXTI_IRQHandler                 0x080012a5   Thumb Code    18  stm32f4xx_hal_gpio.o(i.HAL_GPIO_EXTI_IRQHandler)
    HAL_GPIO_Init                            0x080012bd   Thumb Code   450  stm32f4xx_hal_gpio.o(i.HAL_GPIO_Init)
    HAL_GPIO_ReadPin                         0x080014ad   Thumb Code    10  stm32f4xx_hal_gpio.o(i.HAL_GPIO_ReadPin)
    HAL_GPIO_WritePin                        0x080014b7   Thumb Code    10  stm32f4xx_hal_gpio.o(i.HAL_GPIO_WritePin)
    HAL_GetTick                              0x080014c1   Thumb Code     6  stm32f4xx_hal.o(i.HAL_GetTick)
    HAL_IncTick                              0x080014cd   Thumb Code    12  stm32f4xx_hal.o(i.HAL_IncTick)
    HAL_Init                                 0x080014dd   Thumb Code    48  stm32f4xx_hal.o(i.HAL_Init)
    HAL_InitTick                             0x08001511   Thumb Code    54  stm32f4xx_hal.o(i.HAL_InitTick)
    HAL_MspInit                              0x08001551   Thumb Code    42  stm32f4xx_hal_msp.o(i.HAL_MspInit)
    HAL_NVIC_EnableIRQ                       0x08001581   Thumb Code    26  stm32f4xx_hal_cortex.o(i.HAL_NVIC_EnableIRQ)
    HAL_NVIC_SetPriority                     0x0800159d   Thumb Code    60  stm32f4xx_hal_cortex.o(i.HAL_NVIC_SetPriority)
    HAL_NVIC_SetPriorityGrouping             0x080015dd   Thumb Code    26  stm32f4xx_hal_cortex.o(i.HAL_NVIC_SetPriorityGrouping)
    HAL_RCC_ClockConfig                      0x08001601   Thumb Code   288  stm32f4xx_hal_rcc.o(i.HAL_RCC_ClockConfig)
    HAL_RCC_GetPCLK1Freq                     0x08001735   Thumb Code    20  stm32f4xx_hal_rcc.o(i.HAL_RCC_GetPCLK1Freq)
    HAL_RCC_GetPCLK2Freq                     0x08001755   Thumb Code    20  stm32f4xx_hal_rcc.o(i.HAL_RCC_GetPCLK2Freq)
    HAL_RCC_GetSysClockFreq                  0x08001775   Thumb Code    88  stm32f4xx_hal_rcc.o(i.HAL_RCC_GetSysClockFreq)
    HAL_RCC_OscConfig                        0x080017d5   Thumb Code   856  stm32f4xx_hal_rcc.o(i.HAL_RCC_OscConfig)
    HAL_SYSTICK_Config                       0x08001b41   Thumb Code    40  stm32f4xx_hal_cortex.o(i.HAL_SYSTICK_Config)
    HAL_TIMEx_BreakCallback                  0x08001b69   Thumb Code     2  stm32f4xx_hal_tim_ex.o(i.HAL_TIMEx_BreakCallback)
    HAL_TIMEx_CommutCallback                 0x08001b6b   Thumb Code     2  stm32f4xx_hal_tim_ex.o(i.HAL_TIMEx_CommutCallback)
    HAL_TIMEx_MasterConfigSynchronization    0x08001b6d   Thumb Code   116  stm32f4xx_hal_tim_ex.o(i.HAL_TIMEx_MasterConfigSynchronization)
    HAL_TIM_Base_Init                        0x08001bfd   Thumb Code    90  stm32f4xx_hal_tim.o(i.HAL_TIM_Base_Init)
    HAL_TIM_Base_MspInit                     0x08001c59   Thumb Code   228  stm32f4xx_hal_msp.o(i.HAL_TIM_Base_MspInit)
    HAL_TIM_Base_Start_IT                    0x08001d59   Thumb Code   100  stm32f4xx_hal_tim.o(i.HAL_TIM_Base_Start_IT)
    HAL_TIM_Base_Stop_IT                     0x08001dd9   Thumb Code    48  stm32f4xx_hal_tim.o(i.HAL_TIM_Base_Stop_IT)
    HAL_TIM_ConfigClockSource                0x08001e09   Thumb Code   220  stm32f4xx_hal_tim.o(i.HAL_TIM_ConfigClockSource)
    HAL_TIM_IC_CaptureCallback               0x08001ee5   Thumb Code     2  stm32f4xx_hal_tim.o(i.HAL_TIM_IC_CaptureCallback)
    HAL_TIM_IC_Start_IT                      0x08001ee9   Thumb Code   240  stm32f4xx_hal_tim.o(i.HAL_TIM_IC_Start_IT)
    HAL_TIM_IRQHandler                       0x08001ff5   Thumb Code   358  stm32f4xx_hal_tim.o(i.HAL_TIM_IRQHandler)
    HAL_TIM_MspPostInit                      0x0800215d   Thumb Code   146  stm32f4xx_hal_msp.o(i.HAL_TIM_MspPostInit)
    HAL_TIM_OC_DelayElapsedCallback          0x08002201   Thumb Code     2  stm32f4xx_hal_tim.o(i.HAL_TIM_OC_DelayElapsedCallback)
    HAL_TIM_PWM_ConfigChannel                0x08002203   Thumb Code   204  stm32f4xx_hal_tim.o(i.HAL_TIM_PWM_ConfigChannel)
    HAL_TIM_PWM_Init                         0x080022cf   Thumb Code    90  stm32f4xx_hal_tim.o(i.HAL_TIM_PWM_Init)
    HAL_TIM_PWM_MspInit                      0x08002329   Thumb Code    30  stm32f4xx_hal_msp.o(i.HAL_TIM_PWM_MspInit)
    HAL_TIM_PWM_PulseFinishedCallback        0x08002351   Thumb Code     2  stm32f4xx_hal_tim.o(i.HAL_TIM_PWM_PulseFinishedCallback)
    HAL_TIM_PWM_Start_IT                     0x08002355   Thumb Code   216  stm32f4xx_hal_tim.o(i.HAL_TIM_PWM_Start_IT)
    HAL_TIM_PWM_Stop_IT                      0x08002449   Thumb Code   178  stm32f4xx_hal_tim.o(i.HAL_TIM_PWM_Stop_IT)
    HAL_TIM_PeriodElapsedCallback            0x08002505   Thumb Code   228  main.o(i.HAL_TIM_PeriodElapsedCallback)
    HAL_TIM_TriggerCallback                  0x08002611   Thumb Code     2  stm32f4xx_hal_tim.o(i.HAL_TIM_TriggerCallback)
    HAL_UARTEx_ReceiveToIdle_DMA             0x08002613   Thumb Code    86  stm32f4xx_hal_uart.o(i.HAL_UARTEx_ReceiveToIdle_DMA)
    HAL_UARTEx_RxEventCallback               0x08002669   Thumb Code   704  main.o(i.HAL_UARTEx_RxEventCallback)
    HAL_UART_ErrorCallback                   0x08002935   Thumb Code     2  stm32f4xx_hal_uart.o(i.HAL_UART_ErrorCallback)
    HAL_UART_IRQHandler                      0x08002939   Thumb Code   610  stm32f4xx_hal_uart.o(i.HAL_UART_IRQHandler)
    HAL_UART_Init                            0x08002ba1   Thumb Code    98  stm32f4xx_hal_uart.o(i.HAL_UART_Init)
    HAL_UART_MspInit                         0x08002c05   Thumb Code   242  stm32f4xx_hal_msp.o(i.HAL_UART_MspInit)
    HAL_UART_RxCpltCallback                  0x08002d15   Thumb Code     2  stm32f4xx_hal_uart.o(i.HAL_UART_RxCpltCallback)
    HAL_UART_RxHalfCpltCallback              0x08002d17   Thumb Code     2  stm32f4xx_hal_uart.o(i.HAL_UART_RxHalfCpltCallback)
    HAL_UART_Transmit_DMA                    0x08002d19   Thumb Code   126  stm32f4xx_hal_uart.o(i.HAL_UART_Transmit_DMA)
    HAL_UART_TxCpltCallback                  0x08002da5   Thumb Code    20  main.o(i.HAL_UART_TxCpltCallback)
    HAL_UART_TxHalfCpltCallback              0x08002dc1   Thumb Code     2  stm32f4xx_hal_uart.o(i.HAL_UART_TxHalfCpltCallback)
    HardFault_Handler                        0x08002dc3   Thumb Code     2  stm32f4xx_it.o(i.HardFault_Handler)
    MemManage_Handler                        0x080032d1   Thumb Code     2  stm32f4xx_it.o(i.MemManage_Handler)
    NMI_Handler                              0x080032d3   Thumb Code     2  stm32f4xx_it.o(i.NMI_Handler)
    PID_control_temperature1                 0x080032d5   Thumb Code   222  main.o(i.PID_control_temperature1)
    PendSV_Handler                           0x080033d5   Thumb Code     2  stm32f4xx_it.o(i.PendSV_Handler)
    Pha_cafe                                 0x080033d9   Thumb Code   558  main.o(i.Pha_cafe)
    SVC_Handler                              0x08003621   Thumb Code     2  stm32f4xx_it.o(i.SVC_Handler)
    SysTick_Handler                          0x08003623   Thumb Code     4  stm32f4xx_it.o(i.SysTick_Handler)
    SystemClock_Config                       0x08003629   Thumb Code   138  main.o(i.SystemClock_Config)
    SystemInit                               0x080036bd   Thumb Code    12  system_stm32f4xx.o(i.SystemInit)
    TIM2_IRQHandler                          0x080036cd   Thumb Code     6  stm32f4xx_it.o(i.TIM2_IRQHandler)
    TIM4_IRQHandler                          0x080036d9   Thumb Code     6  stm32f4xx_it.o(i.TIM4_IRQHandler)
    TIM5_IRQHandler                          0x080036e5   Thumb Code     6  stm32f4xx_it.o(i.TIM5_IRQHandler)
    TIM6_DAC_IRQHandler                      0x080036f1   Thumb Code     6  stm32f4xx_it.o(i.TIM6_DAC_IRQHandler)
    TIM_Base_SetConfig                       0x080036fd   Thumb Code   156  stm32f4xx_hal_tim.o(i.TIM_Base_SetConfig)
    TIM_CCxChannelCmd                        0x080037c5   Thumb Code    26  stm32f4xx_hal_tim.o(i.TIM_CCxChannelCmd)
    TIM_ETR_SetConfig                        0x080037df   Thumb Code    20  stm32f4xx_hal_tim.o(i.TIM_ETR_SetConfig)
    TIM_OC2_SetConfig                        0x08003865   Thumb Code    98  stm32f4xx_hal_tim.o(i.TIM_OC2_SetConfig)
    UART5_IRQHandler                         0x080039d1   Thumb Code     6  stm32f4xx_it.o(i.UART5_IRQHandler)
    UART_Start_Receive_DMA                   0x08003d55   Thumb Code   134  stm32f4xx_hal_uart.o(i.UART_Start_Receive_DMA)
    UsageFault_Handler                       0x08003de9   Thumb Code     2  stm32f4xx_it.o(i.UsageFault_Handler)
    VesinhMay                                0x08003ded   Thumb Code   682  main.o(i.VesinhMay)
    __ARM_fpclassify                         0x080040ad   Thumb Code    48  fpclassify.o(i.__ARM_fpclassify)
    __hardfp_log                             0x08004101   Thumb Code   872  log.o(i.__hardfp_log)
    __hardfp_pow                             0x080044c9   Thumb Code  3072  pow.o(i.__hardfp_pow)
    __kernel_poly                            0x08005119   Thumb Code   248  poly.o(i.__kernel_poly)
    __mathlib_dbl_divzero                    0x08005211   Thumb Code    28  dunder.o(i.__mathlib_dbl_divzero)
    __mathlib_dbl_infnan                     0x08005241   Thumb Code    20  dunder.o(i.__mathlib_dbl_infnan)
    __mathlib_dbl_infnan2                    0x08005255   Thumb Code    20  dunder.o(i.__mathlib_dbl_infnan2)
    __mathlib_dbl_invalid                    0x08005269   Thumb Code    24  dunder.o(i.__mathlib_dbl_invalid)
    __mathlib_dbl_overflow                   0x08005289   Thumb Code    24  dunder.o(i.__mathlib_dbl_overflow)
    __mathlib_dbl_underflow                  0x080052a9   Thumb Code    24  dunder.o(i.__mathlib_dbl_underflow)
    fabs                                     0x080052c9   Thumb Code    24  fabs.o(i.fabs)
    main                                     0x080052e1   Thumb Code   370  main.o(i.main)
    read_Temp_boiler                         0x08005479   Thumb Code   270  main.o(i.read_Temp_boiler)
    read_pressure                            0x080055cd   Thumb Code   172  main.o(i.read_pressure)
    read_temp_coi                            0x08005689   Thumb Code   288  main.o(i.read_temp_coi)
    send_data                                0x080057e1   Thumb Code   586  main.o(i.send_data)
    sqrt                                     0x08005a45   Thumb Code   110  sqrt.o(i.sqrt)
    __aeabi_dneg                             0x08005ab3   Thumb Code     0  basic.o(x$fpl$basic)
    _dneg                                    0x08005ab3   Thumb Code     6  basic.o(x$fpl$basic)
    __aeabi_fneg                             0x08005ab9   Thumb Code     0  basic.o(x$fpl$basic)
    _fneg                                    0x08005ab9   Thumb Code     6  basic.o(x$fpl$basic)
    _dabs                                    0x08005abf   Thumb Code     6  basic.o(x$fpl$basic)
    _fabs                                    0x08005ac5   Thumb Code     6  basic.o(x$fpl$basic)
    __aeabi_d2f                              0x08005acd   Thumb Code     0  d2f.o(x$fpl$d2f)
    _d2f                                     0x08005acd   Thumb Code    98  d2f.o(x$fpl$d2f)
    __aeabi_dadd                             0x08005b31   Thumb Code     0  daddsub_clz.o(x$fpl$dadd)
    _dadd                                    0x08005b31   Thumb Code   332  daddsub_clz.o(x$fpl$dadd)
    __fpl_dcheck_NaN1                        0x08005c81   Thumb Code    10  dcheck1.o(x$fpl$dcheck1)
    __fpl_dcmp_Inf                           0x08005c91   Thumb Code    24  dcmpi.o(x$fpl$dcmpinf)
    __aeabi_ddiv                             0x08005ca9   Thumb Code     0  ddiv.o(x$fpl$ddiv)
    _ddiv                                    0x08005ca9   Thumb Code   552  ddiv.o(x$fpl$ddiv)
    __aeabi_cdcmpeq                          0x08005f59   Thumb Code     0  deqf.o(x$fpl$deqf)
    _dcmpeq                                  0x08005f59   Thumb Code   120  deqf.o(x$fpl$deqf)
    __aeabi_d2iz                             0x08005fd1   Thumb Code     0  dfix.o(x$fpl$dfix)
    _dfix                                    0x08005fd1   Thumb Code    94  dfix.o(x$fpl$dfix)
    __aeabi_i2d                              0x0800602f   Thumb Code     0  dflt_clz.o(x$fpl$dflt)
    _dflt                                    0x0800602f   Thumb Code    46  dflt_clz.o(x$fpl$dflt)
    __aeabi_ui2d                             0x0800605d   Thumb Code     0  dflt_clz.o(x$fpl$dfltu)
    _dfltu                                   0x0800605d   Thumb Code    38  dflt_clz.o(x$fpl$dfltu)
    __aeabi_cdcmple                          0x08006085   Thumb Code     0  dleqf.o(x$fpl$dleqf)
    _dcmple                                  0x08006085   Thumb Code   120  dleqf.o(x$fpl$dleqf)
    __fpl_dcmple_InfNaN                      0x080060e7   Thumb Code     0  dleqf.o(x$fpl$dleqf)
    __aeabi_dmul                             0x080060fd   Thumb Code     0  dmul.o(x$fpl$dmul)
    _dmul                                    0x080060fd   Thumb Code   332  dmul.o(x$fpl$dmul)
    __fpl_dnaninf                            0x08006251   Thumb Code   156  dnaninf.o(x$fpl$dnaninf)
    __fpl_dretinf                            0x080062ed   Thumb Code    12  dretinf.o(x$fpl$dretinf)
    __aeabi_cdrcmple                         0x080062f9   Thumb Code     0  drleqf.o(x$fpl$drleqf)
    _drcmple                                 0x080062f9   Thumb Code   108  drleqf.o(x$fpl$drleqf)
    __aeabi_drsub                            0x08006365   Thumb Code     0  daddsub_clz.o(x$fpl$drsb)
    _drsb                                    0x08006365   Thumb Code    22  daddsub_clz.o(x$fpl$drsb)
    _dsqrt                                   0x0800637d   Thumb Code   404  dsqrt_umaal.o(x$fpl$dsqrt)
    __aeabi_dsub                             0x08006515   Thumb Code     0  daddsub_clz.o(x$fpl$dsub)
    _dsub                                    0x08006515   Thumb Code   464  daddsub_clz.o(x$fpl$dsub)
    __aeabi_f2d                              0x080066e9   Thumb Code     0  f2d.o(x$fpl$f2d)
    _f2d                                     0x080066e9   Thumb Code    86  f2d.o(x$fpl$f2d)
    __fpl_fnaninf                            0x0800673f   Thumb Code   140  fnaninf.o(x$fpl$fnaninf)
    _fp_init                                 0x080067cb   Thumb Code    10  fpinit.o(x$fpl$fpinit)
    __fplib_config_fpu_vfp                   0x080067d3   Thumb Code     0  fpinit.o(x$fpl$fpinit)
    __fplib_config_pureend_doubles           0x080067d3   Thumb Code     0  fpinit.o(x$fpl$fpinit)
    __fpl_fretinf                            0x080067d5   Thumb Code    10  fretinf.o(x$fpl$fretinf)
    __fpl_return_NaN                         0x080067df   Thumb Code   100  retnan.o(x$fpl$retnan)
    __ARM_scalbn                             0x08006843   Thumb Code    92  scalbn.o(x$fpl$scalbn)
    __fpl_cmpreturn                          0x0800689f   Thumb Code    48  trapv.o(x$fpl$trapveneer)
    __I$use$fp                               0x080068ce   Number         0  usenofp.o(x$fpl$usenofp)
    AHBPrescTable                            0x080068d6   Data          16  system_stm32f4xx.o(.constdata)
    APBPrescTable                            0x080068e6   Data           8  system_stm32f4xx.o(.constdata)
    __mathlib_zero                           0x080069b0   Data           8  qnan.o(.constdata)
    Region$$Table$$Base                      0x080069b8   Number         0  anon$$obj.o(Region$$Table)
    Region$$Table$$Limit                     0x080069d8   Number         0  anon$$obj.o(Region$$Table)
    atx1                                     0x20000000   Data           1  main.o(.data)
    atx2                                     0x20000001   Data           1  main.o(.data)
    atx3                                     0x20000002   Data           1  main.o(.data)
    atx4                                     0x20000003   Data           1  main.o(.data)
    atx5                                     0x20000004   Data           1  main.o(.data)
    count_wash                               0x20000005   Data           1  main.o(.data)
    xay                                      0x20000006   Data           1  main.o(.data)
    steam                                    0x20000007   Data           1  main.o(.data)
    water_boiler                             0x20000008   Data           1  main.o(.data)
    water_vale                               0x20000009   Data           1  main.o(.data)
    time_xay                                 0x2000000a   Data           2  main.o(.data)
    time_u_cafe                              0x2000000c   Data           2  main.o(.data)
    time_xa_cafe                             0x2000000e   Data           2  main.o(.data)
    PWM_step                                 0x20000010   Data           4  main.o(.data)
    PWM_bom                                  0x20000014   Data           4  main.o(.data)
    Ntc_temp                                 0x20000018   Data           4  main.o(.data)
    Ntc_temp_coi                             0x2000001c   Data           4  main.o(.data)
    size                                     0x20000020   Data           4  main.o(.data)
    counter_filter                           0x20000024   Data           4  main.o(.data)
    counter_filter_coi                       0x20000028   Data           4  main.o(.data)
    sum                                      0x2000002c   Data           4  main.o(.data)
    sum_tempcoi                              0x20000030   Data           4  main.o(.data)
    error                                    0x20000034   Data           4  main.o(.data)
    Kp                                       0x20000038   Data           4  main.o(.data)
    Ki                                       0x2000003c   Data           4  main.o(.data)
    Kd                                       0x20000040   Data           4  main.o(.data)
    error_coi                                0x20000044   Data           4  main.o(.data)
    Kp1                                      0x20000048   Data           4  main.o(.data)
    Ki1                                      0x2000004c   Data           4  main.o(.data)
    Kd1                                      0x20000050   Data           4  main.o(.data)
    count                                    0x20000054   Data           4  main.o(.data)
    x1                                       0x20000058   Data           4  main.o(.data)
    x2                                       0x2000005c   Data           4  main.o(.data)
    x3                                       0x20000060   Data           4  main.o(.data)
    x4                                       0x20000064   Data           4  main.o(.data)
    x5                                       0x20000068   Data           4  main.o(.data)
    Press_raw                                0x2000006c   Data           4  main.o(.data)
    Max_P                                    0x20000070   Data           4  main.o(.data)
    Min_P                                    0x20000074   Data           4  main.o(.data)
    Min_ADC                                  0x20000078   Data           4  main.o(.data)
    Max_ADC                                  0x2000007c   Data           4  main.o(.data)
    filter_count_P                           0x20000080   Data           4  main.o(.data)
    size_filter                              0x20000084   Data           4  main.o(.data)
    Sum_P                                    0x20000088   Data           4  main.o(.data)
    DataStorage                              0x2000008c   Data           4  main.o(.data)
    count_DMA                                0x20000090   Data           4  main.o(.data)
    count_TX                                 0x20000094   Data           4  main.o(.data)
    turn_off                                 0x20000098   Data           4  main.o(.data)
    turn_on                                  0x2000009c   Data           4  main.o(.data)
    change_to_page                           0x200000a0   Data           4  main.o(.data)
    TEMP_setup                               0x200000a4   Data           4  main.o(.data)
    Time_xay_cafe                            0x200000a8   Data           4  main.o(.data)
    Time_xa_cafe                             0x200000ac   Data           4  main.o(.data)
    Time_u_cafe                              0x200000b0   Data           4  main.o(.data)
    FLASH_ADD                                0x200000b4   Data           4  main.o(.data)
    Flow                                     0x200000b8   Data           4  main.o(.data)
    Flow_final                               0x200000bc   Data           4  main.o(.data)
    pulse                                    0x200000c0   Data           4  main.o(.data)
    time_count                               0x200000c4   Data           4  main.o(.data)
    Ntc_R                                    0x200000c8   Data           4  main.o(.data)
    Ntc_R_coi                                0x200000cc   Data           4  main.o(.data)
    TEMP                                     0x200000d0   Data           4  main.o(.data)
    TEMP_coi                                 0x200000d4   Data           4  main.o(.data)
    Pre_error                                0x200000d8   Data           4  main.o(.data)
    Output                                   0x200000dc   Data           4  main.o(.data)
    P_part                                   0x200000e0   Data           4  main.o(.data)
    I_part                                   0x200000e4   Data           4  main.o(.data)
    D_part                                   0x200000e8   Data           4  main.o(.data)
    Pre_error_coi                            0x200000ec   Data           4  main.o(.data)
    Output_coi                               0x200000f0   Data           4  main.o(.data)
    P_part_coi                               0x200000f4   Data           4  main.o(.data)
    I_part_coi                               0x200000f8   Data           4  main.o(.data)
    D_part_coi                               0x200000fc   Data           4  main.o(.data)
    Pressure_val                             0x20000100   Data           4  main.o(.data)
    P_bar                                    0x20000104   Data           4  main.o(.data)
    TEMP_int                                 0x20000108   Data           4  main.o(.data)
    P_bar_int                                0x2000010c   Data           4  main.o(.data)
    Flow_final_int                           0x20000110   Data           4  main.o(.data)
    ADC_raw                                  0x20000114   Data           6  main.o(.data)
    TxData                                   0x2000011a   Data          16  main.o(.data)
    TxData_Graph                             0x2000012a   Data          46  main.o(.data)
    ClearGraph_VarDisplay                    0x20000158   Data          40  main.o(.data)
    uwTickFreq                               0x20000180   Data           1  stm32f4xx_hal.o(.data)
    uwTickPrio                               0x20000184   Data           4  stm32f4xx_hal.o(.data)
    uwTick                                   0x20000188   Data           4  stm32f4xx_hal.o(.data)
    SystemCoreClock                          0x2000018c   Data           4  system_stm32f4xx.o(.data)
    hadc1                                    0x20000190   Data          72  main.o(.bss)
    htim1                                    0x200001d8   Data          72  main.o(.bss)
    htim2                                    0x20000220   Data          72  main.o(.bss)
    htim3                                    0x20000268   Data          72  main.o(.bss)
    htim4                                    0x200002b0   Data          72  main.o(.bss)
    htim5                                    0x200002f8   Data          72  main.o(.bss)
    htim6                                    0x20000340   Data          72  main.o(.bss)
    htim9                                    0x20000388   Data          72  main.o(.bss)
    htim11                                   0x200003d0   Data          72  main.o(.bss)
    huart5                                   0x20000418   Data          68  main.o(.bss)
    Temp_sum                                 0x2000045c   Data         400  main.o(.bss)
    Tempcoi_sum_10                           0x200005ec   Data          80  main.o(.bss)
    P_value_sum                              0x2000063c   Data          60  main.o(.bss)
    MainBuf                                  0x20000678   Data          36  main.o(.bss)
    Data_read_flash                          0x2000069c   Data          10  main.o(.bss)
    hdma_adc1                                0x200006a8   Data          96  main.o(.bss)
    hdma_uart5_rx                            0x20000708   Data          96  main.o(.bss)
    hdma_uart5_tx                            0x20000768   Data          96  main.o(.bss)
    pFlash                                   0x200007c8   Data          32  stm32f4xx_hal_flash.o(.bss)
    __libspace_start                         0x200007e8   Data          96  libspace.o(.bss)
    __temporary_stack_top$libspace           0x20000848   Data           0  libspace.o(.bss)



==============================================================================

Memory Map of the image

  Image Entry point : 0x08000189

  Load Region LR_IROM1 (Base: 0x08000000, Size: 0x00006b68, Max: 0x00100000, ABSOLUTE, COMPRESSED[0x00006a54])

    Execution Region ER_IROM1 (Exec base: 0x08000000, Load base: 0x08000000, Size: 0x000069d8, Max: 0x00100000, ABSOLUTE)

    Exec Addr    Load Addr    Size         Type   Attr      Idx    E Section Name        Object

    0x08000000   0x08000000   0x00000188   Data   RO            3    RESET               startup_stm32f407xx.o
    0x08000188   0x08000188   0x00000008   Code   RO         3389  * !!!main             c_w.l(__main.o)
    0x08000190   0x08000190   0x00000034   Code   RO         3685    !!!scatter          c_w.l(__scatter.o)
    0x080001c4   0x080001c4   0x0000005a   Code   RO         3683    !!dczerorl2         c_w.l(__dczerorl2.o)
    0x0800021e   0x0800021e   0x00000002   PAD
    0x08000220   0x08000220   0x0000001c   Code   RO         3687    !!handler_zi        c_w.l(__scatter_zi.o)
    0x0800023c   0x0800023c   0x00000002   Code   RO         3552    .ARM.Collect$$libinit$$00000000  c_w.l(libinit.o)
    0x0800023e   0x0800023e   0x00000004   Code   RO         3563    .ARM.Collect$$libinit$$00000001  c_w.l(libinit2.o)
    0x08000242   0x08000242   0x00000000   Code   RO         3566    .ARM.Collect$$libinit$$00000004  c_w.l(libinit2.o)
    0x08000242   0x08000242   0x00000000   Code   RO         3569    .ARM.Collect$$libinit$$0000000A  c_w.l(libinit2.o)
    0x08000242   0x08000242   0x00000000   Code   RO         3571    .ARM.Collect$$libinit$$0000000C  c_w.l(libinit2.o)
    0x08000242   0x08000242   0x00000000   Code   RO         3573    .ARM.Collect$$libinit$$0000000E  c_w.l(libinit2.o)
    0x08000242   0x08000242   0x00000000   Code   RO         3576    .ARM.Collect$$libinit$$00000011  c_w.l(libinit2.o)
    0x08000242   0x08000242   0x00000000   Code   RO         3578    .ARM.Collect$$libinit$$00000013  c_w.l(libinit2.o)
    0x08000242   0x08000242   0x00000000   Code   RO         3580    .ARM.Collect$$libinit$$00000015  c_w.l(libinit2.o)
    0x08000242   0x08000242   0x00000000   Code   RO         3582    .ARM.Collect$$libinit$$00000017  c_w.l(libinit2.o)
    0x08000242   0x08000242   0x00000000   Code   RO         3584    .ARM.Collect$$libinit$$00000019  c_w.l(libinit2.o)
    0x08000242   0x08000242   0x00000000   Code   RO         3586    .ARM.Collect$$libinit$$0000001B  c_w.l(libinit2.o)
    0x08000242   0x08000242   0x00000000   Code   RO         3588    .ARM.Collect$$libinit$$0000001D  c_w.l(libinit2.o)
    0x08000242   0x08000242   0x00000000   Code   RO         3590    .ARM.Collect$$libinit$$0000001F  c_w.l(libinit2.o)
    0x08000242   0x08000242   0x00000000   Code   RO         3592    .ARM.Collect$$libinit$$00000021  c_w.l(libinit2.o)
    0x08000242   0x08000242   0x00000000   Code   RO         3594    .ARM.Collect$$libinit$$00000023  c_w.l(libinit2.o)
    0x08000242   0x08000242   0x00000000   Code   RO         3596    .ARM.Collect$$libinit$$00000025  c_w.l(libinit2.o)
    0x08000242   0x08000242   0x00000000   Code   RO         3600    .ARM.Collect$$libinit$$0000002C  c_w.l(libinit2.o)
    0x08000242   0x08000242   0x00000000   Code   RO         3602    .ARM.Collect$$libinit$$0000002E  c_w.l(libinit2.o)
    0x08000242   0x08000242   0x00000000   Code   RO         3604    .ARM.Collect$$libinit$$00000030  c_w.l(libinit2.o)
    0x08000242   0x08000242   0x00000000   Code   RO         3606    .ARM.Collect$$libinit$$00000032  c_w.l(libinit2.o)
    0x08000242   0x08000242   0x00000002   Code   RO         3607    .ARM.Collect$$libinit$$00000033  c_w.l(libinit2.o)
    0x08000244   0x08000244   0x00000002   Code   RO         3640    .ARM.Collect$$libshutdown$$00000000  c_w.l(libshutdown.o)
    0x08000246   0x08000246   0x00000000   Code   RO         3666    .ARM.Collect$$libshutdown$$00000002  c_w.l(libshutdown2.o)
    0x08000246   0x08000246   0x00000000   Code   RO         3668    .ARM.Collect$$libshutdown$$00000004  c_w.l(libshutdown2.o)
    0x08000246   0x08000246   0x00000000   Code   RO         3671    .ARM.Collect$$libshutdown$$00000007  c_w.l(libshutdown2.o)
    0x08000246   0x08000246   0x00000000   Code   RO         3674    .ARM.Collect$$libshutdown$$0000000A  c_w.l(libshutdown2.o)
    0x08000246   0x08000246   0x00000000   Code   RO         3676    .ARM.Collect$$libshutdown$$0000000C  c_w.l(libshutdown2.o)
    0x08000246   0x08000246   0x00000000   Code   RO         3679    .ARM.Collect$$libshutdown$$0000000F  c_w.l(libshutdown2.o)
    0x08000246   0x08000246   0x00000002   Code   RO         3680    .ARM.Collect$$libshutdown$$00000010  c_w.l(libshutdown2.o)
    0x08000248   0x08000248   0x00000000   Code   RO         3445    .ARM.Collect$$rtentry$$00000000  c_w.l(__rtentry.o)
    0x08000248   0x08000248   0x00000000   Code   RO         3507    .ARM.Collect$$rtentry$$00000002  c_w.l(__rtentry2.o)
    0x08000248   0x08000248   0x00000006   Code   RO         3519    .ARM.Collect$$rtentry$$00000004  c_w.l(__rtentry4.o)
    0x0800024e   0x0800024e   0x00000000   Code   RO         3509    .ARM.Collect$$rtentry$$00000009  c_w.l(__rtentry2.o)
    0x0800024e   0x0800024e   0x00000004   Code   RO         3510    .ARM.Collect$$rtentry$$0000000A  c_w.l(__rtentry2.o)
    0x08000252   0x08000252   0x00000000   Code   RO         3512    .ARM.Collect$$rtentry$$0000000C  c_w.l(__rtentry2.o)
    0x08000252   0x08000252   0x00000008   Code   RO         3513    .ARM.Collect$$rtentry$$0000000D  c_w.l(__rtentry2.o)
    0x0800025a   0x0800025a   0x00000002   Code   RO         3555    .ARM.Collect$$rtexit$$00000000  c_w.l(rtexit.o)
    0x0800025c   0x0800025c   0x00000000   Code   RO         3613    .ARM.Collect$$rtexit$$00000002  c_w.l(rtexit2.o)
    0x0800025c   0x0800025c   0x00000004   Code   RO         3614    .ARM.Collect$$rtexit$$00000003  c_w.l(rtexit2.o)
    0x08000260   0x08000260   0x00000006   Code   RO         3615    .ARM.Collect$$rtexit$$00000004  c_w.l(rtexit2.o)
    0x08000266   0x08000266   0x00000002   PAD
    0x08000268   0x08000268   0x00000040   Code   RO            4    .text               startup_stm32f407xx.o
    0x080002a8   0x080002a8   0x000000ee   Code   RO         3381    .text               c_w.l(lludivv7m.o)
    0x08000396   0x08000396   0x0000004e   Code   RO         3385    .text               c_w.l(rt_memclr_w.o)
    0x080003e4   0x080003e4   0x00000006   Code   RO         3387    .text               c_w.l(heapauxi.o)
    0x080003ea   0x080003ea   0x00000016   Code   RO         3450    .text               c_w.l(_rserrno.o)
    0x08000400   0x08000400   0x00000008   Code   RO         3526    .text               c_w.l(rt_errno_addr_intlibspace.o)
    0x08000408   0x08000408   0x00000008   Code   RO         3536    .text               c_w.l(libspace.o)
    0x08000410   0x08000410   0x0000004a   Code   RO         3539    .text               c_w.l(sys_stackheap_outer.o)
    0x0800045a   0x0800045a   0x00000012   Code   RO         3541    .text               c_w.l(exit.o)
    0x0800046c   0x0800046c   0x0000000c   Code   RO         3610    .text               c_w.l(sys_exit.o)
    0x08000478   0x08000478   0x00000002   Code   RO         3629    .text               c_w.l(use_no_semi.o)
    0x0800047a   0x0800047a   0x00000000   Code   RO         3631    .text               c_w.l(indicate_semi.o)
    0x0800047a   0x0800047a   0x0000006e   Code   RO          604    i.ADC_DMAConvCplt   stm32f4xx_hal_adc.o
    0x080004e8   0x080004e8   0x00000016   Code   RO          605    i.ADC_DMAError      stm32f4xx_hal_adc.o
    0x080004fe   0x080004fe   0x0000000a   Code   RO          606    i.ADC_DMAHalfConvCplt  stm32f4xx_hal_adc.o
    0x08000508   0x08000508   0x00000128   Code   RO          607    i.ADC_Init          stm32f4xx_hal_adc.o
    0x08000630   0x08000630   0x00000002   Code   RO          328    i.BusFault_Handler  stm32f4xx_it.o
    0x08000632   0x08000632   0x00000002   PAD
    0x08000634   0x08000634   0x0000000c   Code   RO          329    i.DMA1_Stream0_IRQHandler  stm32f4xx_it.o
    0x08000640   0x08000640   0x0000000c   Code   RO          330    i.DMA1_Stream7_IRQHandler  stm32f4xx_it.o
    0x0800064c   0x0800064c   0x0000000c   Code   RO          331    i.DMA2_Stream0_IRQHandler  stm32f4xx_it.o
    0x08000658   0x08000658   0x00000028   Code   RO         1341    i.DMA_CalcBaseAndBitshift  stm32f4xx_hal_dma.o
    0x08000680   0x08000680   0x00000054   Code   RO         1342    i.DMA_CheckFifoParam  stm32f4xx_hal_dma.o
    0x080006d4   0x080006d4   0x00000028   Code   RO         1343    i.DMA_SetConfig     stm32f4xx_hal_dma.o
    0x080006fc   0x080006fc   0x000000cc   Code   RO           13    i.Debug             main.o
    0x080007c8   0x080007c8   0x00000002   Code   RO          332    i.DebugMon_Handler  stm32f4xx_it.o
    0x080007ca   0x080007ca   0x00000002   PAD
    0x080007cc   0x080007cc   0x00000028   Code   RO          333    i.EXTI9_5_IRQHandler  stm32f4xx_it.o
    0x080007f4   0x080007f4   0x00000004   Code   RO           14    i.Error_Handler     main.o
    0x080007f8   0x080007f8   0x00000050   Code   RO         1156    i.FLASH_Erase_Sector  stm32f4xx_hal_flash_ex.o
    0x08000848   0x08000848   0x00000020   Code   RO         1038    i.FLASH_Program_Byte  stm32f4xx_hal_flash.o
    0x08000868   0x08000868   0x0000002c   Code   RO         1039    i.FLASH_Program_DoubleWord  stm32f4xx_hal_flash.o
    0x08000894   0x08000894   0x00000024   Code   RO         1040    i.FLASH_Program_HalfWord  stm32f4xx_hal_flash.o
    0x080008b8   0x080008b8   0x00000024   Code   RO         1041    i.FLASH_Program_Word  stm32f4xx_hal_flash.o
    0x080008dc   0x080008dc   0x00000068   Code   RO         1042    i.FLASH_SetErrorCode  stm32f4xx_hal_flash.o
    0x08000944   0x08000944   0x00000050   Code   RO         1043    i.FLASH_WaitForLastOperation  stm32f4xx_hal_flash.o
    0x08000994   0x08000994   0x0000014c   Code   RO          609    i.HAL_ADC_ConfigChannel  stm32f4xx_hal_adc.o
    0x08000ae0   0x08000ae0   0x00000002   Code   RO          610    i.HAL_ADC_ConvCpltCallback  stm32f4xx_hal_adc.o
    0x08000ae2   0x08000ae2   0x00000002   Code   RO          611    i.HAL_ADC_ConvHalfCpltCallback  stm32f4xx_hal_adc.o
    0x08000ae4   0x08000ae4   0x00000002   Code   RO          613    i.HAL_ADC_ErrorCallback  stm32f4xx_hal_adc.o
    0x08000ae6   0x08000ae6   0x00000054   Code   RO          618    i.HAL_ADC_Init      stm32f4xx_hal_adc.o
    0x08000b3a   0x08000b3a   0x00000002   PAD
    0x08000b3c   0x08000b3c   0x00000098   Code   RO          459    i.HAL_ADC_MspInit   stm32f4xx_hal_msp.o
    0x08000bd4   0x08000bd4   0x000000fc   Code   RO          624    i.HAL_ADC_Start     stm32f4xx_hal_adc.o
    0x08000cd0   0x08000cd0   0x00000154   Code   RO          625    i.HAL_ADC_Start_DMA  stm32f4xx_hal_adc.o
    0x08000e24   0x08000e24   0x00000092   Code   RO         1344    i.HAL_DMA_Abort     stm32f4xx_hal_dma.o
    0x08000eb6   0x08000eb6   0x00000024   Code   RO         1345    i.HAL_DMA_Abort_IT  stm32f4xx_hal_dma.o
    0x08000eda   0x08000eda   0x00000002   PAD
    0x08000edc   0x08000edc   0x000001a0   Code   RO         1349    i.HAL_DMA_IRQHandler  stm32f4xx_hal_dma.o
    0x0800107c   0x0800107c   0x000000d4   Code   RO         1350    i.HAL_DMA_Init      stm32f4xx_hal_dma.o
    0x08001150   0x08001150   0x0000006e   Code   RO         1354    i.HAL_DMA_Start_IT  stm32f4xx_hal_dma.o
    0x080011be   0x080011be   0x00000002   PAD
    0x080011c0   0x080011c0   0x00000024   Code   RO         1763    i.HAL_Delay         stm32f4xx_hal.o
    0x080011e4   0x080011e4   0x00000014   Code   RO         1047    i.HAL_FLASH_Lock    stm32f4xx_hal_flash.o
    0x080011f8   0x080011f8   0x0000007c   Code   RO         1052    i.HAL_FLASH_Program  stm32f4xx_hal_flash.o
    0x08001274   0x08001274   0x0000002c   Code   RO         1054    i.HAL_FLASH_Unlock  stm32f4xx_hal_flash.o
    0x080012a0   0x080012a0   0x00000002   Code   RO         1235    i.HAL_GPIO_EXTI_Callback  stm32f4xx_hal_gpio.o
    0x080012a2   0x080012a2   0x00000002   PAD
    0x080012a4   0x080012a4   0x00000018   Code   RO         1236    i.HAL_GPIO_EXTI_IRQHandler  stm32f4xx_hal_gpio.o
    0x080012bc   0x080012bc   0x000001f0   Code   RO         1237    i.HAL_GPIO_Init     stm32f4xx_hal_gpio.o
    0x080014ac   0x080014ac   0x0000000a   Code   RO         1239    i.HAL_GPIO_ReadPin  stm32f4xx_hal_gpio.o
    0x080014b6   0x080014b6   0x0000000a   Code   RO         1241    i.HAL_GPIO_WritePin  stm32f4xx_hal_gpio.o
    0x080014c0   0x080014c0   0x0000000c   Code   RO         1769    i.HAL_GetTick       stm32f4xx_hal.o
    0x080014cc   0x080014cc   0x00000010   Code   RO         1775    i.HAL_IncTick       stm32f4xx_hal.o
    0x080014dc   0x080014dc   0x00000034   Code   RO         1776    i.HAL_Init          stm32f4xx_hal.o
    0x08001510   0x08001510   0x00000040   Code   RO         1777    i.HAL_InitTick      stm32f4xx_hal.o
    0x08001550   0x08001550   0x00000030   Code   RO          460    i.HAL_MspInit       stm32f4xx_hal_msp.o
    0x08001580   0x08001580   0x0000001a   Code   RO         1626    i.HAL_NVIC_EnableIRQ  stm32f4xx_hal_cortex.o
    0x0800159a   0x0800159a   0x00000002   PAD
    0x0800159c   0x0800159c   0x00000040   Code   RO         1632    i.HAL_NVIC_SetPriority  stm32f4xx_hal_cortex.o
    0x080015dc   0x080015dc   0x00000024   Code   RO         1633    i.HAL_NVIC_SetPriorityGrouping  stm32f4xx_hal_cortex.o
    0x08001600   0x08001600   0x00000134   Code   RO          883    i.HAL_RCC_ClockConfig  stm32f4xx_hal_rcc.o
    0x08001734   0x08001734   0x00000020   Code   RO          890    i.HAL_RCC_GetPCLK1Freq  stm32f4xx_hal_rcc.o
    0x08001754   0x08001754   0x00000020   Code   RO          891    i.HAL_RCC_GetPCLK2Freq  stm32f4xx_hal_rcc.o
    0x08001774   0x08001774   0x00000060   Code   RO          892    i.HAL_RCC_GetSysClockFreq  stm32f4xx_hal_rcc.o
    0x080017d4   0x080017d4   0x0000036c   Code   RO          895    i.HAL_RCC_OscConfig  stm32f4xx_hal_rcc.o
    0x08001b40   0x08001b40   0x00000028   Code   RO         1637    i.HAL_SYSTICK_Config  stm32f4xx_hal_cortex.o
    0x08001b68   0x08001b68   0x00000002   Code   RO         2720    i.HAL_TIMEx_BreakCallback  stm32f4xx_hal_tim_ex.o
    0x08001b6a   0x08001b6a   0x00000002   Code   RO         2721    i.HAL_TIMEx_CommutCallback  stm32f4xx_hal_tim_ex.o
    0x08001b6c   0x08001b6c   0x00000090   Code   RO         2739    i.HAL_TIMEx_MasterConfigSynchronization  stm32f4xx_hal_tim_ex.o
    0x08001bfc   0x08001bfc   0x0000005a   Code   RO         2016    i.HAL_TIM_Base_Init  stm32f4xx_hal_tim.o
    0x08001c56   0x08001c56   0x00000002   PAD
    0x08001c58   0x08001c58   0x00000100   Code   RO          462    i.HAL_TIM_Base_MspInit  stm32f4xx_hal_msp.o
    0x08001d58   0x08001d58   0x00000080   Code   RO         2021    i.HAL_TIM_Base_Start_IT  stm32f4xx_hal_tim.o
    0x08001dd8   0x08001dd8   0x00000030   Code   RO         2024    i.HAL_TIM_Base_Stop_IT  stm32f4xx_hal_tim.o
    0x08001e08   0x08001e08   0x000000dc   Code   RO         2025    i.HAL_TIM_ConfigClockSource  stm32f4xx_hal_tim.o
    0x08001ee4   0x08001ee4   0x00000002   Code   RO         2050    i.HAL_TIM_IC_CaptureCallback  stm32f4xx_hal_tim.o
    0x08001ee6   0x08001ee6   0x00000002   PAD
    0x08001ee8   0x08001ee8   0x0000010c   Code   RO         2060    i.HAL_TIM_IC_Start_IT  stm32f4xx_hal_tim.o
    0x08001ff4   0x08001ff4   0x00000166   Code   RO         2064    i.HAL_TIM_IRQHandler  stm32f4xx_hal_tim.o
    0x0800215a   0x0800215a   0x00000002   PAD
    0x0800215c   0x0800215c   0x000000a4   Code   RO          463    i.HAL_TIM_MspPostInit  stm32f4xx_hal_msp.o
    0x08002200   0x08002200   0x00000002   Code   RO         2067    i.HAL_TIM_OC_DelayElapsedCallback  stm32f4xx_hal_tim.o
    0x08002202   0x08002202   0x000000cc   Code   RO         2088    i.HAL_TIM_PWM_ConfigChannel  stm32f4xx_hal_tim.o
    0x080022ce   0x080022ce   0x0000005a   Code   RO         2091    i.HAL_TIM_PWM_Init  stm32f4xx_hal_tim.o
    0x08002328   0x08002328   0x00000028   Code   RO          465    i.HAL_TIM_PWM_MspInit  stm32f4xx_hal_msp.o
    0x08002350   0x08002350   0x00000002   Code   RO         2094    i.HAL_TIM_PWM_PulseFinishedCallback  stm32f4xx_hal_tim.o
    0x08002352   0x08002352   0x00000002   PAD
    0x08002354   0x08002354   0x000000f4   Code   RO         2098    i.HAL_TIM_PWM_Start_IT  stm32f4xx_hal_tim.o
    0x08002448   0x08002448   0x000000bc   Code   RO         2101    i.HAL_TIM_PWM_Stop_IT  stm32f4xx_hal_tim.o
    0x08002504   0x08002504   0x0000010c   Code   RO           15    i.HAL_TIM_PeriodElapsedCallback  main.o
    0x08002610   0x08002610   0x00000002   Code   RO         2107    i.HAL_TIM_TriggerCallback  stm32f4xx_hal_tim.o
    0x08002612   0x08002612   0x00000056   Code   RO         2996    i.HAL_UARTEx_ReceiveToIdle_DMA  stm32f4xx_hal_uart.o
    0x08002668   0x08002668   0x000002cc   Code   RO           16    i.HAL_UARTEx_RxEventCallback  main.o
    0x08002934   0x08002934   0x00000002   Code   RO         3012    i.HAL_UART_ErrorCallback  stm32f4xx_hal_uart.o
    0x08002936   0x08002936   0x00000002   PAD
    0x08002938   0x08002938   0x00000268   Code   RO         3015    i.HAL_UART_IRQHandler  stm32f4xx_hal_uart.o
    0x08002ba0   0x08002ba0   0x00000062   Code   RO         3016    i.HAL_UART_Init     stm32f4xx_hal_uart.o
    0x08002c02   0x08002c02   0x00000002   PAD
    0x08002c04   0x08002c04   0x00000110   Code   RO          467    i.HAL_UART_MspInit  stm32f4xx_hal_msp.o
    0x08002d14   0x08002d14   0x00000002   Code   RO         3022    i.HAL_UART_RxCpltCallback  stm32f4xx_hal_uart.o
    0x08002d16   0x08002d16   0x00000002   Code   RO         3023    i.HAL_UART_RxHalfCpltCallback  stm32f4xx_hal_uart.o
    0x08002d18   0x08002d18   0x0000008c   Code   RO         3025    i.HAL_UART_Transmit_DMA  stm32f4xx_hal_uart.o
    0x08002da4   0x08002da4   0x0000001c   Code   RO           17    i.HAL_UART_TxCpltCallback  main.o
    0x08002dc0   0x08002dc0   0x00000002   Code   RO         3028    i.HAL_UART_TxHalfCpltCallback  stm32f4xx_hal_uart.o
    0x08002dc2   0x08002dc2   0x00000002   Code   RO          334    i.HardFault_Handler  stm32f4xx_it.o
    0x08002dc4   0x08002dc4   0x00000094   Code   RO           18    i.MX_ADC1_Init      main.o
    0x08002e58   0x08002e58   0x0000005c   Code   RO           19    i.MX_DMA_Init       main.o
    0x08002eb4   0x08002eb4   0x00000168   Code   RO           20    i.MX_GPIO_Init      main.o
    0x0800301c   0x0800301c   0x0000006c   Code   RO           21    i.MX_TIM1_Init      main.o
    0x08003088   0x08003088   0x000000a8   Code   RO           22    i.MX_TIM2_Init      main.o
    0x08003130   0x08003130   0x00000080   Code   RO           23    i.MX_TIM3_Init      main.o
    0x080031b0   0x080031b0   0x00000068   Code   RO           24    i.MX_TIM4_Init      main.o
    0x08003218   0x08003218   0x00000068   Code   RO           25    i.MX_TIM5_Init      main.o
    0x08003280   0x08003280   0x00000050   Code   RO           26    i.MX_TIM9_Init      main.o
    0x080032d0   0x080032d0   0x00000002   Code   RO          335    i.MemManage_Handler  stm32f4xx_it.o
    0x080032d2   0x080032d2   0x00000002   Code   RO          336    i.NMI_Handler       stm32f4xx_it.o
    0x080032d4   0x080032d4   0x00000100   Code   RO           27    i.PID_control_temperature1  main.o
    0x080033d4   0x080033d4   0x00000002   Code   RO          337    i.PendSV_Handler    stm32f4xx_it.o
    0x080033d6   0x080033d6   0x00000002   PAD
    0x080033d8   0x080033d8   0x00000248   Code   RO           29    i.Pha_cafe          main.o
    0x08003620   0x08003620   0x00000002   Code   RO          338    i.SVC_Handler       stm32f4xx_it.o
    0x08003622   0x08003622   0x00000004   Code   RO          339    i.SysTick_Handler   stm32f4xx_it.o
    0x08003626   0x08003626   0x00000002   PAD
    0x08003628   0x08003628   0x00000094   Code   RO           30    i.SystemClock_Config  main.o
    0x080036bc   0x080036bc   0x00000010   Code   RO         3345    i.SystemInit        system_stm32f4xx.o
    0x080036cc   0x080036cc   0x0000000c   Code   RO          340    i.TIM2_IRQHandler   stm32f4xx_it.o
    0x080036d8   0x080036d8   0x0000000c   Code   RO          341    i.TIM4_IRQHandler   stm32f4xx_it.o
    0x080036e4   0x080036e4   0x0000000c   Code   RO          342    i.TIM5_IRQHandler   stm32f4xx_it.o
    0x080036f0   0x080036f0   0x0000000c   Code   RO          343    i.TIM6_DAC_IRQHandler  stm32f4xx_it.o
    0x080036fc   0x080036fc   0x000000c8   Code   RO         2109    i.TIM_Base_SetConfig  stm32f4xx_hal_tim.o
    0x080037c4   0x080037c4   0x0000001a   Code   RO         2110    i.TIM_CCxChannelCmd  stm32f4xx_hal_tim.o
    0x080037de   0x080037de   0x00000014   Code   RO         2120    i.TIM_ETR_SetConfig  stm32f4xx_hal_tim.o
    0x080037f2   0x080037f2   0x00000010   Code   RO         2121    i.TIM_ITRx_SetConfig  stm32f4xx_hal_tim.o
    0x08003802   0x08003802   0x00000002   PAD
    0x08003804   0x08003804   0x00000060   Code   RO         2122    i.TIM_OC1_SetConfig  stm32f4xx_hal_tim.o
    0x08003864   0x08003864   0x0000006c   Code   RO         2123    i.TIM_OC2_SetConfig  stm32f4xx_hal_tim.o
    0x080038d0   0x080038d0   0x00000068   Code   RO         2124    i.TIM_OC3_SetConfig  stm32f4xx_hal_tim.o
    0x08003938   0x08003938   0x00000050   Code   RO         2125    i.TIM_OC4_SetConfig  stm32f4xx_hal_tim.o
    0x08003988   0x08003988   0x00000022   Code   RO         2127    i.TIM_TI1_ConfigInputStage  stm32f4xx_hal_tim.o
    0x080039aa   0x080039aa   0x00000024   Code   RO         2129    i.TIM_TI2_ConfigInputStage  stm32f4xx_hal_tim.o
    0x080039ce   0x080039ce   0x00000002   PAD
    0x080039d0   0x080039d0   0x0000000c   Code   RO          344    i.UART5_IRQHandler  stm32f4xx_it.o
    0x080039dc   0x080039dc   0x00000010   Code   RO         3029    i.UART_DMAAbortOnError  stm32f4xx_hal_uart.o
    0x080039ec   0x080039ec   0x0000004a   Code   RO         3030    i.UART_DMAError     stm32f4xx_hal_uart.o
    0x08003a36   0x08003a36   0x00000082   Code   RO         3031    i.UART_DMAReceiveCplt  stm32f4xx_hal_uart.o
    0x08003ab8   0x08003ab8   0x0000001a   Code   RO         3033    i.UART_DMARxHalfCplt  stm32f4xx_hal_uart.o
    0x08003ad2   0x08003ad2   0x00000042   Code   RO         3035    i.UART_DMATransmitCplt  stm32f4xx_hal_uart.o
    0x08003b14   0x08003b14   0x0000000a   Code   RO         3037    i.UART_DMATxHalfCplt  stm32f4xx_hal_uart.o
    0x08003b1e   0x08003b1e   0x0000004e   Code   RO         3039    i.UART_EndRxTransfer  stm32f4xx_hal_uart.o
    0x08003b6c   0x08003b6c   0x0000001c   Code   RO         3040    i.UART_EndTxTransfer  stm32f4xx_hal_uart.o
    0x08003b88   0x08003b88   0x000000c0   Code   RO         3041    i.UART_Receive_IT   stm32f4xx_hal_uart.o
    0x08003c48   0x08003c48   0x0000010c   Code   RO         3042    i.UART_SetConfig    stm32f4xx_hal_uart.o
    0x08003d54   0x08003d54   0x00000094   Code   RO         3043    i.UART_Start_Receive_DMA  stm32f4xx_hal_uart.o
    0x08003de8   0x08003de8   0x00000002   Code   RO          345    i.UsageFault_Handler  stm32f4xx_it.o
    0x08003dea   0x08003dea   0x00000002   PAD
    0x08003dec   0x08003dec   0x000002c0   Code   RO           31    i.VesinhMay         main.o
    0x080040ac   0x080040ac   0x00000030   Code   RO         3489    i.__ARM_fpclassify  m_wm.l(fpclassify.o)
    0x080040dc   0x080040dc   0x00000020   Code   RO         1639    i.__NVIC_SetPriority  stm32f4xx_hal_cortex.o
    0x080040fc   0x080040fc   0x00000004   PAD
    0x08004100   0x08004100   0x000003c4   Code   RO         3417    i.__hardfp_log      m_wm.l(log.o)
    0x080044c4   0x080044c4   0x00000004   PAD
    0x080044c8   0x080044c8   0x00000c50   Code   RO         3431    i.__hardfp_pow      m_wm.l(pow.o)
    0x08005118   0x08005118   0x000000f8   Code   RO         3491    i.__kernel_poly     m_wm.l(poly.o)
    0x08005210   0x08005210   0x00000030   Code   RO         3469    i.__mathlib_dbl_divzero  m_wm.l(dunder.o)
    0x08005240   0x08005240   0x00000014   Code   RO         3470    i.__mathlib_dbl_infnan  m_wm.l(dunder.o)
    0x08005254   0x08005254   0x00000014   Code   RO         3471    i.__mathlib_dbl_infnan2  m_wm.l(dunder.o)
    0x08005268   0x08005268   0x00000020   Code   RO         3472    i.__mathlib_dbl_invalid  m_wm.l(dunder.o)
    0x08005288   0x08005288   0x00000020   Code   RO         3473    i.__mathlib_dbl_overflow  m_wm.l(dunder.o)
    0x080052a8   0x080052a8   0x00000020   Code   RO         3475    i.__mathlib_dbl_underflow  m_wm.l(dunder.o)
    0x080052c8   0x080052c8   0x00000018   Code   RO         3485    i.fabs              m_wm.l(fabs.o)
    0x080052e0   0x080052e0   0x00000198   Code   RO           33    i.main              main.o
    0x08005478   0x08005478   0x00000154   Code   RO           34    i.read_Temp_boiler  main.o
    0x080055cc   0x080055cc   0x000000bc   Code   RO           35    i.read_pressure     main.o
    0x08005688   0x08005688   0x00000158   Code   RO           36    i.read_temp_coi     main.o
    0x080057e0   0x080057e0   0x00000264   Code   RO           37    i.send_data         main.o
    0x08005a44   0x08005a44   0x0000006e   Code   RO         3496    i.sqrt              m_wm.l(sqrt.o)
    0x08005ab2   0x08005ab2   0x00000018   Code   RO         3452    x$fpl$basic         fz_wm.l(basic.o)
    0x08005aca   0x08005aca   0x00000002   PAD
    0x08005acc   0x08005acc   0x00000062   Code   RO         3391    x$fpl$d2f           fz_wm.l(d2f.o)
    0x08005b2e   0x08005b2e   0x00000002   PAD
    0x08005b30   0x08005b30   0x00000150   Code   RO         3393    x$fpl$dadd          fz_wm.l(daddsub_clz.o)
    0x08005c80   0x08005c80   0x00000010   Code   RO         3528    x$fpl$dcheck1       fz_wm.l(dcheck1.o)
    0x08005c90   0x08005c90   0x00000018   Code   RO         3530    x$fpl$dcmpinf       fz_wm.l(dcmpi.o)
    0x08005ca8   0x08005ca8   0x000002b0   Code   RO         3400    x$fpl$ddiv          fz_wm.l(ddiv.o)
    0x08005f58   0x08005f58   0x00000078   Code   RO         3454    x$fpl$deqf          fz_wm.l(deqf.o)
    0x08005fd0   0x08005fd0   0x0000005e   Code   RO         3403    x$fpl$dfix          fz_wm.l(dfix.o)
    0x0800602e   0x0800602e   0x0000002e   Code   RO         3408    x$fpl$dflt          fz_wm.l(dflt_clz.o)
    0x0800605c   0x0800605c   0x00000026   Code   RO         3407    x$fpl$dfltu         fz_wm.l(dflt_clz.o)
    0x08006082   0x08006082   0x00000002   PAD
    0x08006084   0x08006084   0x00000078   Code   RO         3532    x$fpl$dleqf         fz_wm.l(dleqf.o)
    0x080060fc   0x080060fc   0x00000154   Code   RO         3413    x$fpl$dmul          fz_wm.l(dmul.o)
    0x08006250   0x08006250   0x0000009c   Code   RO         3456    x$fpl$dnaninf       fz_wm.l(dnaninf.o)
    0x080062ec   0x080062ec   0x0000000c   Code   RO         3458    x$fpl$dretinf       fz_wm.l(dretinf.o)
    0x080062f8   0x080062f8   0x0000006c   Code   RO         3460    x$fpl$drleqf        fz_wm.l(drleqf.o)
    0x08006364   0x08006364   0x00000016   Code   RO         3394    x$fpl$drsb          fz_wm.l(daddsub_clz.o)
    0x0800637a   0x0800637a   0x00000002   PAD
    0x0800637c   0x0800637c   0x00000198   Code   RO         3534    x$fpl$dsqrt         fz_wm.l(dsqrt_umaal.o)
    0x08006514   0x08006514   0x000001d4   Code   RO         3395    x$fpl$dsub          fz_wm.l(daddsub_clz.o)
    0x080066e8   0x080066e8   0x00000056   Code   RO         3415    x$fpl$f2d           fz_wm.l(f2d.o)
    0x0800673e   0x0800673e   0x0000008c   Code   RO         3462    x$fpl$fnaninf       fz_wm.l(fnaninf.o)
    0x080067ca   0x080067ca   0x0000000a   Code   RO         3625    x$fpl$fpinit        fz_wm.l(fpinit.o)
    0x080067d4   0x080067d4   0x0000000a   Code   RO         3464    x$fpl$fretinf       fz_wm.l(fretinf.o)
    0x080067de   0x080067de   0x00000064   Code   RO         3553    x$fpl$retnan        fz_wm.l(retnan.o)
    0x08006842   0x08006842   0x0000005c   Code   RO         3466    x$fpl$scalbn        fz_wm.l(scalbn.o)
    0x0800689e   0x0800689e   0x00000030   Code   RO         3608    x$fpl$trapveneer    fz_wm.l(trapv.o)
    0x080068ce   0x080068ce   0x00000000   Code   RO         3468    x$fpl$usenofp       fz_wm.l(usenofp.o)
    0x080068ce   0x080068ce   0x00000008   Data   RO         1356    .constdata          stm32f4xx_hal_dma.o
    0x080068d6   0x080068d6   0x00000010   Data   RO         3346    .constdata          system_stm32f4xx.o
    0x080068e6   0x080068e6   0x00000008   Data   RO         3347    .constdata          system_stm32f4xx.o
    0x080068ee   0x080068ee   0x00000002   PAD
    0x080068f0   0x080068f0   0x00000038   Data   RO         3420    .constdata          m_wm.l(log.o)
    0x08006928   0x08006928   0x00000088   Data   RO         3434    .constdata          m_wm.l(pow.o)
    0x080069b0   0x080069b0   0x00000008   Data   RO         3493    .constdata          m_wm.l(qnan.o)
    0x080069b8   0x080069b8   0x00000020   Data   RO         3681    Region$$Table       anon$$obj.o


    Execution Region RW_IRAM1 (Exec base: 0x20000000, Load base: 0x080069d8, Size: 0x00000e48, Max: 0x0001c000, ABSOLUTE, COMPRESSED[0x0000007c])

    Exec Addr    Load Addr    Size         Type   Attr      Idx    E Section Name        Object

    0x20000000   COMPRESSED   0x00000180   Data   RW           48    .data               main.o
    0x20000180   COMPRESSED   0x0000000c   Data   RW         1783    .data               stm32f4xx_hal.o
    0x2000018c   COMPRESSED   0x00000004   Data   RW         3348    .data               system_stm32f4xx.o
    0x20000190        -       0x00000516   Zero   RW           38    .bss                main.o
    0x200006a6   COMPRESSED   0x00000002   PAD
    0x200006a8        -       0x00000060   Zero   RW           39    .bss                main.o
    0x20000708        -       0x00000060   Zero   RW           40    .bss                main.o
    0x20000768        -       0x00000060   Zero   RW           41    .bss                main.o
    0x200007c8        -       0x00000020   Zero   RW         1055    .bss                stm32f4xx_hal_flash.o
    0x200007e8        -       0x00000060   Zero   RW         3537    .bss                c_w.l(libspace.o)
    0x20000848        -       0x00000200   Zero   RW            2    HEAP                startup_stm32f407xx.o
    0x20000a48        -       0x00000400   Zero   RW            1    STACK               startup_stm32f407xx.o


    Execution Region RW_IRAM2 (Exec base: 0x2001c000, Load base: 0x08006a54, Size: 0x00000000, Max: 0x00004000, ABSOLUTE)

    **** No section assigned to this execution region ****


==============================================================================

Image component sizes


      Code (inc. data)   RO Data    RW Data    ZI Data      Debug   Object Name

      6096        460          0        384       1590     730001   main.o
        64         26        392          0       1536        856   startup_stm32f407xx.o
       180         28          0         12          0       9497   stm32f4xx_hal.o
      1452         90          0          0          0       8449   stm32f4xx_hal_adc.o
       198         14          0          0          0      34015   stm32f4xx_hal_cortex.o
      1084         16          8          0          0       7446   stm32f4xx_hal_dma.o
       520         66          0          0         32       6714   stm32f4xx_hal_flash.o
        80          6          0          0          0        749   stm32f4xx_hal_flash_ex.o
       542         52          0          0          0       4099   stm32f4xx_hal_gpio.o
       932        112          0          0          0       5074   stm32f4xx_hal_msp.o
      1344         72          0          0          0       5304   stm32f4xx_hal_rcc.o
      2566        174          0          0          0      19310   stm32f4xx_hal_tim.o
       148         28          0          0          0       2497   stm32f4xx_hal_tim_ex.o
      1984         44          0          0          0      15109   stm32f4xx_hal_uart.o
       156         56          0          0          0       8644   stm32f4xx_it.o
        16          4         24          4          0       1163   system_stm32f4xx.o

    ----------------------------------------------------------------------
     17402       1248        458        400       3160     858927   Object Totals
         0          0         32          0          0          0   (incl. Generated)
        40          0          2          0          2          0   (incl. Padding)

    ----------------------------------------------------------------------

      Code (inc. data)   RO Data    RW Data    ZI Data      Debug   Library Member Name

        90          0          0          0          0          0   __dczerorl2.o
         8          0          0          0          0         68   __main.o
         0          0          0          0          0          0   __rtentry.o
        12          0          0          0          0          0   __rtentry2.o
         6          0          0          0          0          0   __rtentry4.o
        52          8          0          0          0          0   __scatter.o
        28          0          0          0          0          0   __scatter_zi.o
        22          0          0          0          0        100   _rserrno.o
        18          0          0          0          0         80   exit.o
         6          0          0          0          0        152   heapauxi.o
         0          0          0          0          0          0   indicate_semi.o
         2          0          0          0          0          0   libinit.o
         6          0          0          0          0          0   libinit2.o
         2          0          0          0          0          0   libshutdown.o
         2          0          0          0          0          0   libshutdown2.o
         8          4          0          0         96         68   libspace.o
       238          0          0          0          0        100   lludivv7m.o
         8          4          0          0          0         68   rt_errno_addr_intlibspace.o
        78          0          0          0          0         80   rt_memclr_w.o
         2          0          0          0          0          0   rtexit.o
        10          0          0          0          0          0   rtexit2.o
        12          4          0          0          0         68   sys_exit.o
        74          0          0          0          0         80   sys_stackheap_outer.o
         2          0          0          0          0         68   use_no_semi.o
        24          0          0          0          0        164   basic.o
        98          4          0          0          0        140   d2f.o
       826         16          0          0          0        492   daddsub_clz.o
        16          4          0          0          0        116   dcheck1.o
        24          0          0          0          0        116   dcmpi.o
       688        140          0          0          0        256   ddiv.o
       120          4          0          0          0        140   deqf.o
        94          4          0          0          0        140   dfix.o
        84          0          0          0          0        232   dflt_clz.o
       120          4          0          0          0        140   dleqf.o
       340         12          0          0          0        152   dmul.o
       156          4          0          0          0        140   dnaninf.o
        12          0          0          0          0        116   dretinf.o
       108          0          0          0          0        128   drleqf.o
       408         56          0          0          0        168   dsqrt_umaal.o
        86          4          0          0          0        132   f2d.o
       140          4          0          0          0        132   fnaninf.o
        10          0          0          0          0        116   fpinit.o
        10          0          0          0          0        116   fretinf.o
       100          0          0          0          0        116   retnan.o
        92          0          0          0          0        116   scalbn.o
        48          0          0          0          0        116   trapv.o
         0          0          0          0          0          0   usenofp.o
       184         44          0          0          0        744   dunder.o
        24          0          0          0          0        124   fabs.o
        48          0          0          0          0        124   fpclassify.o
       964         92         56          0          0        316   log.o
       248          0          0          0          0        152   poly.o
      3152        296        136          0          0        352   pow.o
         0          0          8          0          0          0   qnan.o
       110          0          0          0          0        148   sqrt.o

    ----------------------------------------------------------------------
      9036        712        200          0         96       6376   Library Totals
        16          4          0          0          0          0   (incl. Padding)

    ----------------------------------------------------------------------

      Code (inc. data)   RO Data    RW Data    ZI Data      Debug   Library Name

       686         20          0          0         96        932   c_w.l
      3604        256          0          0          0       3484   fz_wm.l
      4730        432        200          0          0       1960   m_wm.l

    ----------------------------------------------------------------------
      9036        712        200          0         96       6376   Library Totals

    ----------------------------------------------------------------------

==============================================================================


      Code (inc. data)   RO Data    RW Data    ZI Data      Debug   

     26438       1960        658        400       3256     847839   Grand Totals
     26438       1960        658        124       3256     847839   ELF Image Totals (compressed)
     26438       1960        658        124          0          0   ROM Totals

==============================================================================

    Total RO  Size (Code + RO Data)                27096 (  26.46kB)
    Total RW  Size (RW Data + ZI Data)              3656 (   3.57kB)
    Total ROM Size (Code + RO Data + RW Data)      27220 (  26.58kB)

==============================================================================

